Clock: clk
Sources: clk 
Generated: no
Virtual: no
Propagated: no
Period: 100.000000

===========================================================================
report_clock_properties
============================================================================
Clock                   Period          Waveform
----------------------------------------------------
clk                 100.000000    0.000000 50.000000

===========================================================================
report_clock_latency
============================================================================
Clock clk
rise -> rise
    min     max
0.000000 0.000000 source latency
0.128700         network latency CTRL/clk
        0.128700 network latency SMU_Top/clk
---------------
0.128700 0.128700 latency
        0.000000 skew

fall -> fall
    min     max
0.000000 0.000000 source latency
0.064361         network latency CTRL/clk
        0.064361 network latency SMU_Top/clk
---------------
0.064361 0.064361 latency
        0.000000 skew



===========================================================================
report_clock_min_period
============================================================================
clk period_min = 8.68 fmax = 115.20
