
===========================================================================
report_checks -unconstrained
===========================================================================
======================= nom_ss_100C_1v60 Corner ===================================

Startpoint: received[0] (input port clocked by __VIRTUAL_CLK__)
Endpoint: bm_00_10[0] (output port clocked by __VIRTUAL_CLK__)
Path Group: __VIRTUAL_CLK__
Path Type: max

Fanout         Cap        Slew       Delay        Time   Description
---------------------------------------------------------------------------------------------
                      0.000000    0.000000    0.000000   clock __VIRTUAL_CLK__ (rise edge)
                                  0.000000    0.000000   clock network delay (ideal)
                                  2.000000    2.000000 ^ input external delay
     6    0.027576    0.205484    0.139332    2.139332 ^ received[0] (in)
                                                         received[0] (net)
                      0.205484    0.000000    2.139332 ^ _02_/A (sky130_fd_sc_hd__xor2_2)
     4    0.038701    0.758332    0.702985    2.842317 ^ _02_/X (sky130_fd_sc_hd__xor2_2)
                                                         bm_00_00[0] (net)
                      0.758332    0.000000    2.842317 ^ _06_/A (sky130_fd_sc_hd__buf_2)
     1    0.033442    0.274165    0.601828    3.444145 ^ _06_/X (sky130_fd_sc_hd__buf_2)
                                                         bm_00_10[0] (net)
                      0.274165    0.000000    3.444145 ^ bm_00_10[0] (out)
                                              3.444145   data arrival time

                      0.000000   10.000000   10.000000   clock __VIRTUAL_CLK__ (rise edge)
                                  0.000000   10.000000   clock network delay (ideal)
                                 -0.250000    9.750000   clock uncertainty
                                  0.000000    9.750000   clock reconvergence pessimism
                                 -2.000000    7.750000   output external delay
                                              7.750000   data required time
---------------------------------------------------------------------------------------------
                                              7.750000   data required time
                                             -3.444145   data arrival time
---------------------------------------------------------------------------------------------
                                              4.305854   slack (MET)




===========================================================================
report_checks --slack_max -0.01
============================================================================
======================= nom_ss_100C_1v60 Corner ===================================

No paths found.


===========================================================================
 report_check_types -max_slew -max_cap -max_fanout -violators
============================================================================
======================= nom_ss_100C_1v60 Corner ===================================

max slew

Pin                                        Limit        Slew       Slack
------------------------------------------------------------------------
bm_10_01[0]                             0.750000    0.804586   -0.054586 (VIOLATED)
_03_/Y                                  0.750000    0.804586   -0.054586 (VIOLATED)
_11_/A                                  0.750000    0.804586   -0.054586 (VIOLATED)
_12_/A                                  0.750000    0.804586   -0.054586 (VIOLATED)
_14_/A                                  0.750000    0.804586   -0.054586 (VIOLATED)
bm_00_00[0]                             0.750000    0.758332   -0.008332 (VIOLATED)
_02_/X                                  0.750000    0.758332   -0.008332 (VIOLATED)
_06_/A                                  0.750000    0.758332   -0.008332 (VIOLATED)
_07_/A                                  0.750000    0.758332   -0.008332 (VIOLATED)
_09_/A                                  0.750000    0.758332   -0.008332 (VIOLATED)



===========================================================================
report_parasitic_annotation -report_unannotated
============================================================================
Found 18 unannotated drivers.
 received[0]
 received[1]
 _00_/X
 _01_/Y
 _02_/X
 _03_/Y
 _04_/X
 _05_/X
 _06_/X
 _07_/X
 _08_/X
 _09_/X
 _10_/X
 _11_/X
 _12_/X
 _13_/X
 _14_/X
 _15_/X
Found 0 partially unannotated drivers.

===========================================================================
max slew violation count 10
max fanout violation count 0
max cap violation count 0
============================================================================

===========================================================================
check_setup -verbose -unconstrained_endpoints -multiple_clock -no_clock -no_input_delay -loops -generated_clocks
===========================================================================
