
===========================================================================
report_checks -path_delay min (Hold)
============================================================================
======================= nom_ss_100C_1v60 Corner ===================================

Startpoint: received[1] (input port clocked by __VIRTUAL_CLK__)
Endpoint: bm_00_10[1] (output port clocked by __VIRTUAL_CLK__)
Path Group: __VIRTUAL_CLK__
Path Type: min

Fanout         Cap        Slew       Delay        Time   Description
---------------------------------------------------------------------------------------------
                      0.000000    0.000000    0.000000   clock __VIRTUAL_CLK__ (rise edge)
                                  0.000000    0.000000   clock network delay (ideal)
                                  2.000000    2.000000 ^ input external delay
     6    0.026298    0.196531    0.133018    2.133018 ^ received[1] (in)
                                                         received[1] (net)
                      0.196531    0.000000    2.133018 ^ _01_/B (sky130_fd_sc_hd__nor2_2)
     2    0.035067    0.157268    0.215290    2.348309 v _01_/Y (sky130_fd_sc_hd__nor2_2)
                                                         bm_00_10[1] (net)
                      0.157268    0.000000    2.348309 v bm_00_10[1] (out)
                                              2.348309   data arrival time

                      0.000000    0.000000    0.000000   clock __VIRTUAL_CLK__ (rise edge)
                                  0.000000    0.000000   clock network delay (ideal)
                                  0.250000    0.250000   clock uncertainty
                                  0.000000    0.250000   clock reconvergence pessimism
                                 -2.000000   -1.750000   output external delay
                                             -1.750000   data required time
---------------------------------------------------------------------------------------------
                                             -1.750000   data required time
                                             -2.348309   data arrival time
---------------------------------------------------------------------------------------------
                                              4.098309   slack (MET)


Startpoint: received[1] (input port clocked by __VIRTUAL_CLK__)
Endpoint: bm_00_00[0] (output port clocked by __VIRTUAL_CLK__)
Path Group: __VIRTUAL_CLK__
Path Type: min

Fanout         Cap        Slew       Delay        Time   Description
---------------------------------------------------------------------------------------------
                      0.000000    0.000000    0.000000   clock __VIRTUAL_CLK__ (rise edge)
                                  0.000000    0.000000   clock network delay (ideal)
                                  2.000000    2.000000 v input external delay
     6    0.024694    0.109232    0.075862    2.075861 v received[1] (in)
                                                         received[1] (net)
                      0.109232    0.000000    2.075861 v _02_/B (sky130_fd_sc_hd__xor2_2)
     4    0.038317    0.204988    0.414668    2.490529 v _02_/X (sky130_fd_sc_hd__xor2_2)
                                                         bm_00_00[0] (net)
                      0.204988    0.000000    2.490529 v bm_00_00[0] (out)
                                              2.490529   data arrival time

                      0.000000    0.000000    0.000000   clock __VIRTUAL_CLK__ (rise edge)
                                  0.000000    0.000000   clock network delay (ideal)
                                  0.250000    0.250000   clock uncertainty
                                  0.000000    0.250000   clock reconvergence pessimism
                                 -2.000000   -1.750000   output external delay
                                             -1.750000   data required time
---------------------------------------------------------------------------------------------
                                             -1.750000   data required time
                                             -2.490529   data arrival time
---------------------------------------------------------------------------------------------
                                              4.240530   slack (MET)


Startpoint: received[1] (input port clocked by __VIRTUAL_CLK__)
Endpoint: bm_10_01[0] (output port clocked by __VIRTUAL_CLK__)
Path Group: __VIRTUAL_CLK__
Path Type: min

Fanout         Cap        Slew       Delay        Time   Description
---------------------------------------------------------------------------------------------
                      0.000000    0.000000    0.000000   clock __VIRTUAL_CLK__ (rise edge)
                                  0.000000    0.000000   clock network delay (ideal)
                                  2.000000    2.000000 ^ input external delay
     6    0.026298    0.196531    0.133018    2.133018 ^ received[1] (in)
                                                         received[1] (net)
                      0.196531    0.000000    2.133018 ^ _03_/B (sky130_fd_sc_hd__xnor2_2)
     4    0.038317    0.362659    0.385295    2.518313 v _03_/Y (sky130_fd_sc_hd__xnor2_2)
                                                         bm_10_01[0] (net)
                      0.362659    0.000000    2.518313 v bm_10_01[0] (out)
                                              2.518313   data arrival time

                      0.000000    0.000000    0.000000   clock __VIRTUAL_CLK__ (rise edge)
                                  0.000000    0.000000   clock network delay (ideal)
                                  0.250000    0.250000   clock uncertainty
                                  0.000000    0.250000   clock reconvergence pessimism
                                 -2.000000   -1.750000   output external delay
                                             -1.750000   data required time
---------------------------------------------------------------------------------------------
                                             -1.750000   data required time
                                             -2.518313   data arrival time
---------------------------------------------------------------------------------------------
                                              4.268313   slack (MET)


Startpoint: received[0] (input port clocked by __VIRTUAL_CLK__)
Endpoint: bm_00_00[1] (output port clocked by __VIRTUAL_CLK__)
Path Group: __VIRTUAL_CLK__
Path Type: min

Fanout         Cap        Slew       Delay        Time   Description
---------------------------------------------------------------------------------------------
                      0.000000    0.000000    0.000000   clock __VIRTUAL_CLK__ (rise edge)
                                  0.000000    0.000000   clock network delay (ideal)
                                  2.000000    2.000000 v input external delay
     6    0.025687    0.113439    0.078896    2.078896 v received[0] (in)
                                                         received[0] (net)
                      0.113439    0.000000    2.078896 v _00_/A (sky130_fd_sc_hd__and2_2)
     2    0.035067    0.195719    0.511520    2.590416 v _00_/X (sky130_fd_sc_hd__and2_2)
                                                         bm_00_00[1] (net)
                      0.195719    0.000000    2.590416 v bm_00_00[1] (out)
                                              2.590416   data arrival time

                      0.000000    0.000000    0.000000   clock __VIRTUAL_CLK__ (rise edge)
                                  0.000000    0.000000   clock network delay (ideal)
                                  0.250000    0.250000   clock uncertainty
                                  0.000000    0.250000   clock reconvergence pessimism
                                 -2.000000   -1.750000   output external delay
                                             -1.750000   data required time
---------------------------------------------------------------------------------------------
                                             -1.750000   data required time
                                             -2.590416   data arrival time
---------------------------------------------------------------------------------------------
                                              4.340416   slack (MET)


Startpoint: received[1] (input port clocked by __VIRTUAL_CLK__)
Endpoint: bm_10_11[1] (output port clocked by __VIRTUAL_CLK__)
Path Group: __VIRTUAL_CLK__
Path Type: min

Fanout         Cap        Slew       Delay        Time   Description
---------------------------------------------------------------------------------------------
                      0.000000    0.000000    0.000000   clock __VIRTUAL_CLK__ (rise edge)
                                  0.000000    0.000000   clock network delay (ideal)
                                  2.000000    2.000000 ^ input external delay
     6    0.026298    0.196531    0.133018    2.133018 ^ received[1] (in)
                                                         received[1] (net)
                      0.196531    0.000000    2.133018 ^ _04_/B (sky130_fd_sc_hd__and2b_2)
     2    0.035195    0.297049    0.508116    2.641135 ^ _04_/X (sky130_fd_sc_hd__and2b_2)
                                                         bm_10_11[1] (net)
                      0.297049    0.000000    2.641135 ^ bm_10_11[1] (out)
                                              2.641135   data arrival time

                      0.000000    0.000000    0.000000   clock __VIRTUAL_CLK__ (rise edge)
                                  0.000000    0.000000   clock network delay (ideal)
                                  0.250000    0.250000   clock uncertainty
                                  0.000000    0.250000   clock reconvergence pessimism
                                 -2.000000   -1.750000   output external delay
                                             -1.750000   data required time
---------------------------------------------------------------------------------------------
                                             -1.750000   data required time
                                             -2.641135   data arrival time
---------------------------------------------------------------------------------------------
                                              4.391135   slack (MET)


Startpoint: received[0] (input port clocked by __VIRTUAL_CLK__)
Endpoint: bm_10_01[1] (output port clocked by __VIRTUAL_CLK__)
Path Group: __VIRTUAL_CLK__
Path Type: min

Fanout         Cap        Slew       Delay        Time   Description
---------------------------------------------------------------------------------------------
                      0.000000    0.000000    0.000000   clock __VIRTUAL_CLK__ (rise edge)
                                  0.000000    0.000000   clock network delay (ideal)
                                  2.000000    2.000000 ^ input external delay
     6    0.027576    0.205484    0.139332    2.139332 ^ received[0] (in)
                                                         received[0] (net)
                      0.205484    0.000000    2.139332 ^ _05_/B (sky130_fd_sc_hd__and2b_2)
     2    0.035195    0.297047    0.511351    2.650683 ^ _05_/X (sky130_fd_sc_hd__and2b_2)
                                                         bm_10_01[1] (net)
                      0.297047    0.000000    2.650683 ^ bm_10_01[1] (out)
                                              2.650683   data arrival time

                      0.000000    0.000000    0.000000   clock __VIRTUAL_CLK__ (rise edge)
                                  0.000000    0.000000   clock network delay (ideal)
                                  0.250000    0.250000   clock uncertainty
                                  0.000000    0.250000   clock reconvergence pessimism
                                 -2.000000   -1.750000   output external delay
                                             -1.750000   data required time
---------------------------------------------------------------------------------------------
                                             -1.750000   data required time
                                             -2.650683   data arrival time
---------------------------------------------------------------------------------------------
                                              4.400682   slack (MET)


Startpoint: received[1] (input port clocked by __VIRTUAL_CLK__)
Endpoint: bm_01_00[1] (output port clocked by __VIRTUAL_CLK__)
Path Group: __VIRTUAL_CLK__
Path Type: min

Fanout         Cap        Slew       Delay        Time   Description
---------------------------------------------------------------------------------------------
                      0.000000    0.000000    0.000000   clock __VIRTUAL_CLK__ (rise edge)
                                  0.000000    0.000000   clock network delay (ideal)
                                  2.000000    2.000000 ^ input external delay
     6    0.026298    0.196531    0.133018    2.133018 ^ received[1] (in)
                                                         received[1] (net)
                      0.196531    0.000000    2.133018 ^ _01_/B (sky130_fd_sc_hd__nor2_2)
     2    0.035067    0.157268    0.215290    2.348309 v _01_/Y (sky130_fd_sc_hd__nor2_2)
                                                         bm_00_10[1] (net)
                      0.157268    0.000000    2.348309 v _08_/A (sky130_fd_sc_hd__buf_2)
     1    0.033442    0.165391    0.384245    2.732553 v _08_/X (sky130_fd_sc_hd__buf_2)
                                                         bm_01_00[1] (net)
                      0.165391    0.000000    2.732553 v bm_01_00[1] (out)
                                              2.732553   data arrival time

                      0.000000    0.000000    0.000000   clock __VIRTUAL_CLK__ (rise edge)
                                  0.000000    0.000000   clock network delay (ideal)
                                  0.250000    0.250000   clock uncertainty
                                  0.000000    0.250000   clock reconvergence pessimism
                                 -2.000000   -1.750000   output external delay
                                             -1.750000   data required time
---------------------------------------------------------------------------------------------
                                             -1.750000   data required time
                                             -2.732553   data arrival time
---------------------------------------------------------------------------------------------
                                              4.482553   slack (MET)


Startpoint: received[1] (input port clocked by __VIRTUAL_CLK__)
Endpoint: bm_00_10[0] (output port clocked by __VIRTUAL_CLK__)
Path Group: __VIRTUAL_CLK__
Path Type: min

Fanout         Cap        Slew       Delay        Time   Description
---------------------------------------------------------------------------------------------
                      0.000000    0.000000    0.000000   clock __VIRTUAL_CLK__ (rise edge)
                                  0.000000    0.000000   clock network delay (ideal)
                                  2.000000    2.000000 v input external delay
     6    0.024694    0.109232    0.075862    2.075861 v received[1] (in)
                                                         received[1] (net)
                      0.109232    0.000000    2.075861 v _02_/B (sky130_fd_sc_hd__xor2_2)
     4    0.038317    0.204988    0.414668    2.490529 v _02_/X (sky130_fd_sc_hd__xor2_2)
                                                         bm_00_00[0] (net)
                      0.204988    0.000000    2.490529 v _06_/A (sky130_fd_sc_hd__buf_2)
     1    0.033442    0.165460    0.407255    2.897784 v _06_/X (sky130_fd_sc_hd__buf_2)
                                                         bm_00_10[0] (net)
                      0.165460    0.000000    2.897784 v bm_00_10[0] (out)
                                              2.897784   data arrival time

                      0.000000    0.000000    0.000000   clock __VIRTUAL_CLK__ (rise edge)
                                  0.000000    0.000000   clock network delay (ideal)
                                  0.250000    0.250000   clock uncertainty
                                  0.000000    0.250000   clock reconvergence pessimism
                                 -2.000000   -1.750000   output external delay
                                             -1.750000   data required time
---------------------------------------------------------------------------------------------
                                             -1.750000   data required time
                                             -2.897784   data arrival time
---------------------------------------------------------------------------------------------
                                              4.647785   slack (MET)


Startpoint: received[1] (input port clocked by __VIRTUAL_CLK__)
Endpoint: bm_01_00[0] (output port clocked by __VIRTUAL_CLK__)
Path Group: __VIRTUAL_CLK__
Path Type: min

Fanout         Cap        Slew       Delay        Time   Description
---------------------------------------------------------------------------------------------
                      0.000000    0.000000    0.000000   clock __VIRTUAL_CLK__ (rise edge)
                                  0.000000    0.000000   clock network delay (ideal)
                                  2.000000    2.000000 v input external delay
     6    0.024694    0.109232    0.075862    2.075861 v received[1] (in)
                                                         received[1] (net)
                      0.109232    0.000000    2.075861 v _02_/B (sky130_fd_sc_hd__xor2_2)
     4    0.038317    0.204988    0.414668    2.490529 v _02_/X (sky130_fd_sc_hd__xor2_2)
                                                         bm_00_00[0] (net)
                      0.204988    0.000000    2.490529 v _07_/A (sky130_fd_sc_hd__buf_2)
     1    0.033442    0.165460    0.407255    2.897784 v _07_/X (sky130_fd_sc_hd__buf_2)
                                                         bm_01_00[0] (net)
                      0.165460    0.000000    2.897784 v bm_01_00[0] (out)
                                              2.897784   data arrival time

                      0.000000    0.000000    0.000000   clock __VIRTUAL_CLK__ (rise edge)
                                  0.000000    0.000000   clock network delay (ideal)
                                  0.250000    0.250000   clock uncertainty
                                  0.000000    0.250000   clock reconvergence pessimism
                                 -2.000000   -1.750000   output external delay
                                             -1.750000   data required time
---------------------------------------------------------------------------------------------
                                             -1.750000   data required time
                                             -2.897784   data arrival time
---------------------------------------------------------------------------------------------
                                              4.647785   slack (MET)


Startpoint: received[1] (input port clocked by __VIRTUAL_CLK__)
Endpoint: bm_01_10[0] (output port clocked by __VIRTUAL_CLK__)
Path Group: __VIRTUAL_CLK__
Path Type: min

Fanout         Cap        Slew       Delay        Time   Description
---------------------------------------------------------------------------------------------
                      0.000000    0.000000    0.000000   clock __VIRTUAL_CLK__ (rise edge)
                                  0.000000    0.000000   clock network delay (ideal)
                                  2.000000    2.000000 v input external delay
     6    0.024694    0.109232    0.075862    2.075861 v received[1] (in)
                                                         received[1] (net)
                      0.109232    0.000000    2.075861 v _02_/B (sky130_fd_sc_hd__xor2_2)
     4    0.038317    0.204988    0.414668    2.490529 v _02_/X (sky130_fd_sc_hd__xor2_2)
                                                         bm_00_00[0] (net)
                      0.204988    0.000000    2.490529 v _09_/A (sky130_fd_sc_hd__buf_2)
     1    0.033442    0.165460    0.407255    2.897784 v _09_/X (sky130_fd_sc_hd__buf_2)
                                                         bm_01_10[0] (net)
                      0.165460    0.000000    2.897784 v bm_01_10[0] (out)
                                              2.897784   data arrival time

                      0.000000    0.000000    0.000000   clock __VIRTUAL_CLK__ (rise edge)
                                  0.000000    0.000000   clock network delay (ideal)
                                  0.250000    0.250000   clock uncertainty
                                  0.000000    0.250000   clock reconvergence pessimism
                                 -2.000000   -1.750000   output external delay
                                             -1.750000   data required time
---------------------------------------------------------------------------------------------
                                             -1.750000   data required time
                                             -2.897784   data arrival time
---------------------------------------------------------------------------------------------
                                              4.647785   slack (MET)


Startpoint: received[0] (input port clocked by __VIRTUAL_CLK__)
Endpoint: bm_01_10[1] (output port clocked by __VIRTUAL_CLK__)
Path Group: __VIRTUAL_CLK__
Path Type: min

Fanout         Cap        Slew       Delay        Time   Description
---------------------------------------------------------------------------------------------
                      0.000000    0.000000    0.000000   clock __VIRTUAL_CLK__ (rise edge)
                                  0.000000    0.000000   clock network delay (ideal)
                                  2.000000    2.000000 v input external delay
     6    0.025687    0.113439    0.078896    2.078896 v received[0] (in)
                                                         received[0] (net)
                      0.113439    0.000000    2.078896 v _00_/A (sky130_fd_sc_hd__and2_2)
     2    0.035067    0.195719    0.511520    2.590416 v _00_/X (sky130_fd_sc_hd__and2_2)
                                                         bm_00_00[1] (net)
                      0.195719    0.000000    2.590416 v _10_/A (sky130_fd_sc_hd__buf_2)
     1    0.033442    0.165447    0.402786    2.993202 v _10_/X (sky130_fd_sc_hd__buf_2)
                                                         bm_01_10[1] (net)
                      0.165447    0.000000    2.993202 v bm_01_10[1] (out)
                                              2.993202   data arrival time

                      0.000000    0.000000    0.000000   clock __VIRTUAL_CLK__ (rise edge)
                                  0.000000    0.000000   clock network delay (ideal)
                                  0.250000    0.250000   clock uncertainty
                                  0.000000    0.250000   clock reconvergence pessimism
                                 -2.000000   -1.750000   output external delay
                                             -1.750000   data required time
---------------------------------------------------------------------------------------------
                                             -1.750000   data required time
                                             -2.993202   data arrival time
---------------------------------------------------------------------------------------------
                                              4.743202   slack (MET)


Startpoint: received[1] (input port clocked by __VIRTUAL_CLK__)
Endpoint: bm_10_11[0] (output port clocked by __VIRTUAL_CLK__)
Path Group: __VIRTUAL_CLK__
Path Type: min

Fanout         Cap        Slew       Delay        Time   Description
---------------------------------------------------------------------------------------------
                      0.000000    0.000000    0.000000   clock __VIRTUAL_CLK__ (rise edge)
                                  0.000000    0.000000   clock network delay (ideal)
                                  2.000000    2.000000 ^ input external delay
     6    0.026298    0.196531    0.133018    2.133018 ^ received[1] (in)
                                                         received[1] (net)
                      0.196531    0.000000    2.133018 ^ _03_/B (sky130_fd_sc_hd__xnor2_2)
     4    0.038317    0.362659    0.385295    2.518313 v _03_/Y (sky130_fd_sc_hd__xnor2_2)
                                                         bm_10_01[0] (net)
                      0.362659    0.000000    2.518313 v _11_/A (sky130_fd_sc_hd__buf_2)
     1    0.033442    0.166366    0.482067    3.000381 v _11_/X (sky130_fd_sc_hd__buf_2)
                                                         bm_10_11[0] (net)
                      0.166366    0.000000    3.000381 v bm_10_11[0] (out)
                                              3.000381   data arrival time

                      0.000000    0.000000    0.000000   clock __VIRTUAL_CLK__ (rise edge)
                                  0.000000    0.000000   clock network delay (ideal)
                                  0.250000    0.250000   clock uncertainty
                                  0.000000    0.250000   clock reconvergence pessimism
                                 -2.000000   -1.750000   output external delay
                                             -1.750000   data required time
---------------------------------------------------------------------------------------------
                                             -1.750000   data required time
                                             -3.000381   data arrival time
---------------------------------------------------------------------------------------------
                                              4.750381   slack (MET)


Startpoint: received[1] (input port clocked by __VIRTUAL_CLK__)
Endpoint: bm_11_01[0] (output port clocked by __VIRTUAL_CLK__)
Path Group: __VIRTUAL_CLK__
Path Type: min

Fanout         Cap        Slew       Delay        Time   Description
---------------------------------------------------------------------------------------------
                      0.000000    0.000000    0.000000   clock __VIRTUAL_CLK__ (rise edge)
                                  0.000000    0.000000   clock network delay (ideal)
                                  2.000000    2.000000 ^ input external delay
     6    0.026298    0.196531    0.133018    2.133018 ^ received[1] (in)
                                                         received[1] (net)
                      0.196531    0.000000    2.133018 ^ _03_/B (sky130_fd_sc_hd__xnor2_2)
     4    0.038317    0.362659    0.385295    2.518313 v _03_/Y (sky130_fd_sc_hd__xnor2_2)
                                                         bm_10_01[0] (net)
                      0.362659    0.000000    2.518313 v _12_/A (sky130_fd_sc_hd__buf_2)
     1    0.033442    0.166366    0.482067    3.000381 v _12_/X (sky130_fd_sc_hd__buf_2)
                                                         bm_11_01[0] (net)
                      0.166366    0.000000    3.000381 v bm_11_01[0] (out)
                                              3.000381   data arrival time

                      0.000000    0.000000    0.000000   clock __VIRTUAL_CLK__ (rise edge)
                                  0.000000    0.000000   clock network delay (ideal)
                                  0.250000    0.250000   clock uncertainty
                                  0.000000    0.250000   clock reconvergence pessimism
                                 -2.000000   -1.750000   output external delay
                                             -1.750000   data required time
---------------------------------------------------------------------------------------------
                                             -1.750000   data required time
                                             -3.000381   data arrival time
---------------------------------------------------------------------------------------------
                                              4.750381   slack (MET)


Startpoint: received[1] (input port clocked by __VIRTUAL_CLK__)
Endpoint: bm_11_11[0] (output port clocked by __VIRTUAL_CLK__)
Path Group: __VIRTUAL_CLK__
Path Type: min

Fanout         Cap        Slew       Delay        Time   Description
---------------------------------------------------------------------------------------------
                      0.000000    0.000000    0.000000   clock __VIRTUAL_CLK__ (rise edge)
                                  0.000000    0.000000   clock network delay (ideal)
                                  2.000000    2.000000 ^ input external delay
     6    0.026298    0.196531    0.133018    2.133018 ^ received[1] (in)
                                                         received[1] (net)
                      0.196531    0.000000    2.133018 ^ _03_/B (sky130_fd_sc_hd__xnor2_2)
     4    0.038317    0.362659    0.385295    2.518313 v _03_/Y (sky130_fd_sc_hd__xnor2_2)
                                                         bm_10_01[0] (net)
                      0.362659    0.000000    2.518313 v _14_/A (sky130_fd_sc_hd__buf_2)
     1    0.033442    0.166366    0.482067    3.000381 v _14_/X (sky130_fd_sc_hd__buf_2)
                                                         bm_11_11[0] (net)
                      0.166366    0.000000    3.000381 v bm_11_11[0] (out)
                                              3.000381   data arrival time

                      0.000000    0.000000    0.000000   clock __VIRTUAL_CLK__ (rise edge)
                                  0.000000    0.000000   clock network delay (ideal)
                                  0.250000    0.250000   clock uncertainty
                                  0.000000    0.250000   clock reconvergence pessimism
                                 -2.000000   -1.750000   output external delay
                                             -1.750000   data required time
---------------------------------------------------------------------------------------------
                                             -1.750000   data required time
                                             -3.000381   data arrival time
---------------------------------------------------------------------------------------------
                                              4.750381   slack (MET)


Startpoint: received[1] (input port clocked by __VIRTUAL_CLK__)
Endpoint: bm_11_01[1] (output port clocked by __VIRTUAL_CLK__)
Path Group: __VIRTUAL_CLK__
Path Type: min

Fanout         Cap        Slew       Delay        Time   Description
---------------------------------------------------------------------------------------------
                      0.000000    0.000000    0.000000   clock __VIRTUAL_CLK__ (rise edge)
                                  0.000000    0.000000   clock network delay (ideal)
                                  2.000000    2.000000 v input external delay
     6    0.024694    0.109232    0.075862    2.075861 v received[1] (in)
                                                         received[1] (net)
                      0.109232    0.000000    2.075861 v _04_/B (sky130_fd_sc_hd__and2b_2)
     2    0.035067    0.201918    0.570636    2.646498 v _04_/X (sky130_fd_sc_hd__and2b_2)
                                                         bm_10_11[1] (net)
                      0.201918    0.000000    2.646498 v _13_/A (sky130_fd_sc_hd__buf_2)
     1    0.033442    0.165456    0.405775    3.052273 v _13_/X (sky130_fd_sc_hd__buf_2)
                                                         bm_11_01[1] (net)
                      0.165456    0.000000    3.052273 v bm_11_01[1] (out)
                                              3.052273   data arrival time

                      0.000000    0.000000    0.000000   clock __VIRTUAL_CLK__ (rise edge)
                                  0.000000    0.000000   clock network delay (ideal)
                                  0.250000    0.250000   clock uncertainty
                                  0.000000    0.250000   clock reconvergence pessimism
                                 -2.000000   -1.750000   output external delay
                                             -1.750000   data required time
---------------------------------------------------------------------------------------------
                                             -1.750000   data required time
                                             -3.052273   data arrival time
---------------------------------------------------------------------------------------------
                                              4.802272   slack (MET)


Startpoint: received[0] (input port clocked by __VIRTUAL_CLK__)
Endpoint: bm_11_11[1] (output port clocked by __VIRTUAL_CLK__)
Path Group: __VIRTUAL_CLK__
Path Type: min

Fanout         Cap        Slew       Delay        Time   Description
---------------------------------------------------------------------------------------------
                      0.000000    0.000000    0.000000   clock __VIRTUAL_CLK__ (rise edge)
                                  0.000000    0.000000   clock network delay (ideal)
                                  2.000000    2.000000 v input external delay
     6    0.025687    0.113439    0.078896    2.078896 v received[0] (in)
                                                         received[0] (net)
                      0.113439    0.000000    2.078896 v _05_/B (sky130_fd_sc_hd__and2b_2)
     2    0.035067    0.201920    0.572722    2.651618 v _05_/X (sky130_fd_sc_hd__and2b_2)
                                                         bm_10_01[1] (net)
                      0.201920    0.000000    2.651618 v _15_/A (sky130_fd_sc_hd__buf_2)
     1    0.033442    0.165456    0.405776    3.057394 v _15_/X (sky130_fd_sc_hd__buf_2)
                                                         bm_11_11[1] (net)
                      0.165456    0.000000    3.057394 v bm_11_11[1] (out)
                                              3.057394   data arrival time

                      0.000000    0.000000    0.000000   clock __VIRTUAL_CLK__ (rise edge)
                                  0.000000    0.000000   clock network delay (ideal)
                                  0.250000    0.250000   clock uncertainty
                                  0.000000    0.250000   clock reconvergence pessimism
                                 -2.000000   -1.750000   output external delay
                                             -1.750000   data required time
---------------------------------------------------------------------------------------------
                                             -1.750000   data required time
                                             -3.057394   data arrival time
---------------------------------------------------------------------------------------------
                                              4.807394   slack (MET)



