
===========================================================================
 report_power
============================================================================
======================= max_ff_n40C_1v95 Corner ===================================

Group                    Internal    Switching      Leakage        Total
                            Power        Power        Power        Power (Watts)
------------------------------------------------------------------------
Sequential           0.000000e+00 0.000000e+00 0.000000e+00 0.000000e+00   0.0%
Combinational        1.096917e-05 1.673952e-05 2.124608e-10 2.770890e-05 100.0%
Clock                0.000000e+00 0.000000e+00 3.232128e-10 3.232128e-10   0.0%
Macro                0.000000e+00 0.000000e+00 0.000000e+00 0.000000e+00   0.0%
Pad                  0.000000e+00 0.000000e+00 0.000000e+00 0.000000e+00   0.0%
------------------------------------------------------------------------
Total                1.096917e-05 1.673952e-05 5.356735e-10 2.770922e-05 100.0%
                            39.6%        60.4%         0.0%

