
===========================================================================
 report_power
============================================================================
======================= max_ff_n40C_1v95 Corner ===================================

Group                    Internal    Switching      Leakage        Total
                            Power        Power        Power        Power (Watts)
------------------------------------------------------------------------
Sequential           1.253681e-05 8.290358e-06 4.166593e-10 2.082758e-05  17.2%
Combinational        3.499315e-05 5.528592e-05 1.380570e-09 9.028046e-05  74.6%
Clock                6.937657e-06 3.046419e-06 8.696507e-10 9.984946e-06   8.2%
Macro                0.000000e+00 0.000000e+00 0.000000e+00 0.000000e+00   0.0%
Pad                  0.000000e+00 0.000000e+00 0.000000e+00 0.000000e+00   0.0%
------------------------------------------------------------------------
Total                5.446761e-05 6.662270e-05 2.666877e-09 1.210930e-04 100.0%
                            45.0%        55.0%         0.0%

