
===========================================================================
 report_power
============================================================================
======================= nom_ss_100C_1v60 Corner ===================================

Group                    Internal    Switching      Leakage        Total
                            Power        Power        Power        Power (Watts)
------------------------------------------------------------------------
Sequential           7.623167e-06 9.308346e-06 3.094570e-07 1.724097e-05  26.8%
Combinational        2.493067e-05 2.143467e-05 7.774353e-07 4.714277e-05  73.2%
Clock                0.000000e+00 0.000000e+00 0.000000e+00 0.000000e+00   0.0%
Macro                0.000000e+00 0.000000e+00 0.000000e+00 0.000000e+00   0.0%
Pad                  0.000000e+00 0.000000e+00 0.000000e+00 0.000000e+00   0.0%
------------------------------------------------------------------------
Total                3.255383e-05 3.074302e-05 1.086893e-06 6.438375e-05 100.0%
                            50.6%        47.7%         1.7%

