
===========================================================================
 report_power
============================================================================
======================= nom_ff_n40C_1v95 Corner ===================================

Group                    Internal    Switching      Leakage        Total
                            Power        Power        Power        Power (Watts)
------------------------------------------------------------------------
Sequential           1.616243e-05 2.591923e-08 5.656400e-10 1.618892e-05  45.7%
Combinational        6.457206e-07 1.326883e-06 1.496180e-09 1.974099e-06   5.6%
Clock                1.120965e-05 6.078814e-06 7.984140e-10 1.728926e-05  48.8%
Macro                0.000000e+00 0.000000e+00 0.000000e+00 0.000000e+00   0.0%
Pad                  0.000000e+00 0.000000e+00 0.000000e+00 0.000000e+00   0.0%
------------------------------------------------------------------------
Total                2.801780e-05 7.431616e-06 2.860235e-09 3.545228e-05 100.0%
                            79.0%        21.0%         0.0%

