
===========================================================================
report_checks -path_delay max (Setup)
============================================================================
======================= nom_ss_100C_1v60 Corner ===================================

Startpoint: received[1] (input port clocked by __VIRTUAL_CLK__)
Endpoint: bm_01_10[0] (output port clocked by __VIRTUAL_CLK__)
Path Group: __VIRTUAL_CLK__
Path Type: max

Fanout         Cap        Slew       Delay        Time   Description
---------------------------------------------------------------------------------------------
                      0.000000    0.000000    0.000000   clock __VIRTUAL_CLK__ (rise edge)
                                  0.000000    0.000000   clock network delay (ideal)
                                  2.000000    2.000000 ^ input external delay
     1    0.002824    0.032411    0.015919    2.015919 ^ received[1] (in)
                                                         received[1] (net)
                      0.032411    0.000000    2.015919 ^ input2/A (sky130_fd_sc_hd__clkbuf_2)
     6    0.025964    0.227659    0.288339    2.304258 ^ input2/X (sky130_fd_sc_hd__clkbuf_2)
                                                         net2 (net)
                      0.227756    0.001915    2.306173 ^ _02_/B (sky130_fd_sc_hd__xor2_1)
     4    0.013083    0.481202    0.531094    2.837267 ^ _02_/X (sky130_fd_sc_hd__xor2_1)
                                                         net3 (net)
                      0.481202    0.000240    2.837507 ^ _09_/A (sky130_fd_sc_hd__clkbuf_1)
     1    0.002392    0.070639    0.279357    3.116864 ^ _09_/X (sky130_fd_sc_hd__clkbuf_1)
                                                         net9 (net)
                      0.070639    0.000071    3.116935 ^ output9/A (sky130_fd_sc_hd__buf_2)
     1    0.034741    0.275668    0.346262    3.463197 ^ output9/X (sky130_fd_sc_hd__buf_2)
                                                         bm_01_10[0] (net)
                      0.275668    0.000727    3.463924 ^ bm_01_10[0] (out)
                                              3.463924   data arrival time

                      0.000000   10.000000   10.000000   clock __VIRTUAL_CLK__ (rise edge)
                                  0.000000   10.000000   clock network delay (ideal)
                                 -0.250000    9.750000   clock uncertainty
                                  0.000000    9.750000   clock reconvergence pessimism
                                 -2.000000    7.750000   output external delay
                                              7.750000   data required time
---------------------------------------------------------------------------------------------
                                              7.750000   data required time
                                             -3.463924   data arrival time
---------------------------------------------------------------------------------------------
                                              4.286077   slack (MET)


Startpoint: received[1] (input port clocked by __VIRTUAL_CLK__)
Endpoint: bm_00_10[0] (output port clocked by __VIRTUAL_CLK__)
Path Group: __VIRTUAL_CLK__
Path Type: max

Fanout         Cap        Slew       Delay        Time   Description
---------------------------------------------------------------------------------------------
                      0.000000    0.000000    0.000000   clock __VIRTUAL_CLK__ (rise edge)
                                  0.000000    0.000000   clock network delay (ideal)
                                  2.000000    2.000000 ^ input external delay
     1    0.002824    0.032411    0.015919    2.015919 ^ received[1] (in)
                                                         received[1] (net)
                      0.032411    0.000000    2.015919 ^ input2/A (sky130_fd_sc_hd__clkbuf_2)
     6    0.025964    0.227659    0.288339    2.304258 ^ input2/X (sky130_fd_sc_hd__clkbuf_2)
                                                         net2 (net)
                      0.227756    0.001915    2.306173 ^ _02_/B (sky130_fd_sc_hd__xor2_1)
     4    0.013083    0.481202    0.531094    2.837267 ^ _02_/X (sky130_fd_sc_hd__xor2_1)
                                                         net3 (net)
                      0.481202    0.000382    2.837650 ^ _06_/A (sky130_fd_sc_hd__clkbuf_1)
     1    0.002073    0.065668    0.274942    3.112591 ^ _06_/X (sky130_fd_sc_hd__clkbuf_1)
                                                         net5 (net)
                      0.065668    0.000059    3.112650 ^ output5/A (sky130_fd_sc_hd__buf_2)
     1    0.034076    0.270708    0.340517    3.453167 ^ output5/X (sky130_fd_sc_hd__buf_2)
                                                         bm_00_10[0] (net)
                      0.270708    0.000638    3.453805 ^ bm_00_10[0] (out)
                                              3.453805   data arrival time

                      0.000000   10.000000   10.000000   clock __VIRTUAL_CLK__ (rise edge)
                                  0.000000   10.000000   clock network delay (ideal)
                                 -0.250000    9.750000   clock uncertainty
                                  0.000000    9.750000   clock reconvergence pessimism
                                 -2.000000    7.750000   output external delay
                                              7.750000   data required time
---------------------------------------------------------------------------------------------
                                              7.750000   data required time
                                             -3.453805   data arrival time
---------------------------------------------------------------------------------------------
                                              4.296195   slack (MET)


Startpoint: received[1] (input port clocked by __VIRTUAL_CLK__)
Endpoint: bm_01_00[0] (output port clocked by __VIRTUAL_CLK__)
Path Group: __VIRTUAL_CLK__
Path Type: max

Fanout         Cap        Slew       Delay        Time   Description
---------------------------------------------------------------------------------------------
                      0.000000    0.000000    0.000000   clock __VIRTUAL_CLK__ (rise edge)
                                  0.000000    0.000000   clock network delay (ideal)
                                  2.000000    2.000000 ^ input external delay
     1    0.002824    0.032411    0.015919    2.015919 ^ received[1] (in)
                                                         received[1] (net)
                      0.032411    0.000000    2.015919 ^ input2/A (sky130_fd_sc_hd__clkbuf_2)
     6    0.025964    0.227659    0.288339    2.304258 ^ input2/X (sky130_fd_sc_hd__clkbuf_2)
                                                         net2 (net)
                      0.227756    0.001915    2.306173 ^ _02_/B (sky130_fd_sc_hd__xor2_1)
     4    0.013083    0.481202    0.531094    2.837267 ^ _02_/X (sky130_fd_sc_hd__xor2_1)
                                                         net3 (net)
                      0.481202    0.000290    2.837557 ^ _07_/A (sky130_fd_sc_hd__clkbuf_1)
     1    0.001899    0.062984    0.272547    3.110104 ^ _07_/X (sky130_fd_sc_hd__clkbuf_1)
                                                         net7 (net)
                      0.062984    0.000036    3.110140 ^ output7/A (sky130_fd_sc_hd__buf_2)
     1    0.034019    0.270280    0.338994    3.449134 ^ output7/X (sky130_fd_sc_hd__buf_2)
                                                         bm_01_00[0] (net)
                      0.270280    0.000626    3.449760 ^ bm_01_00[0] (out)
                                              3.449760   data arrival time

                      0.000000   10.000000   10.000000   clock __VIRTUAL_CLK__ (rise edge)
                                  0.000000   10.000000   clock network delay (ideal)
                                 -0.250000    9.750000   clock uncertainty
                                  0.000000    9.750000   clock reconvergence pessimism
                                 -2.000000    7.750000   output external delay
                                              7.750000   data required time
---------------------------------------------------------------------------------------------
                                              7.750000   data required time
                                             -3.449760   data arrival time
---------------------------------------------------------------------------------------------
                                              4.300240   slack (MET)


Startpoint: received[0] (input port clocked by __VIRTUAL_CLK__)
Endpoint: bm_11_11[0] (output port clocked by __VIRTUAL_CLK__)
Path Group: __VIRTUAL_CLK__
Path Type: max

Fanout         Cap        Slew       Delay        Time   Description
---------------------------------------------------------------------------------------------
                      0.000000    0.000000    0.000000   clock __VIRTUAL_CLK__ (rise edge)
                                  0.000000    0.000000   clock network delay (ideal)
                                  2.000000    2.000000 v input external delay
     1    0.002714    0.018132    0.008966    2.008966 v received[0] (in)
                                                         received[0] (net)
                      0.018132    0.000000    2.008966 v input1/A (sky130_fd_sc_hd__clkbuf_2)
     6    0.024721    0.178700    0.266000    2.274966 v input1/X (sky130_fd_sc_hd__clkbuf_2)
                                                         net1 (net)
                      0.178715    0.001715    2.276682 v _03_/A (sky130_fd_sc_hd__xnor2_1)
     4    0.012060    0.486837    0.519181    2.795863 ^ _03_/Y (sky130_fd_sc_hd__xnor2_1)
                                                         net11 (net)
                      0.486837    0.000366    2.796229 ^ _14_/A (sky130_fd_sc_hd__clkbuf_1)
     1    0.002664    0.075012    0.284685    3.080913 ^ _14_/X (sky130_fd_sc_hd__clkbuf_1)
                                                         net17 (net)
                      0.075012    0.000082    3.080996 ^ output17/A (sky130_fd_sc_hd__buf_2)
     1    0.034419    0.273281    0.346569    3.427564 ^ output17/X (sky130_fd_sc_hd__buf_2)
                                                         bm_11_11[0] (net)
                      0.273281    0.000712    3.428276 ^ bm_11_11[0] (out)
                                              3.428276   data arrival time

                      0.000000   10.000000   10.000000   clock __VIRTUAL_CLK__ (rise edge)
                                  0.000000   10.000000   clock network delay (ideal)
                                 -0.250000    9.750000   clock uncertainty
                                  0.000000    9.750000   clock reconvergence pessimism
                                 -2.000000    7.750000   output external delay
                                              7.750000   data required time
---------------------------------------------------------------------------------------------
                                              7.750000   data required time
                                             -3.428276   data arrival time
---------------------------------------------------------------------------------------------
                                              4.321723   slack (MET)


Startpoint: received[0] (input port clocked by __VIRTUAL_CLK__)
Endpoint: bm_10_11[0] (output port clocked by __VIRTUAL_CLK__)
Path Group: __VIRTUAL_CLK__
Path Type: max

Fanout         Cap        Slew       Delay        Time   Description
---------------------------------------------------------------------------------------------
                      0.000000    0.000000    0.000000   clock __VIRTUAL_CLK__ (rise edge)
                                  0.000000    0.000000   clock network delay (ideal)
                                  2.000000    2.000000 v input external delay
     1    0.002714    0.018132    0.008966    2.008966 v received[0] (in)
                                                         received[0] (net)
                      0.018132    0.000000    2.008966 v input1/A (sky130_fd_sc_hd__clkbuf_2)
     6    0.024721    0.178700    0.266000    2.274966 v input1/X (sky130_fd_sc_hd__clkbuf_2)
                                                         net1 (net)
                      0.178715    0.001715    2.276682 v _03_/A (sky130_fd_sc_hd__xnor2_1)
     4    0.012060    0.486837    0.519181    2.795863 ^ _03_/Y (sky130_fd_sc_hd__xnor2_1)
                                                         net11 (net)
                      0.486837    0.000248    2.796111 ^ _11_/A (sky130_fd_sc_hd__clkbuf_1)
     1    0.002091    0.066035    0.276741    3.072852 ^ _11_/X (sky130_fd_sc_hd__clkbuf_1)
                                                         net13 (net)
                      0.066035    0.000059    3.072911 ^ output13/A (sky130_fd_sc_hd__buf_2)
     1    0.034578    0.274437    0.343334    3.416245 ^ output13/X (sky130_fd_sc_hd__buf_2)
                                                         bm_10_11[0] (net)
                      0.274437    0.000662    3.416907 ^ bm_10_11[0] (out)
                                              3.416907   data arrival time

                      0.000000   10.000000   10.000000   clock __VIRTUAL_CLK__ (rise edge)
                                  0.000000   10.000000   clock network delay (ideal)
                                 -0.250000    9.750000   clock uncertainty
                                  0.000000    9.750000   clock reconvergence pessimism
                                 -2.000000    7.750000   output external delay
                                              7.750000   data required time
---------------------------------------------------------------------------------------------
                                              7.750000   data required time
                                             -3.416907   data arrival time
---------------------------------------------------------------------------------------------
                                              4.333093   slack (MET)


Startpoint: received[0] (input port clocked by __VIRTUAL_CLK__)
Endpoint: bm_11_01[0] (output port clocked by __VIRTUAL_CLK__)
Path Group: __VIRTUAL_CLK__
Path Type: max

Fanout         Cap        Slew       Delay        Time   Description
---------------------------------------------------------------------------------------------
                      0.000000    0.000000    0.000000   clock __VIRTUAL_CLK__ (rise edge)
                                  0.000000    0.000000   clock network delay (ideal)
                                  2.000000    2.000000 v input external delay
     1    0.002714    0.018132    0.008966    2.008966 v received[0] (in)
                                                         received[0] (net)
                      0.018132    0.000000    2.008966 v input1/A (sky130_fd_sc_hd__clkbuf_2)
     6    0.024721    0.178700    0.266000    2.274966 v input1/X (sky130_fd_sc_hd__clkbuf_2)
                                                         net1 (net)
                      0.178715    0.001715    2.276682 v _03_/A (sky130_fd_sc_hd__xnor2_1)
     4    0.012060    0.486837    0.519181    2.795863 ^ _03_/Y (sky130_fd_sc_hd__xnor2_1)
                                                         net11 (net)
                      0.486837    0.000332    2.796195 ^ _12_/A (sky130_fd_sc_hd__clkbuf_1)
     1    0.002195    0.067648    0.278184    3.074379 ^ _12_/X (sky130_fd_sc_hd__clkbuf_1)
                                                         net15 (net)
                      0.067648    0.000063    3.074442 ^ output15/A (sky130_fd_sc_hd__buf_2)
     1    0.034022    0.270311    0.341148    3.415590 ^ output15/X (sky130_fd_sc_hd__buf_2)
                                                         bm_11_01[0] (net)
                      0.270311    0.000627    3.416217 ^ bm_11_01[0] (out)
                                              3.416217   data arrival time

                      0.000000   10.000000   10.000000   clock __VIRTUAL_CLK__ (rise edge)
                                  0.000000   10.000000   clock network delay (ideal)
                                 -0.250000    9.750000   clock uncertainty
                                  0.000000    9.750000   clock reconvergence pessimism
                                 -2.000000    7.750000   output external delay
                                              7.750000   data required time
---------------------------------------------------------------------------------------------
                                              7.750000   data required time
                                             -3.416217   data arrival time
---------------------------------------------------------------------------------------------
                                              4.333783   slack (MET)


Startpoint: received[1] (input port clocked by __VIRTUAL_CLK__)
Endpoint: bm_00_00[0] (output port clocked by __VIRTUAL_CLK__)
Path Group: __VIRTUAL_CLK__
Path Type: max

Fanout         Cap        Slew       Delay        Time   Description
---------------------------------------------------------------------------------------------
                      0.000000    0.000000    0.000000   clock __VIRTUAL_CLK__ (rise edge)
                                  0.000000    0.000000   clock network delay (ideal)
                                  2.000000    2.000000 ^ input external delay
     1    0.002824    0.032411    0.015919    2.015919 ^ received[1] (in)
                                                         received[1] (net)
                      0.032411    0.000000    2.015919 ^ input2/A (sky130_fd_sc_hd__clkbuf_2)
     6    0.025964    0.227659    0.288339    2.304258 ^ input2/X (sky130_fd_sc_hd__clkbuf_2)
                                                         net2 (net)
                      0.227756    0.001915    2.306173 ^ _02_/B (sky130_fd_sc_hd__xor2_1)
     4    0.013083    0.481202    0.531094    2.837267 ^ _02_/X (sky130_fd_sc_hd__xor2_1)
                                                         net3 (net)
                      0.481202    0.000409    2.837676 ^ output3/A (sky130_fd_sc_hd__buf_2)
     1    0.034673    0.276658    0.517475    3.355151 ^ output3/X (sky130_fd_sc_hd__buf_2)
                                                         bm_00_00[0] (net)
                      0.276658    0.000849    3.356000 ^ bm_00_00[0] (out)
                                              3.356000   data arrival time

                      0.000000   10.000000   10.000000   clock __VIRTUAL_CLK__ (rise edge)
                                  0.000000   10.000000   clock network delay (ideal)
                                 -0.250000    9.750000   clock uncertainty
                                  0.000000    9.750000   clock reconvergence pessimism
                                 -2.000000    7.750000   output external delay
                                              7.750000   data required time
---------------------------------------------------------------------------------------------
                                              7.750000   data required time
                                             -3.356000   data arrival time
---------------------------------------------------------------------------------------------
                                              4.394000   slack (MET)


Startpoint: received[0] (input port clocked by __VIRTUAL_CLK__)
Endpoint: bm_10_01[0] (output port clocked by __VIRTUAL_CLK__)
Path Group: __VIRTUAL_CLK__
Path Type: max

Fanout         Cap        Slew       Delay        Time   Description
---------------------------------------------------------------------------------------------
                      0.000000    0.000000    0.000000   clock __VIRTUAL_CLK__ (rise edge)
                                  0.000000    0.000000   clock network delay (ideal)
                                  2.000000    2.000000 v input external delay
     1    0.002714    0.018132    0.008966    2.008966 v received[0] (in)
                                                         received[0] (net)
                      0.018132    0.000000    2.008966 v input1/A (sky130_fd_sc_hd__clkbuf_2)
     6    0.024721    0.178700    0.266000    2.274966 v input1/X (sky130_fd_sc_hd__clkbuf_2)
                                                         net1 (net)
                      0.178715    0.001715    2.276682 v _03_/A (sky130_fd_sc_hd__xnor2_1)
     4    0.012060    0.486837    0.519181    2.795863 ^ _03_/Y (sky130_fd_sc_hd__xnor2_1)
                                                         net11 (net)
                      0.486837    0.000208    2.796071 ^ output11/A (sky130_fd_sc_hd__buf_2)
     1    0.033999    0.271668    0.516237    3.312308 ^ output11/X (sky130_fd_sc_hd__buf_2)
                                                         bm_10_01[0] (net)
                      0.271668    0.000616    3.312924 ^ bm_10_01[0] (out)
                                              3.312924   data arrival time

                      0.000000   10.000000   10.000000   clock __VIRTUAL_CLK__ (rise edge)
                                  0.000000   10.000000   clock network delay (ideal)
                                 -0.250000    9.750000   clock uncertainty
                                  0.000000    9.750000   clock reconvergence pessimism
                                 -2.000000    7.750000   output external delay
                                              7.750000   data required time
---------------------------------------------------------------------------------------------
                                              7.750000   data required time
                                             -3.312924   data arrival time
---------------------------------------------------------------------------------------------
                                              4.437076   slack (MET)


Startpoint: received[1] (input port clocked by __VIRTUAL_CLK__)
Endpoint: bm_11_11[1] (output port clocked by __VIRTUAL_CLK__)
Path Group: __VIRTUAL_CLK__
Path Type: max

Fanout         Cap        Slew       Delay        Time   Description
---------------------------------------------------------------------------------------------
                      0.000000    0.000000    0.000000   clock __VIRTUAL_CLK__ (rise edge)
                                  0.000000    0.000000   clock network delay (ideal)
                                  2.000000    2.000000 v input external delay
     1    0.002639    0.017848    0.008728    2.008728 v received[1] (in)
                                                         received[1] (net)
                      0.017848    0.000000    2.008728 v input2/A (sky130_fd_sc_hd__clkbuf_2)
     6    0.025047    0.180860    0.267376    2.276105 v input2/X (sky130_fd_sc_hd__clkbuf_2)
                                                         net2 (net)
                      0.180867    0.001384    2.277489 v _05_/A_N (sky130_fd_sc_hd__and2b_1)
     2    0.004702    0.095261    0.440821    2.718310 ^ _05_/X (sky130_fd_sc_hd__and2b_1)
                                                         net12 (net)
                      0.095261    0.000102    2.718412 ^ _15_/A (sky130_fd_sc_hd__clkbuf_1)
     1    0.005215    0.114849    0.193106    2.911518 ^ _15_/X (sky130_fd_sc_hd__clkbuf_1)
                                                         net18 (net)
                      0.114849    0.000215    2.911733 ^ output18/A (sky130_fd_sc_hd__buf_2)
     1    0.035348    0.280323    0.369906    3.281640 ^ output18/X (sky130_fd_sc_hd__buf_2)
                                                         bm_11_11[1] (net)
                      0.280323    0.001053    3.282693 ^ bm_11_11[1] (out)
                                              3.282693   data arrival time

                      0.000000   10.000000   10.000000   clock __VIRTUAL_CLK__ (rise edge)
                                  0.000000   10.000000   clock network delay (ideal)
                                 -0.250000    9.750000   clock uncertainty
                                  0.000000    9.750000   clock reconvergence pessimism
                                 -2.000000    7.750000   output external delay
                                              7.750000   data required time
---------------------------------------------------------------------------------------------
                                              7.750000   data required time
                                             -3.282693   data arrival time
---------------------------------------------------------------------------------------------
                                              4.467307   slack (MET)


Startpoint: received[0] (input port clocked by __VIRTUAL_CLK__)
Endpoint: bm_11_01[1] (output port clocked by __VIRTUAL_CLK__)
Path Group: __VIRTUAL_CLK__
Path Type: max

Fanout         Cap        Slew       Delay        Time   Description
---------------------------------------------------------------------------------------------
                      0.000000    0.000000    0.000000   clock __VIRTUAL_CLK__ (rise edge)
                                  0.000000    0.000000   clock network delay (ideal)
                                  2.000000    2.000000 ^ input external delay
     1    0.002899    0.032908    0.016317    2.016317 ^ received[0] (in)
                                                         received[0] (net)
                      0.032908    0.000000    2.016317 ^ input1/A (sky130_fd_sc_hd__clkbuf_2)
     6    0.025681    0.225348    0.287028    2.303345 ^ input1/X (sky130_fd_sc_hd__clkbuf_2)
                                                         net1 (net)
                      0.225442    0.001816    2.305161 ^ _04_/A_N (sky130_fd_sc_hd__and2b_1)
     2    0.004445    0.080017    0.437682    2.742842 v _04_/X (sky130_fd_sc_hd__and2b_1)
                                                         net14 (net)
                      0.080017    0.000115    2.742957 v _13_/A (sky130_fd_sc_hd__clkbuf_1)
     1    0.003457    0.056919    0.170799    2.913756 v _13_/X (sky130_fd_sc_hd__clkbuf_1)
                                                         net16 (net)
                      0.056919    0.000124    2.913880 v output16/A (sky130_fd_sc_hd__buf_2)
     1    0.034167    0.165576    0.338257    3.252137 v output16/X (sky130_fd_sc_hd__buf_2)
                                                         bm_11_01[1] (net)
                      0.165576    0.000660    3.252797 v bm_11_01[1] (out)
                                              3.252797   data arrival time

                      0.000000   10.000000   10.000000   clock __VIRTUAL_CLK__ (rise edge)
                                  0.000000   10.000000   clock network delay (ideal)
                                 -0.250000    9.750000   clock uncertainty
                                  0.000000    9.750000   clock reconvergence pessimism
                                 -2.000000    7.750000   output external delay
                                              7.750000   data required time
---------------------------------------------------------------------------------------------
                                              7.750000   data required time
                                             -3.252797   data arrival time
---------------------------------------------------------------------------------------------
                                              4.497203   slack (MET)


Startpoint: received[1] (input port clocked by __VIRTUAL_CLK__)
Endpoint: bm_01_10[1] (output port clocked by __VIRTUAL_CLK__)
Path Group: __VIRTUAL_CLK__
Path Type: max

Fanout         Cap        Slew       Delay        Time   Description
---------------------------------------------------------------------------------------------
                      0.000000    0.000000    0.000000   clock __VIRTUAL_CLK__ (rise edge)
                                  0.000000    0.000000   clock network delay (ideal)
                                  2.000000    2.000000 v input external delay
     1    0.002639    0.017848    0.008728    2.008728 v received[1] (in)
                                                         received[1] (net)
                      0.017848    0.000000    2.008728 v input2/A (sky130_fd_sc_hd__clkbuf_2)
     6    0.025047    0.180860    0.267376    2.276105 v input2/X (sky130_fd_sc_hd__clkbuf_2)
                                                         net2 (net)
                      0.180874    0.001732    2.277837 v _00_/B (sky130_fd_sc_hd__and2_1)
     2    0.008502    0.113387    0.416945    2.694782 v _00_/X (sky130_fd_sc_hd__and2_1)
                                                         net4 (net)
                      0.113387    0.000160    2.694942 v _10_/A (sky130_fd_sc_hd__clkbuf_1)
     1    0.002033    0.043038    0.173006    2.867949 v _10_/X (sky130_fd_sc_hd__clkbuf_1)
                                                         net10 (net)
                      0.043038    0.000058    2.868007 v output10/A (sky130_fd_sc_hd__buf_2)
     1    0.033980    0.164890    0.331329    3.199336 v output10/X (sky130_fd_sc_hd__buf_2)
                                                         bm_01_10[1] (net)
                      0.164890    0.000616    3.199951 v bm_01_10[1] (out)
                                              3.199951   data arrival time

                      0.000000   10.000000   10.000000   clock __VIRTUAL_CLK__ (rise edge)
                                  0.000000   10.000000   clock network delay (ideal)
                                 -0.250000    9.750000   clock uncertainty
                                  0.000000    9.750000   clock reconvergence pessimism
                                 -2.000000    7.750000   output external delay
                                              7.750000   data required time
---------------------------------------------------------------------------------------------
                                              7.750000   data required time
                                             -3.199951   data arrival time
---------------------------------------------------------------------------------------------
                                              4.550048   slack (MET)


Startpoint: received[0] (input port clocked by __VIRTUAL_CLK__)
Endpoint: bm_01_00[1] (output port clocked by __VIRTUAL_CLK__)
Path Group: __VIRTUAL_CLK__
Path Type: max

Fanout         Cap        Slew       Delay        Time   Description
---------------------------------------------------------------------------------------------
                      0.000000    0.000000    0.000000   clock __VIRTUAL_CLK__ (rise edge)
                                  0.000000    0.000000   clock network delay (ideal)
                                  2.000000    2.000000 v input external delay
     1    0.002714    0.018132    0.008966    2.008966 v received[0] (in)
                                                         received[0] (net)
                      0.018132    0.000000    2.008966 v input1/A (sky130_fd_sc_hd__clkbuf_2)
     6    0.024721    0.178700    0.266000    2.274966 v input1/X (sky130_fd_sc_hd__clkbuf_2)
                                                         net1 (net)
                      0.178706    0.001215    2.276181 v _01_/A (sky130_fd_sc_hd__nor2_1)
     2    0.006254    0.223147    0.280733    2.556915 ^ _01_/Y (sky130_fd_sc_hd__nor2_1)
                                                         net6 (net)
                      0.223147    0.000138    2.557053 ^ _08_/A (sky130_fd_sc_hd__clkbuf_1)
     1    0.001898    0.058884    0.201555    2.758608 ^ _08_/X (sky130_fd_sc_hd__clkbuf_1)
                                                         net8 (net)
                      0.058884    0.000036    2.758645 ^ output8/A (sky130_fd_sc_hd__buf_2)
     1    0.034132    0.271117    0.337699    3.096343 ^ output8/X (sky130_fd_sc_hd__buf_2)
                                                         bm_01_00[1] (net)
                      0.271117    0.000649    3.096992 ^ bm_01_00[1] (out)
                                              3.096992   data arrival time

                      0.000000   10.000000   10.000000   clock __VIRTUAL_CLK__ (rise edge)
                                  0.000000   10.000000   clock network delay (ideal)
                                 -0.250000    9.750000   clock uncertainty
                                  0.000000    9.750000   clock reconvergence pessimism
                                 -2.000000    7.750000   output external delay
                                              7.750000   data required time
---------------------------------------------------------------------------------------------
                                              7.750000   data required time
                                             -3.096992   data arrival time
---------------------------------------------------------------------------------------------
                                              4.653008   slack (MET)


Startpoint: received[1] (input port clocked by __VIRTUAL_CLK__)
Endpoint: bm_10_01[1] (output port clocked by __VIRTUAL_CLK__)
Path Group: __VIRTUAL_CLK__
Path Type: max

Fanout         Cap        Slew       Delay        Time   Description
---------------------------------------------------------------------------------------------
                      0.000000    0.000000    0.000000   clock __VIRTUAL_CLK__ (rise edge)
                                  0.000000    0.000000   clock network delay (ideal)
                                  2.000000    2.000000 ^ input external delay
     1    0.002824    0.032411    0.015919    2.015919 ^ received[1] (in)
                                                         received[1] (net)
                      0.032411    0.000000    2.015919 ^ input2/A (sky130_fd_sc_hd__clkbuf_2)
     6    0.025964    0.227659    0.288339    2.304258 ^ input2/X (sky130_fd_sc_hd__clkbuf_2)
                                                         net2 (net)
                      0.227745    0.001440    2.305698 ^ _05_/A_N (sky130_fd_sc_hd__and2b_1)
     2    0.004445    0.080016    0.438379    2.744077 v _05_/X (sky130_fd_sc_hd__and2b_1)
                                                         net12 (net)
                      0.080016    0.000095    2.744173 v output12/A (sky130_fd_sc_hd__buf_2)
     1    0.034676    0.167510    0.350422    3.094595 v output12/X (sky130_fd_sc_hd__buf_2)
                                                         bm_10_01[1] (net)
                      0.167511    0.000752    3.095346 v bm_10_01[1] (out)
                                              3.095346   data arrival time

                      0.000000   10.000000   10.000000   clock __VIRTUAL_CLK__ (rise edge)
                                  0.000000   10.000000   clock network delay (ideal)
                                 -0.250000    9.750000   clock uncertainty
                                  0.000000    9.750000   clock reconvergence pessimism
                                 -2.000000    7.750000   output external delay
                                              7.750000   data required time
---------------------------------------------------------------------------------------------
                                              7.750000   data required time
                                             -3.095346   data arrival time
---------------------------------------------------------------------------------------------
                                              4.654654   slack (MET)


Startpoint: received[0] (input port clocked by __VIRTUAL_CLK__)
Endpoint: bm_10_11[1] (output port clocked by __VIRTUAL_CLK__)
Path Group: __VIRTUAL_CLK__
Path Type: max

Fanout         Cap        Slew       Delay        Time   Description
---------------------------------------------------------------------------------------------
                      0.000000    0.000000    0.000000   clock __VIRTUAL_CLK__ (rise edge)
                                  0.000000    0.000000   clock network delay (ideal)
                                  2.000000    2.000000 ^ input external delay
     1    0.002899    0.032908    0.016317    2.016317 ^ received[0] (in)
                                                         received[0] (net)
                      0.032908    0.000000    2.016317 ^ input1/A (sky130_fd_sc_hd__clkbuf_2)
     6    0.025681    0.225348    0.287028    2.303345 ^ input1/X (sky130_fd_sc_hd__clkbuf_2)
                                                         net1 (net)
                      0.225442    0.001816    2.305161 ^ _04_/A_N (sky130_fd_sc_hd__and2b_1)
     2    0.004445    0.080017    0.437682    2.742842 v _04_/X (sky130_fd_sc_hd__and2b_1)
                                                         net14 (net)
                      0.080017    0.000114    2.742957 v output14/A (sky130_fd_sc_hd__buf_2)
     1    0.033982    0.164720    0.348294    3.091251 v output14/X (sky130_fd_sc_hd__buf_2)
                                                         bm_10_11[1] (net)
                      0.164720    0.000616    3.091867 v bm_10_11[1] (out)
                                              3.091867   data arrival time

                      0.000000   10.000000   10.000000   clock __VIRTUAL_CLK__ (rise edge)
                                  0.000000   10.000000   clock network delay (ideal)
                                 -0.250000    9.750000   clock uncertainty
                                  0.000000    9.750000   clock reconvergence pessimism
                                 -2.000000    7.750000   output external delay
                                              7.750000   data required time
---------------------------------------------------------------------------------------------
                                              7.750000   data required time
                                             -3.091867   data arrival time
---------------------------------------------------------------------------------------------
                                              4.658134   slack (MET)


Startpoint: received[1] (input port clocked by __VIRTUAL_CLK__)
Endpoint: bm_00_00[1] (output port clocked by __VIRTUAL_CLK__)
Path Group: __VIRTUAL_CLK__
Path Type: max

Fanout         Cap        Slew       Delay        Time   Description
---------------------------------------------------------------------------------------------
                      0.000000    0.000000    0.000000   clock __VIRTUAL_CLK__ (rise edge)
                                  0.000000    0.000000   clock network delay (ideal)
                                  2.000000    2.000000 v input external delay
     1    0.002639    0.017848    0.008728    2.008728 v received[1] (in)
                                                         received[1] (net)
                      0.017848    0.000000    2.008728 v input2/A (sky130_fd_sc_hd__clkbuf_2)
     6    0.025047    0.180860    0.267376    2.276105 v input2/X (sky130_fd_sc_hd__clkbuf_2)
                                                         net2 (net)
                      0.180874    0.001732    2.277837 v _00_/B (sky130_fd_sc_hd__and2_1)
     2    0.008502    0.113387    0.416945    2.694782 v _00_/X (sky130_fd_sc_hd__and2_1)
                                                         net4 (net)
                      0.113387    0.000318    2.695100 v output4/A (sky130_fd_sc_hd__buf_2)
     1    0.034354    0.166255    0.365540    3.060640 v output4/X (sky130_fd_sc_hd__buf_2)
                                                         bm_00_00[1] (net)
                      0.166255    0.000672    3.061312 v bm_00_00[1] (out)
                                              3.061312   data arrival time

                      0.000000   10.000000   10.000000   clock __VIRTUAL_CLK__ (rise edge)
                                  0.000000   10.000000   clock network delay (ideal)
                                 -0.250000    9.750000   clock uncertainty
                                  0.000000    9.750000   clock reconvergence pessimism
                                 -2.000000    7.750000   output external delay
                                              7.750000   data required time
---------------------------------------------------------------------------------------------
                                              7.750000   data required time
                                             -3.061312   data arrival time
---------------------------------------------------------------------------------------------
                                              4.688688   slack (MET)


Startpoint: received[0] (input port clocked by __VIRTUAL_CLK__)
Endpoint: bm_00_10[1] (output port clocked by __VIRTUAL_CLK__)
Path Group: __VIRTUAL_CLK__
Path Type: max

Fanout         Cap        Slew       Delay        Time   Description
---------------------------------------------------------------------------------------------
                      0.000000    0.000000    0.000000   clock __VIRTUAL_CLK__ (rise edge)
                                  0.000000    0.000000   clock network delay (ideal)
                                  2.000000    2.000000 v input external delay
     1    0.002714    0.018132    0.008966    2.008966 v received[0] (in)
                                                         received[0] (net)
                      0.018132    0.000000    2.008966 v input1/A (sky130_fd_sc_hd__clkbuf_2)
     6    0.024721    0.178700    0.266000    2.274966 v input1/X (sky130_fd_sc_hd__clkbuf_2)
                                                         net1 (net)
                      0.178706    0.001215    2.276181 v _01_/A (sky130_fd_sc_hd__nor2_1)
     2    0.006254    0.223147    0.280733    2.556915 ^ _01_/Y (sky130_fd_sc_hd__nor2_1)
                                                         net6 (net)
                      0.223147    0.000184    2.557098 ^ output6/A (sky130_fd_sc_hd__buf_2)
     1    0.033969    0.270196    0.413681    2.970780 ^ output6/X (sky130_fd_sc_hd__buf_2)
                                                         bm_00_10[1] (net)
                      0.270196    0.000616    2.971395 ^ bm_00_10[1] (out)
                                              2.971395   data arrival time

                      0.000000   10.000000   10.000000   clock __VIRTUAL_CLK__ (rise edge)
                                  0.000000   10.000000   clock network delay (ideal)
                                 -0.250000    9.750000   clock uncertainty
                                  0.000000    9.750000   clock reconvergence pessimism
                                 -2.000000    7.750000   output external delay
                                              7.750000   data required time
---------------------------------------------------------------------------------------------
                                              7.750000   data required time
                                             -2.971395   data arrival time
---------------------------------------------------------------------------------------------
                                              4.778605   slack (MET)



