
===========================================================================
 report_power
============================================================================
======================= max_ff_n40C_1v95 Corner ===================================

Group                    Internal    Switching      Leakage        Total
                            Power        Power        Power        Power (Watts)
------------------------------------------------------------------------
Sequential           1.615826e-05 2.696355e-08 5.656400e-10 1.618579e-05  45.4%
Combinational        6.466123e-07 1.365777e-06 1.496180e-09 2.013885e-06   5.6%
Clock                1.121478e-05 6.258309e-06 7.984140e-10 1.747388e-05  49.0%
Macro                0.000000e+00 0.000000e+00 0.000000e+00 0.000000e+00   0.0%
Pad                  0.000000e+00 0.000000e+00 0.000000e+00 0.000000e+00   0.0%
------------------------------------------------------------------------
Total                2.801965e-05 7.651050e-06 2.860235e-09 3.567356e-05 100.0%
                            78.5%        21.4%         0.0%

