
===========================================================================
 report_power
============================================================================
======================= min_ff_n40C_1v95 Corner ===================================

Group                    Internal    Switching      Leakage        Total
                            Power        Power        Power        Power (Watts)
------------------------------------------------------------------------
Sequential           3.940477e-06 1.110510e-06 9.077571e-11 5.051078e-06  29.9%
Combinational        2.096046e-06 2.414851e-06 1.802669e-10 4.511077e-06  26.7%
Clock                5.870501e-06 1.485826e-06 3.891606e-10 7.356716e-06  43.5%
Macro                0.000000e+00 0.000000e+00 0.000000e+00 0.000000e+00   0.0%
Pad                  0.000000e+00 0.000000e+00 0.000000e+00 0.000000e+00   0.0%
------------------------------------------------------------------------
Total                1.190702e-05 5.011188e-06 6.602031e-10 1.691887e-05 100.0%
                            70.4%        29.6%         0.0%

