
===========================================================================
 report_power
============================================================================
======================= max_ff_n40C_1v95 Corner ===================================

Group                    Internal    Switching      Leakage        Total
                            Power        Power        Power        Power (Watts)
------------------------------------------------------------------------
Sequential           3.940318e-06 1.173144e-06 9.077571e-11 5.113553e-06  29.7%
Combinational        2.099905e-06 2.546893e-06 1.802669e-10 4.646978e-06  27.0%
Clock                5.876550e-06 1.574210e-06 3.891606e-10 7.451149e-06  43.3%
Macro                0.000000e+00 0.000000e+00 0.000000e+00 0.000000e+00   0.0%
Pad                  0.000000e+00 0.000000e+00 0.000000e+00 0.000000e+00   0.0%
------------------------------------------------------------------------
Total                1.191677e-05 5.294248e-06 6.602031e-10 1.721168e-05 100.0%
                            69.2%        30.8%         0.0%

