127. Printing statistics.

=== Survivor_Memory_Unit ===

   Number of wires:                 57
   Number of wire bits:            128
   Number of public wires:          16
   Number of public wire bits:      80
   Number of ports:                  8
   Number of port bits:             16
   Number of memories:               0
   Number of memory bits:            0
   Number of processes:              0
   Number of cells:                106
     $_ANDNOT_                      23
     $_AND_                          4
     $_MUX_                         26
     $_NAND_                         1
     $_NOR_                          1
     $_ORNOT_                        4
     $_OR_                          13
     sky130_fd_sc_hd__dfrtp_2       34

   Area for cell type $_AND_ is unknown!
   Area for cell type $_NAND_ is unknown!
   Area for cell type $_OR_ is unknown!
   Area for cell type $_NOR_ is unknown!
   Area for cell type $_ANDNOT_ is unknown!
   Area for cell type $_ORNOT_ is unknown!
   Area for cell type $_MUX_ is unknown!

   Chip area for module '\Survivor_Memory_Unit': 893.356800
     of which used for sequential elements: 893.356800 (100.00%)

