
===========================================================================
 report_power
============================================================================
======================= min_ss_100C_1v60 Corner ===================================

Group                    Internal    Switching      Leakage        Total
                            Power        Power        Power        Power (Watts)
------------------------------------------------------------------------
Sequential           2.658347e-06 7.211255e-07 1.116217e-07 3.491094e-06  29.4%
Combinational        1.506236e-06 1.579588e-06 1.175762e-07 3.203400e-06  27.0%
Clock                4.148648e-06 9.683708e-07 5.720819e-08 5.174227e-06  43.6%
Macro                0.000000e+00 0.000000e+00 0.000000e+00 0.000000e+00   0.0%
Pad                  0.000000e+00 0.000000e+00 0.000000e+00 0.000000e+00   0.0%
------------------------------------------------------------------------
Total                8.313231e-06 3.269084e-06 2.864062e-07 1.186872e-05 100.0%
                            70.0%        27.5%         2.4%

