
===========================================================================
report_checks -path_delay min (Hold)
============================================================================
======================= nom_tt_025C_1v80 Corner ===================================

Startpoint: _32_ (rising edge-triggered flip-flop clocked by clk)
Endpoint: _32_ (rising edge-triggered flip-flop clocked by clk)
Path Group: clk
Path Type: min

Fanout         Cap        Slew       Delay        Time   Description
---------------------------------------------------------------------------------------------
                      0.150000    0.000000    0.000000   clock clk (rise edge)
                                  0.000000    0.000000   clock network delay (ideal)
                      0.150000    0.000000    0.000000 ^ _32_/CLK (sky130_fd_sc_hd__dfrtp_2)
     6    0.019375    0.111118    0.435697    0.435697 ^ _32_/Q (sky130_fd_sc_hd__dfrtp_2)
                                                         sym_cnt[0] (net)
                      0.111118    0.000000    0.435697 ^ _16_/A (sky130_fd_sc_hd__nor2_2)
     1    0.001949    0.019273    0.046714    0.482411 v _16_/Y (sky130_fd_sc_hd__nor2_2)
                                                         _00_ (net)
                      0.019273    0.000000    0.482411 v _32_/D (sky130_fd_sc_hd__dfrtp_2)
                                              0.482411   data arrival time

                      0.150000    0.000000    0.000000   clock clk (rise edge)
                                  0.000000    0.000000   clock network delay (ideal)
                                  0.250000    0.250000   clock uncertainty
                                  0.000000    0.250000   clock reconvergence pessimism
                                              0.250000 ^ _32_/CLK (sky130_fd_sc_hd__dfrtp_2)
                                 -0.007702    0.242298   library hold time
                                              0.242298   data required time
---------------------------------------------------------------------------------------------
                                              0.242298   data required time
                                             -0.482411   data arrival time
---------------------------------------------------------------------------------------------
                                              0.240112   slack (MET)


Startpoint: _35_ (rising edge-triggered flip-flop clocked by clk)
Endpoint: _35_ (rising edge-triggered flip-flop clocked by clk)
Path Group: clk
Path Type: min

Fanout         Cap        Slew       Delay        Time   Description
---------------------------------------------------------------------------------------------
                      0.150000    0.000000    0.000000   clock clk (rise edge)
                                  0.000000    0.000000   clock network delay (ideal)
                      0.150000    0.000000    0.000000 ^ _35_/CLK (sky130_fd_sc_hd__dfrtp_2)
     2    0.003035    0.040411    0.369171    0.369171 ^ _35_/Q (sky130_fd_sc_hd__dfrtp_2)
                                                         sym_cnt[3] (net)
                      0.040411    0.000000    0.369171 ^ _23_/A (sky130_fd_sc_hd__and3_2)
     1    0.002005    0.039025    0.146406    0.515576 ^ _23_/X (sky130_fd_sc_hd__and3_2)
                                                         _03_ (net)
                      0.039025    0.000000    0.515576 ^ _35_/D (sky130_fd_sc_hd__dfrtp_2)
                                              0.515576   data arrival time

                      0.150000    0.000000    0.000000   clock clk (rise edge)
                                  0.000000    0.000000   clock network delay (ideal)
                                  0.250000    0.250000   clock uncertainty
                                  0.000000    0.250000   clock reconvergence pessimism
                                              0.250000 ^ _35_/CLK (sky130_fd_sc_hd__dfrtp_2)
                                 -0.019108    0.230892   library hold time
                                              0.230892   data required time
---------------------------------------------------------------------------------------------
                                              0.230892   data required time
                                             -0.515576   data arrival time
---------------------------------------------------------------------------------------------
                                              0.284684   slack (MET)


Startpoint: _31_ (rising edge-triggered flip-flop clocked by clk)
Endpoint: _30_ (rising edge-triggered flip-flop clocked by clk)
Path Group: clk
Path Type: min

Fanout         Cap        Slew       Delay        Time   Description
---------------------------------------------------------------------------------------------
                      0.150000    0.000000    0.000000   clock clk (rise edge)
                                  0.000000    0.000000   clock network delay (ideal)
                      0.150000    0.000000    0.000000 ^ _31_/CLK (sky130_fd_sc_hd__dfrtp_2)
     4    0.006275    0.054915    0.385141    0.385141 ^ _31_/Q (sky130_fd_sc_hd__dfrtp_2)
                                                         state[1] (net)
                      0.054915    0.000000    0.385141 ^ _25_/A (sky130_fd_sc_hd__or3b_2)
     1    0.004522    0.040772    0.112881    0.498022 ^ _25_/X (sky130_fd_sc_hd__or3b_2)
                                                         _12_ (net)
                      0.040772    0.000000    0.498022 ^ _26_/B1 (sky130_fd_sc_hd__o21ai_2)
     1    0.001949    0.022053    0.039373    0.537395 v _26_/Y (sky130_fd_sc_hd__o21ai_2)
                                                         next_state[0] (net)
                      0.022053    0.000000    0.537395 v _30_/D (sky130_fd_sc_hd__dfrtp_2)
                                              0.537395   data arrival time

                      0.150000    0.000000    0.000000   clock clk (rise edge)
                                  0.000000    0.000000   clock network delay (ideal)
                                  0.250000    0.250000   clock uncertainty
                                  0.000000    0.250000   clock reconvergence pessimism
                                              0.250000 ^ _30_/CLK (sky130_fd_sc_hd__dfrtp_2)
                                 -0.008832    0.241168   library hold time
                                              0.241168   data required time
---------------------------------------------------------------------------------------------
                                              0.241168   data required time
                                             -0.537395   data arrival time
---------------------------------------------------------------------------------------------
                                              0.296227   slack (MET)


Startpoint: _34_ (rising edge-triggered flip-flop clocked by clk)
Endpoint: _34_ (rising edge-triggered flip-flop clocked by clk)
Path Group: clk
Path Type: min

Fanout         Cap        Slew       Delay        Time   Description
---------------------------------------------------------------------------------------------
                      0.150000    0.000000    0.000000   clock clk (rise edge)
                                  0.000000    0.000000   clock network delay (ideal)
                      0.150000    0.000000    0.000000 ^ _34_/CLK (sky130_fd_sc_hd__dfrtp_2)
     3    0.008882    0.066025    0.396355    0.396355 ^ _34_/Q (sky130_fd_sc_hd__dfrtp_2)
                                                         sym_cnt[2] (net)
                      0.066025    0.000000    0.396355 ^ _20_/B1 (sky130_fd_sc_hd__a21o_2)
     1    0.001535    0.021481    0.080825    0.477181 ^ _20_/X (sky130_fd_sc_hd__a21o_2)
                                                         _09_ (net)
                      0.021481    0.000000    0.477181 ^ _22_/B (sky130_fd_sc_hd__and3_2)
     1    0.002005    0.038947    0.147506    0.624686 ^ _22_/X (sky130_fd_sc_hd__and3_2)
                                                         _02_ (net)
                      0.038947    0.000000    0.624686 ^ _34_/D (sky130_fd_sc_hd__dfrtp_2)
                                              0.624686   data arrival time

                      0.150000    0.000000    0.000000   clock clk (rise edge)
                                  0.000000    0.000000   clock network delay (ideal)
                                  0.250000    0.250000   clock uncertainty
                                  0.000000    0.250000   clock reconvergence pessimism
                                              0.250000 ^ _34_/CLK (sky130_fd_sc_hd__dfrtp_2)
                                 -0.019092    0.230908   library hold time
                                              0.230908   data required time
---------------------------------------------------------------------------------------------
                                              0.230908   data required time
                                             -0.624686   data arrival time
---------------------------------------------------------------------------------------------
                                              0.393778   slack (MET)


Startpoint: _33_ (rising edge-triggered flip-flop clocked by clk)
Endpoint: _33_ (rising edge-triggered flip-flop clocked by clk)
Path Group: clk
Path Type: min

Fanout         Cap        Slew       Delay        Time   Description
---------------------------------------------------------------------------------------------
                      0.150000    0.000000    0.000000   clock clk (rise edge)
                                  0.000000    0.000000   clock network delay (ideal)
                      0.150000    0.000000    0.000000 ^ _33_/CLK (sky130_fd_sc_hd__dfrtp_2)
     5    0.014590    0.090458    0.419264    0.419264 ^ _33_/Q (sky130_fd_sc_hd__dfrtp_2)
                                                         sym_cnt[1] (net)
                      0.090458    0.000000    0.419264 ^ _18_/A (sky130_fd_sc_hd__nand2_2)
     1    0.001455    0.026727    0.040159    0.459423 v _18_/Y (sky130_fd_sc_hd__nand2_2)
                                                         _08_ (net)
                      0.026727    0.000000    0.459423 v _19_/C (sky130_fd_sc_hd__and3_2)
     1    0.001949    0.031780    0.188877    0.648300 v _19_/X (sky130_fd_sc_hd__and3_2)
                                                         _01_ (net)
                      0.031780    0.000000    0.648300 v _33_/D (sky130_fd_sc_hd__dfrtp_2)
                                              0.648300   data arrival time

                      0.150000    0.000000    0.000000   clock clk (rise edge)
                                  0.000000    0.000000   clock network delay (ideal)
                                  0.250000    0.250000   clock uncertainty
                                  0.000000    0.250000   clock reconvergence pessimism
                                              0.250000 ^ _33_/CLK (sky130_fd_sc_hd__dfrtp_2)
                                 -0.012787    0.237213   library hold time
                                              0.237213   data required time
---------------------------------------------------------------------------------------------
                                              0.237213   data required time
                                             -0.648300   data arrival time
---------------------------------------------------------------------------------------------
                                              0.411087   slack (MET)


Startpoint: _30_ (rising edge-triggered flip-flop clocked by clk)
Endpoint: _31_ (rising edge-triggered flip-flop clocked by clk)
Path Group: clk
Path Type: min

Fanout         Cap        Slew       Delay        Time   Description
---------------------------------------------------------------------------------------------
                      0.150000    0.000000    0.000000   clock clk (rise edge)
                                  0.000000    0.000000   clock network delay (ideal)
                      0.150000    0.000000    0.000000 ^ _30_/CLK (sky130_fd_sc_hd__dfrtp_2)
     5    0.014336    0.089361    0.418392    0.418392 ^ _30_/Q (sky130_fd_sc_hd__dfrtp_2)
                                                         state[0] (net)
                      0.089361    0.000000    0.418392 ^ _14_/B (sky130_fd_sc_hd__and2b_2)
     5    0.010547    0.070353    0.174259    0.592651 ^ _14_/X (sky130_fd_sc_hd__and2b_2)
                                                         _05_ (net)
                      0.070353    0.000000    0.592651 ^ _27_/A (sky130_fd_sc_hd__and2_2)
     1    0.002005    0.033870    0.127959    0.720609 ^ _27_/X (sky130_fd_sc_hd__and2_2)
                                                         next_state[1] (net)
                      0.033870    0.000000    0.720609 ^ _31_/D (sky130_fd_sc_hd__dfrtp_2)
                                              0.720609   data arrival time

                      0.150000    0.000000    0.000000   clock clk (rise edge)
                                  0.000000    0.000000   clock network delay (ideal)
                                  0.250000    0.250000   clock uncertainty
                                  0.000000    0.250000   clock reconvergence pessimism
                                              0.250000 ^ _31_/CLK (sky130_fd_sc_hd__dfrtp_2)
                                 -0.018054    0.231946   library hold time
                                              0.231946   data required time
---------------------------------------------------------------------------------------------
                                              0.231946   data required time
                                             -0.720609   data arrival time
---------------------------------------------------------------------------------------------
                                              0.488663   slack (MET)


Startpoint: rst_n (input port clocked by clk)
Endpoint: _30_ (removal check against rising-edge clock clk)
Path Group: asynchronous
Path Type: min

Fanout         Cap        Slew       Delay        Time   Description
---------------------------------------------------------------------------------------------
                      0.150000    0.000000    0.000000   clock clk (rise edge)
                                  0.000000    0.000000   clock network delay (ideal)
                                 20.000000   20.000000 ^ input external delay
     6    0.021672    0.104963    0.070699   20.070700 ^ rst_n (in)
                                                         rst_n (net)
                      0.104963    0.000000   20.070700 ^ _30_/RESET_B (sky130_fd_sc_hd__dfrtp_2)
                                             20.070700   data arrival time

                      0.150000    0.000000    0.000000   clock clk (rise edge)
                                  0.000000    0.000000   clock network delay (ideal)
                                  0.250000    0.250000   clock uncertainty
                                  0.000000    0.250000   clock reconvergence pessimism
                                              0.250000 ^ _30_/CLK (sky130_fd_sc_hd__dfrtp_2)
                                  0.365448    0.615448   library removal time
                                              0.615448   data required time
---------------------------------------------------------------------------------------------
                                              0.615448   data required time
                                            -20.070700   data arrival time
---------------------------------------------------------------------------------------------
                                             19.455252   slack (MET)


Startpoint: rst_n (input port clocked by clk)
Endpoint: _31_ (removal check against rising-edge clock clk)
Path Group: asynchronous
Path Type: min

Fanout         Cap        Slew       Delay        Time   Description
---------------------------------------------------------------------------------------------
                      0.150000    0.000000    0.000000   clock clk (rise edge)
                                  0.000000    0.000000   clock network delay (ideal)
                                 20.000000   20.000000 ^ input external delay
     6    0.021672    0.104963    0.070699   20.070700 ^ rst_n (in)
                                                         rst_n (net)
                      0.104963    0.000000   20.070700 ^ _31_/RESET_B (sky130_fd_sc_hd__dfrtp_2)
                                             20.070700   data arrival time

                      0.150000    0.000000    0.000000   clock clk (rise edge)
                                  0.000000    0.000000   clock network delay (ideal)
                                  0.250000    0.250000   clock uncertainty
                                  0.000000    0.250000   clock reconvergence pessimism
                                              0.250000 ^ _31_/CLK (sky130_fd_sc_hd__dfrtp_2)
                                  0.365448    0.615448   library removal time
                                              0.615448   data required time
---------------------------------------------------------------------------------------------
                                              0.615448   data required time
                                            -20.070700   data arrival time
---------------------------------------------------------------------------------------------
                                             19.455252   slack (MET)


Startpoint: rst_n (input port clocked by clk)
Endpoint: _32_ (removal check against rising-edge clock clk)
Path Group: asynchronous
Path Type: min

Fanout         Cap        Slew       Delay        Time   Description
---------------------------------------------------------------------------------------------
                      0.150000    0.000000    0.000000   clock clk (rise edge)
                                  0.000000    0.000000   clock network delay (ideal)
                                 20.000000   20.000000 ^ input external delay
     6    0.021672    0.104963    0.070699   20.070700 ^ rst_n (in)
                                                         rst_n (net)
                      0.104963    0.000000   20.070700 ^ _32_/RESET_B (sky130_fd_sc_hd__dfrtp_2)
                                             20.070700   data arrival time

                      0.150000    0.000000    0.000000   clock clk (rise edge)
                                  0.000000    0.000000   clock network delay (ideal)
                                  0.250000    0.250000   clock uncertainty
                                  0.000000    0.250000   clock reconvergence pessimism
                                              0.250000 ^ _32_/CLK (sky130_fd_sc_hd__dfrtp_2)
                                  0.365448    0.615448   library removal time
                                              0.615448   data required time
---------------------------------------------------------------------------------------------
                                              0.615448   data required time
                                            -20.070700   data arrival time
---------------------------------------------------------------------------------------------
                                             19.455252   slack (MET)


Startpoint: rst_n (input port clocked by clk)
Endpoint: _33_ (removal check against rising-edge clock clk)
Path Group: asynchronous
Path Type: min

Fanout         Cap        Slew       Delay        Time   Description
---------------------------------------------------------------------------------------------
                      0.150000    0.000000    0.000000   clock clk (rise edge)
                                  0.000000    0.000000   clock network delay (ideal)
                                 20.000000   20.000000 ^ input external delay
     6    0.021672    0.104963    0.070699   20.070700 ^ rst_n (in)
                                                         rst_n (net)
                      0.104963    0.000000   20.070700 ^ _33_/RESET_B (sky130_fd_sc_hd__dfrtp_2)
                                             20.070700   data arrival time

                      0.150000    0.000000    0.000000   clock clk (rise edge)
                                  0.000000    0.000000   clock network delay (ideal)
                                  0.250000    0.250000   clock uncertainty
                                  0.000000    0.250000   clock reconvergence pessimism
                                              0.250000 ^ _33_/CLK (sky130_fd_sc_hd__dfrtp_2)
                                  0.365448    0.615448   library removal time
                                              0.615448   data required time
---------------------------------------------------------------------------------------------
                                              0.615448   data required time
                                            -20.070700   data arrival time
---------------------------------------------------------------------------------------------
                                             19.455252   slack (MET)


Startpoint: rst_n (input port clocked by clk)
Endpoint: _34_ (removal check against rising-edge clock clk)
Path Group: asynchronous
Path Type: min

Fanout         Cap        Slew       Delay        Time   Description
---------------------------------------------------------------------------------------------
                      0.150000    0.000000    0.000000   clock clk (rise edge)
                                  0.000000    0.000000   clock network delay (ideal)
                                 20.000000   20.000000 ^ input external delay
     6    0.021672    0.104963    0.070699   20.070700 ^ rst_n (in)
                                                         rst_n (net)
                      0.104963    0.000000   20.070700 ^ _34_/RESET_B (sky130_fd_sc_hd__dfrtp_2)
                                             20.070700   data arrival time

                      0.150000    0.000000    0.000000   clock clk (rise edge)
                                  0.000000    0.000000   clock network delay (ideal)
                                  0.250000    0.250000   clock uncertainty
                                  0.000000    0.250000   clock reconvergence pessimism
                                              0.250000 ^ _34_/CLK (sky130_fd_sc_hd__dfrtp_2)
                                  0.365448    0.615448   library removal time
                                              0.615448   data required time
---------------------------------------------------------------------------------------------
                                              0.615448   data required time
                                            -20.070700   data arrival time
---------------------------------------------------------------------------------------------
                                             19.455252   slack (MET)


Startpoint: rst_n (input port clocked by clk)
Endpoint: _35_ (removal check against rising-edge clock clk)
Path Group: asynchronous
Path Type: min

Fanout         Cap        Slew       Delay        Time   Description
---------------------------------------------------------------------------------------------
                      0.150000    0.000000    0.000000   clock clk (rise edge)
                                  0.000000    0.000000   clock network delay (ideal)
                                 20.000000   20.000000 ^ input external delay
     6    0.021672    0.104963    0.070699   20.070700 ^ rst_n (in)
                                                         rst_n (net)
                      0.104963    0.000000   20.070700 ^ _35_/RESET_B (sky130_fd_sc_hd__dfrtp_2)
                                             20.070700   data arrival time

                      0.150000    0.000000    0.000000   clock clk (rise edge)
                                  0.000000    0.000000   clock network delay (ideal)
                                  0.250000    0.250000   clock uncertainty
                                  0.000000    0.250000   clock reconvergence pessimism
                                              0.250000 ^ _35_/CLK (sky130_fd_sc_hd__dfrtp_2)
                                  0.365448    0.615448   library removal time
                                              0.615448   data required time
---------------------------------------------------------------------------------------------
                                              0.615448   data required time
                                            -20.070700   data arrival time
---------------------------------------------------------------------------------------------
                                             19.455252   slack (MET)


Startpoint: _31_ (rising edge-triggered flip-flop clocked by clk)
Endpoint: frame_done (output port clocked by clk)
Path Group: clk
Path Type: min

Fanout         Cap        Slew       Delay        Time   Description
---------------------------------------------------------------------------------------------
                      0.150000    0.000000    0.000000   clock clk (rise edge)
                                  0.000000    0.000000   clock network delay (ideal)
                      0.150000    0.000000    0.000000 ^ _31_/CLK (sky130_fd_sc_hd__dfrtp_2)
     4    0.006275    0.054915    0.385141    0.385141 ^ _31_/Q (sky130_fd_sc_hd__dfrtp_2)
                                                         state[1] (net)
                      0.054915    0.000000    0.385141 ^ _28_/B (sky130_fd_sc_hd__and2b_2)
     2    0.038106    0.196588    0.260587    0.645729 ^ _28_/X (sky130_fd_sc_hd__and2b_2)
                                                         frame_done (net)
                      0.196588    0.000000    0.645729 ^ frame_done (out)
                                              0.645729   data arrival time

                      0.150000    0.000000    0.000000   clock clk (rise edge)
                                  0.000000    0.000000   clock network delay (ideal)
                                  0.250000    0.250000   clock uncertainty
                                  0.000000    0.250000   clock reconvergence pessimism
                                -20.000000  -19.750002   output external delay
                                            -19.750002   data required time
---------------------------------------------------------------------------------------------
                                            -19.750002   data required time
                                             -0.645729   data arrival time
---------------------------------------------------------------------------------------------
                                             20.395731   slack (MET)


Startpoint: _30_ (rising edge-triggered flip-flop clocked by clk)
Endpoint: clr_me (output port clocked by clk)
Path Group: clk
Path Type: min

Fanout         Cap        Slew       Delay        Time   Description
---------------------------------------------------------------------------------------------
                      0.150000    0.000000    0.000000   clock clk (rise edge)
                                  0.000000    0.000000   clock network delay (ideal)
                      0.150000    0.000000    0.000000 ^ _30_/CLK (sky130_fd_sc_hd__dfrtp_2)
     5    0.013140    0.066600    0.455506    0.455506 v _30_/Q (sky130_fd_sc_hd__dfrtp_2)
                                                         state[0] (net)
                      0.066600    0.000000    0.455506 v _13_/A (sky130_fd_sc_hd__inv_2)
     1    0.004504    0.033398    0.054780    0.510286 ^ _13_/Y (sky130_fd_sc_hd__inv_2)
                                                         _04_ (net)
                      0.033398    0.000000    0.510286 ^ _29_/A1 (sky130_fd_sc_hd__a211oi_2)
     1    0.033442    0.094309    0.140051    0.650337 v _29_/Y (sky130_fd_sc_hd__a211oi_2)
                                                         clr_me (net)
                      0.094309    0.000000    0.650337 v clr_me (out)
                                              0.650337   data arrival time

                      0.150000    0.000000    0.000000   clock clk (rise edge)
                                  0.000000    0.000000   clock network delay (ideal)
                                  0.250000    0.250000   clock uncertainty
                                  0.000000    0.250000   clock reconvergence pessimism
                                -20.000000  -19.750002   output external delay
                                            -19.750002   data required time
---------------------------------------------------------------------------------------------
                                            -19.750002   data required time
                                             -0.650337   data arrival time
---------------------------------------------------------------------------------------------
                                             20.400337   slack (MET)



