
===========================================================================
 report_power
============================================================================
======================= nom_tt_025C_1v80 Corner ===================================

Group                    Internal    Switching      Leakage        Total
                            Power        Power        Power        Power (Watts)
------------------------------------------------------------------------
Sequential           3.545089e-06 9.552944e-07 6.798537e-11 4.500452e-06  55.7%
Combinational        2.020266e-06 1.552282e-06 6.380475e-11 3.572612e-06  44.3%
Clock                0.000000e+00 0.000000e+00 0.000000e+00 0.000000e+00   0.0%
Macro                0.000000e+00 0.000000e+00 0.000000e+00 0.000000e+00   0.0%
Pad                  0.000000e+00 0.000000e+00 0.000000e+00 0.000000e+00   0.0%
------------------------------------------------------------------------
Total                5.565356e-06 2.507576e-06 1.317901e-10 8.073064e-06 100.0%
                            68.9%        31.1%         0.0%

