
===========================================================================
report_checks -path_delay max (Setup)
============================================================================
======================= nom_tt_025C_1v80 Corner ===================================

Startpoint: received[0] (input port clocked by __VIRTUAL_CLK__)
Endpoint: bm_00_10[0] (output port clocked by __VIRTUAL_CLK__)
Path Group: __VIRTUAL_CLK__
Path Type: max

Fanout         Cap        Slew       Delay        Time   Description
---------------------------------------------------------------------------------------------
                      0.000000    0.000000    0.000000   clock __VIRTUAL_CLK__ (rise edge)
                                  0.000000    0.000000   clock network delay (ideal)
                                  2.000000    2.000000 ^ input external delay
     6    0.034047    0.158376    0.109452    2.109452 ^ received[0] (in)
                                                         received[0] (net)
                      0.158379    0.000000    2.109452 ^ _02_/A (sky130_fd_sc_hd__xor2_2)
     4    0.042447    0.516830    0.447429    2.556880 ^ _02_/X (sky130_fd_sc_hd__xor2_2)
                                                         bm_00_00[0] (net)
                      0.516830    0.000473    2.557354 ^ _06_/A (sky130_fd_sc_hd__buf_2)
     1    0.034068    0.171252    0.306768    2.864121 ^ _06_/X (sky130_fd_sc_hd__buf_2)
                                                         bm_00_10[0] (net)
                      0.171252    0.000089    2.864210 ^ bm_00_10[0] (out)
                                              2.864210   data arrival time

                      0.000000   10.000000   10.000000   clock __VIRTUAL_CLK__ (rise edge)
                                  0.000000   10.000000   clock network delay (ideal)
                                 -0.250000    9.750000   clock uncertainty
                                  0.000000    9.750000   clock reconvergence pessimism
                                 -2.000000    7.750000   output external delay
                                              7.750000   data required time
---------------------------------------------------------------------------------------------
                                              7.750000   data required time
                                             -2.864210   data arrival time
---------------------------------------------------------------------------------------------
                                              4.885790   slack (MET)


Startpoint: received[0] (input port clocked by __VIRTUAL_CLK__)
Endpoint: bm_01_10[0] (output port clocked by __VIRTUAL_CLK__)
Path Group: __VIRTUAL_CLK__
Path Type: max

Fanout         Cap        Slew       Delay        Time   Description
---------------------------------------------------------------------------------------------
                      0.000000    0.000000    0.000000   clock __VIRTUAL_CLK__ (rise edge)
                                  0.000000    0.000000   clock network delay (ideal)
                                  2.000000    2.000000 ^ input external delay
     6    0.034047    0.158376    0.109452    2.109452 ^ received[0] (in)
                                                         received[0] (net)
                      0.158379    0.000000    2.109452 ^ _02_/A (sky130_fd_sc_hd__xor2_2)
     4    0.042447    0.516830    0.447429    2.556880 ^ _02_/X (sky130_fd_sc_hd__xor2_2)
                                                         bm_00_00[0] (net)
                      0.516830    0.000039    2.556919 ^ _09_/A (sky130_fd_sc_hd__buf_2)
     1    0.034189    0.171803    0.307153    2.864072 ^ _09_/X (sky130_fd_sc_hd__buf_2)
                                                         bm_01_10[0] (net)
                      0.171803    0.000117    2.864189 ^ bm_01_10[0] (out)
                                              2.864189   data arrival time

                      0.000000   10.000000   10.000000   clock __VIRTUAL_CLK__ (rise edge)
                                  0.000000   10.000000   clock network delay (ideal)
                                 -0.250000    9.750000   clock uncertainty
                                  0.000000    9.750000   clock reconvergence pessimism
                                 -2.000000    7.750000   output external delay
                                              7.750000   data required time
---------------------------------------------------------------------------------------------
                                              7.750000   data required time
                                             -2.864189   data arrival time
---------------------------------------------------------------------------------------------
                                              4.885811   slack (MET)


Startpoint: received[0] (input port clocked by __VIRTUAL_CLK__)
Endpoint: bm_01_00[0] (output port clocked by __VIRTUAL_CLK__)
Path Group: __VIRTUAL_CLK__
Path Type: max

Fanout         Cap        Slew       Delay        Time   Description
---------------------------------------------------------------------------------------------
                      0.000000    0.000000    0.000000   clock __VIRTUAL_CLK__ (rise edge)
                                  0.000000    0.000000   clock network delay (ideal)
                                  2.000000    2.000000 ^ input external delay
     6    0.034047    0.158376    0.109452    2.109452 ^ received[0] (in)
                                                         received[0] (net)
                      0.158379    0.000000    2.109452 ^ _02_/A (sky130_fd_sc_hd__xor2_2)
     4    0.042447    0.516830    0.447429    2.556880 ^ _02_/X (sky130_fd_sc_hd__xor2_2)
                                                         bm_00_00[0] (net)
                      0.516830    0.000228    2.557109 ^ _07_/A (sky130_fd_sc_hd__buf_2)
     1    0.034055    0.171196    0.306728    2.863837 ^ _07_/X (sky130_fd_sc_hd__buf_2)
                                                         bm_01_00[0] (net)
                      0.171196    0.000086    2.863923 ^ bm_01_00[0] (out)
                                              2.863923   data arrival time

                      0.000000   10.000000   10.000000   clock __VIRTUAL_CLK__ (rise edge)
                                  0.000000   10.000000   clock network delay (ideal)
                                 -0.250000    9.750000   clock uncertainty
                                  0.000000    9.750000   clock reconvergence pessimism
                                 -2.000000    7.750000   output external delay
                                              7.750000   data required time
---------------------------------------------------------------------------------------------
                                              7.750000   data required time
                                             -2.863923   data arrival time
---------------------------------------------------------------------------------------------
                                              4.886076   slack (MET)


Startpoint: received[0] (input port clocked by __VIRTUAL_CLK__)
Endpoint: bm_11_11[0] (output port clocked by __VIRTUAL_CLK__)
Path Group: __VIRTUAL_CLK__
Path Type: max

Fanout         Cap        Slew       Delay        Time   Description
---------------------------------------------------------------------------------------------
                      0.000000    0.000000    0.000000   clock __VIRTUAL_CLK__ (rise edge)
                                  0.000000    0.000000   clock network delay (ideal)
                                  2.000000    2.000000 v input external delay
     6    0.031776    0.071516    0.051014    2.051014 v received[0] (in)
                                                         received[0] (net)
                      0.071526    0.000000    2.051014 v _03_/A (sky130_fd_sc_hd__xnor2_2)
     4    0.041424    0.545657    0.466443    2.517457 ^ _03_/Y (sky130_fd_sc_hd__xnor2_2)
                                                         bm_10_01[0] (net)
                      0.545657    0.000052    2.517509 ^ _14_/A (sky130_fd_sc_hd__buf_2)
     1    0.034999    0.175648    0.314291    2.831800 ^ _14_/X (sky130_fd_sc_hd__buf_2)
                                                         bm_11_11[0] (net)
                      0.175648    0.000307    2.832107 ^ bm_11_11[0] (out)
                                              2.832107   data arrival time

                      0.000000   10.000000   10.000000   clock __VIRTUAL_CLK__ (rise edge)
                                  0.000000   10.000000   clock network delay (ideal)
                                 -0.250000    9.750000   clock uncertainty
                                  0.000000    9.750000   clock reconvergence pessimism
                                 -2.000000    7.750000   output external delay
                                              7.750000   data required time
---------------------------------------------------------------------------------------------
                                              7.750000   data required time
                                             -2.832107   data arrival time
---------------------------------------------------------------------------------------------
                                              4.917893   slack (MET)


Startpoint: received[0] (input port clocked by __VIRTUAL_CLK__)
Endpoint: bm_11_01[0] (output port clocked by __VIRTUAL_CLK__)
Path Group: __VIRTUAL_CLK__
Path Type: max

Fanout         Cap        Slew       Delay        Time   Description
---------------------------------------------------------------------------------------------
                      0.000000    0.000000    0.000000   clock __VIRTUAL_CLK__ (rise edge)
                                  0.000000    0.000000   clock network delay (ideal)
                                  2.000000    2.000000 v input external delay
     6    0.031776    0.071516    0.051014    2.051014 v received[0] (in)
                                                         received[0] (net)
                      0.071526    0.000000    2.051014 v _03_/A (sky130_fd_sc_hd__xnor2_2)
     4    0.041424    0.545657    0.466443    2.517457 ^ _03_/Y (sky130_fd_sc_hd__xnor2_2)
                                                         bm_10_01[0] (net)
                      0.545657    0.000051    2.517507 ^ _12_/A (sky130_fd_sc_hd__buf_2)
     1    0.034147    0.171797    0.311590    2.829098 ^ _12_/X (sky130_fd_sc_hd__buf_2)
                                                         bm_11_01[0] (net)
                      0.171797    0.000107    2.829205 ^ bm_11_01[0] (out)
                                              2.829205   data arrival time

                      0.000000   10.000000   10.000000   clock __VIRTUAL_CLK__ (rise edge)
                                  0.000000   10.000000   clock network delay (ideal)
                                 -0.250000    9.750000   clock uncertainty
                                  0.000000    9.750000   clock reconvergence pessimism
                                 -2.000000    7.750000   output external delay
                                              7.750000   data required time
---------------------------------------------------------------------------------------------
                                              7.750000   data required time
                                             -2.829205   data arrival time
---------------------------------------------------------------------------------------------
                                              4.920795   slack (MET)


Startpoint: received[0] (input port clocked by __VIRTUAL_CLK__)
Endpoint: bm_10_11[0] (output port clocked by __VIRTUAL_CLK__)
Path Group: __VIRTUAL_CLK__
Path Type: max

Fanout         Cap        Slew       Delay        Time   Description
---------------------------------------------------------------------------------------------
                      0.000000    0.000000    0.000000   clock __VIRTUAL_CLK__ (rise edge)
                                  0.000000    0.000000   clock network delay (ideal)
                                  2.000000    2.000000 v input external delay
     6    0.031776    0.071516    0.051014    2.051014 v received[0] (in)
                                                         received[0] (net)
                      0.071526    0.000000    2.051014 v _03_/A (sky130_fd_sc_hd__xnor2_2)
     4    0.041424    0.545657    0.466443    2.517457 ^ _03_/Y (sky130_fd_sc_hd__xnor2_2)
                                                         bm_10_01[0] (net)
                      0.545657    0.000027    2.517483 ^ _11_/A (sky130_fd_sc_hd__buf_2)
     1    0.034060    0.171399    0.311311    2.828795 ^ _11_/X (sky130_fd_sc_hd__buf_2)
                                                         bm_10_11[0] (net)
                      0.171399    0.000087    2.828882 ^ bm_10_11[0] (out)
                                              2.828882   data arrival time

                      0.000000   10.000000   10.000000   clock __VIRTUAL_CLK__ (rise edge)
                                  0.000000   10.000000   clock network delay (ideal)
                                 -0.250000    9.750000   clock uncertainty
                                  0.000000    9.750000   clock reconvergence pessimism
                                 -2.000000    7.750000   output external delay
                                              7.750000   data required time
---------------------------------------------------------------------------------------------
                                              7.750000   data required time
                                             -2.828882   data arrival time
---------------------------------------------------------------------------------------------
                                              4.921119   slack (MET)


Startpoint: received[0] (input port clocked by __VIRTUAL_CLK__)
Endpoint: bm_01_00[1] (output port clocked by __VIRTUAL_CLK__)
Path Group: __VIRTUAL_CLK__
Path Type: max

Fanout         Cap        Slew       Delay        Time   Description
---------------------------------------------------------------------------------------------
                      0.000000    0.000000    0.000000   clock __VIRTUAL_CLK__ (rise edge)
                                  0.000000    0.000000   clock network delay (ideal)
                                  2.000000    2.000000 v input external delay
     6    0.031776    0.071516    0.050850    2.050850 v received[0] (in)
                                                         received[0] (net)
                      0.071522    0.000000    2.050850 v _01_/A (sky130_fd_sc_hd__nor2_2)
     2    0.037012    0.405728    0.357326    2.408176 ^ _01_/Y (sky130_fd_sc_hd__nor2_2)
                                                         bm_00_10[1] (net)
                      0.405728    0.000038    2.408214 ^ _08_/A (sky130_fd_sc_hd__buf_2)
     1    0.034062    0.170522    0.289142    2.697356 ^ _08_/X (sky130_fd_sc_hd__buf_2)
                                                         bm_01_00[1] (net)
                      0.170522    0.000087    2.697443 ^ bm_01_00[1] (out)
                                              2.697443   data arrival time

                      0.000000   10.000000   10.000000   clock __VIRTUAL_CLK__ (rise edge)
                                  0.000000   10.000000   clock network delay (ideal)
                                 -0.250000    9.750000   clock uncertainty
                                  0.000000    9.750000   clock reconvergence pessimism
                                 -2.000000    7.750000   output external delay
                                              7.750000   data required time
---------------------------------------------------------------------------------------------
                                              7.750000   data required time
                                             -2.697443   data arrival time
---------------------------------------------------------------------------------------------
                                              5.052557   slack (MET)


Startpoint: received[0] (input port clocked by __VIRTUAL_CLK__)
Endpoint: bm_01_10[1] (output port clocked by __VIRTUAL_CLK__)
Path Group: __VIRTUAL_CLK__
Path Type: max

Fanout         Cap        Slew       Delay        Time   Description
---------------------------------------------------------------------------------------------
                      0.000000    0.000000    0.000000   clock __VIRTUAL_CLK__ (rise edge)
                                  0.000000    0.000000   clock network delay (ideal)
                                  2.000000    2.000000 ^ input external delay
     6    0.034047    0.158376    0.109501    2.109501 ^ received[0] (in)
                                                         received[0] (net)
                      0.158379    0.000000    2.109501 ^ _00_/A (sky130_fd_sc_hd__and2_2)
     2    0.038603    0.201817    0.293645    2.403146 ^ _00_/X (sky130_fd_sc_hd__and2_2)
                                                         bm_00_00[1] (net)
                      0.201817    0.000003    2.403149 ^ _10_/A (sky130_fd_sc_hd__buf_2)
     1    0.034206    0.170299    0.248265    2.651413 ^ _10_/X (sky130_fd_sc_hd__buf_2)
                                                         bm_01_10[1] (net)
                      0.170299    0.000121    2.651534 ^ bm_01_10[1] (out)
                                              2.651534   data arrival time

                      0.000000   10.000000   10.000000   clock __VIRTUAL_CLK__ (rise edge)
                                  0.000000   10.000000   clock network delay (ideal)
                                 -0.250000    9.750000   clock uncertainty
                                  0.000000    9.750000   clock reconvergence pessimism
                                 -2.000000    7.750000   output external delay
                                              7.750000   data required time
---------------------------------------------------------------------------------------------
                                              7.750000   data required time
                                             -2.651534   data arrival time
---------------------------------------------------------------------------------------------
                                              5.098466   slack (MET)


Startpoint: received[0] (input port clocked by __VIRTUAL_CLK__)
Endpoint: bm_11_11[1] (output port clocked by __VIRTUAL_CLK__)
Path Group: __VIRTUAL_CLK__
Path Type: max

Fanout         Cap        Slew       Delay        Time   Description
---------------------------------------------------------------------------------------------
                      0.000000    0.000000    0.000000   clock __VIRTUAL_CLK__ (rise edge)
                                  0.000000    0.000000   clock network delay (ideal)
                                  2.000000    2.000000 ^ input external delay
     6    0.034047    0.158376    0.109618    2.109618 ^ received[0] (in)
                                                         received[0] (net)
                      0.158381    0.000000    2.109618 ^ _05_/B (sky130_fd_sc_hd__and2b_2)
     2    0.036197    0.184627    0.282072    2.391690 ^ _05_/X (sky130_fd_sc_hd__and2b_2)
                                                         bm_10_01[1] (net)
                      0.184627    0.000003    2.391693 ^ _15_/A (sky130_fd_sc_hd__buf_2)
     1    0.036612    0.181285    0.251200    2.642893 ^ _15_/X (sky130_fd_sc_hd__buf_2)
                                                         bm_11_11[1] (net)
                      0.181285    0.000700    2.643593 ^ bm_11_11[1] (out)
                                              2.643593   data arrival time

                      0.000000   10.000000   10.000000   clock __VIRTUAL_CLK__ (rise edge)
                                  0.000000   10.000000   clock network delay (ideal)
                                 -0.250000    9.750000   clock uncertainty
                                  0.000000    9.750000   clock reconvergence pessimism
                                 -2.000000    7.750000   output external delay
                                              7.750000   data required time
---------------------------------------------------------------------------------------------
                                              7.750000   data required time
                                             -2.643593   data arrival time
---------------------------------------------------------------------------------------------
                                              5.106407   slack (MET)


Startpoint: received[0] (input port clocked by __VIRTUAL_CLK__)
Endpoint: bm_11_01[1] (output port clocked by __VIRTUAL_CLK__)
Path Group: __VIRTUAL_CLK__
Path Type: max

Fanout         Cap        Slew       Delay        Time   Description
---------------------------------------------------------------------------------------------
                      0.000000    0.000000    0.000000   clock __VIRTUAL_CLK__ (rise edge)
                                  0.000000    0.000000   clock network delay (ideal)
                                  2.000000    2.000000 ^ input external delay
     6    0.034047    0.158376    0.109622    2.109622 ^ received[0] (in)
                                                         received[0] (net)
                      0.158381    0.000000    2.109622 ^ _04_/A_N (sky130_fd_sc_hd__and2b_2)
     2    0.036286    0.105817    0.318826    2.428448 v _04_/X (sky130_fd_sc_hd__and2b_2)
                                                         bm_10_11[1] (net)
                      0.105817    0.000104    2.428552 v _13_/A (sky130_fd_sc_hd__buf_2)
     1    0.034894    0.090683    0.209046    2.637598 v _13_/X (sky130_fd_sc_hd__buf_2)
                                                         bm_11_01[1] (net)
                      0.090683    0.000282    2.637881 v bm_11_01[1] (out)
                                              2.637881   data arrival time

                      0.000000   10.000000   10.000000   clock __VIRTUAL_CLK__ (rise edge)
                                  0.000000   10.000000   clock network delay (ideal)
                                 -0.250000    9.750000   clock uncertainty
                                  0.000000    9.750000   clock reconvergence pessimism
                                 -2.000000    7.750000   output external delay
                                              7.750000   data required time
---------------------------------------------------------------------------------------------
                                              7.750000   data required time
                                             -2.637881   data arrival time
---------------------------------------------------------------------------------------------
                                              5.112119   slack (MET)


Startpoint: received[0] (input port clocked by __VIRTUAL_CLK__)
Endpoint: bm_00_00[0] (output port clocked by __VIRTUAL_CLK__)
Path Group: __VIRTUAL_CLK__
Path Type: max

Fanout         Cap        Slew       Delay        Time   Description
---------------------------------------------------------------------------------------------
                      0.000000    0.000000    0.000000   clock __VIRTUAL_CLK__ (rise edge)
                                  0.000000    0.000000   clock network delay (ideal)
                                  2.000000    2.000000 ^ input external delay
     6    0.034047    0.158376    0.109452    2.109452 ^ received[0] (in)
                                                         received[0] (net)
                      0.158379    0.000000    2.109452 ^ _02_/A (sky130_fd_sc_hd__xor2_2)
     4    0.042447    0.516830    0.447429    2.556880 ^ _02_/X (sky130_fd_sc_hd__xor2_2)
                                                         bm_00_00[0] (net)
                      0.516832    0.000786    2.557666 ^ bm_00_00[0] (out)
                                              2.557666   data arrival time

                      0.000000   10.000000   10.000000   clock __VIRTUAL_CLK__ (rise edge)
                                  0.000000   10.000000   clock network delay (ideal)
                                 -0.250000    9.750000   clock uncertainty
                                  0.000000    9.750000   clock reconvergence pessimism
                                 -2.000000    7.750000   output external delay
                                              7.750000   data required time
---------------------------------------------------------------------------------------------
                                              7.750000   data required time
                                             -2.557666   data arrival time
---------------------------------------------------------------------------------------------
                                              5.192334   slack (MET)


Startpoint: received[0] (input port clocked by __VIRTUAL_CLK__)
Endpoint: bm_10_01[0] (output port clocked by __VIRTUAL_CLK__)
Path Group: __VIRTUAL_CLK__
Path Type: max

Fanout         Cap        Slew       Delay        Time   Description
---------------------------------------------------------------------------------------------
                      0.000000    0.000000    0.000000   clock __VIRTUAL_CLK__ (rise edge)
                                  0.000000    0.000000   clock network delay (ideal)
                                  2.000000    2.000000 v input external delay
     6    0.031776    0.071516    0.051014    2.051014 v received[0] (in)
                                                         received[0] (net)
                      0.071526    0.000000    2.051014 v _03_/A (sky130_fd_sc_hd__xnor2_2)
     4    0.041424    0.545657    0.466443    2.517457 ^ _03_/Y (sky130_fd_sc_hd__xnor2_2)
                                                         bm_10_01[0] (net)
                      0.545657    0.000177    2.517634 ^ bm_10_01[0] (out)
                                              2.517634   data arrival time

                      0.000000   10.000000   10.000000   clock __VIRTUAL_CLK__ (rise edge)
                                  0.000000   10.000000   clock network delay (ideal)
                                 -0.250000    9.750000   clock uncertainty
                                  0.000000    9.750000   clock reconvergence pessimism
                                 -2.000000    7.750000   output external delay
                                              7.750000   data required time
---------------------------------------------------------------------------------------------
                                              7.750000   data required time
                                             -2.517634   data arrival time
---------------------------------------------------------------------------------------------
                                              5.232366   slack (MET)


Startpoint: received[0] (input port clocked by __VIRTUAL_CLK__)
Endpoint: bm_10_11[1] (output port clocked by __VIRTUAL_CLK__)
Path Group: __VIRTUAL_CLK__
Path Type: max

Fanout         Cap        Slew       Delay        Time   Description
---------------------------------------------------------------------------------------------
                      0.000000    0.000000    0.000000   clock __VIRTUAL_CLK__ (rise edge)
                                  0.000000    0.000000   clock network delay (ideal)
                                  2.000000    2.000000 ^ input external delay
     6    0.034047    0.158376    0.109622    2.109622 ^ received[0] (in)
                                                         received[0] (net)
                      0.158381    0.000000    2.109622 ^ _04_/A_N (sky130_fd_sc_hd__and2b_2)
     2    0.036286    0.105817    0.318826    2.428448 v _04_/X (sky130_fd_sc_hd__and2b_2)
                                                         bm_10_11[1] (net)
                      0.105817    0.000181    2.428629 v bm_10_11[1] (out)
                                              2.428629   data arrival time

                      0.000000   10.000000   10.000000   clock __VIRTUAL_CLK__ (rise edge)
                                  0.000000   10.000000   clock network delay (ideal)
                                 -0.250000    9.750000   clock uncertainty
                                  0.000000    9.750000   clock reconvergence pessimism
                                 -2.000000    7.750000   output external delay
                                              7.750000   data required time
---------------------------------------------------------------------------------------------
                                              7.750000   data required time
                                             -2.428629   data arrival time
---------------------------------------------------------------------------------------------
                                              5.321371   slack (MET)


Startpoint: received[1] (input port clocked by __VIRTUAL_CLK__)
Endpoint: bm_10_01[1] (output port clocked by __VIRTUAL_CLK__)
Path Group: __VIRTUAL_CLK__
Path Type: max

Fanout         Cap        Slew       Delay        Time   Description
---------------------------------------------------------------------------------------------
                      0.000000    0.000000    0.000000   clock __VIRTUAL_CLK__ (rise edge)
                                  0.000000    0.000000   clock network delay (ideal)
                                  2.000000    2.000000 ^ input external delay
     6    0.032627    0.152045    0.104999    2.104999 ^ received[1] (in)
                                                         received[1] (net)
                      0.152048    0.000000    2.104999 ^ _05_/A_N (sky130_fd_sc_hd__and2b_2)
     2    0.036037    0.106130    0.317196    2.422194 v _05_/X (sky130_fd_sc_hd__and2b_2)
                                                         bm_10_01[1] (net)
                      0.106130    0.000109    2.422303 v bm_10_01[1] (out)
                                              2.422303   data arrival time

                      0.000000   10.000000   10.000000   clock __VIRTUAL_CLK__ (rise edge)
                                  0.000000   10.000000   clock network delay (ideal)
                                 -0.250000    9.750000   clock uncertainty
                                  0.000000    9.750000   clock reconvergence pessimism
                                 -2.000000    7.750000   output external delay
                                              7.750000   data required time
---------------------------------------------------------------------------------------------
                                              7.750000   data required time
                                             -2.422303   data arrival time
---------------------------------------------------------------------------------------------
                                              5.327697   slack (MET)


Startpoint: received[0] (input port clocked by __VIRTUAL_CLK__)
Endpoint: bm_00_10[1] (output port clocked by __VIRTUAL_CLK__)
Path Group: __VIRTUAL_CLK__
Path Type: max

Fanout         Cap        Slew       Delay        Time   Description
---------------------------------------------------------------------------------------------
                      0.000000    0.000000    0.000000   clock __VIRTUAL_CLK__ (rise edge)
                                  0.000000    0.000000   clock network delay (ideal)
                                  2.000000    2.000000 v input external delay
     6    0.031776    0.071516    0.050850    2.050850 v received[0] (in)
                                                         received[0] (net)
                      0.071522    0.000000    2.050850 v _01_/A (sky130_fd_sc_hd__nor2_2)
     2    0.037012    0.405728    0.357326    2.408176 ^ _01_/Y (sky130_fd_sc_hd__nor2_2)
                                                         bm_00_10[1] (net)
                      0.405728    0.000341    2.408517 ^ bm_00_10[1] (out)
                                              2.408517   data arrival time

                      0.000000   10.000000   10.000000   clock __VIRTUAL_CLK__ (rise edge)
                                  0.000000   10.000000   clock network delay (ideal)
                                 -0.250000    9.750000   clock uncertainty
                                  0.000000    9.750000   clock reconvergence pessimism
                                 -2.000000    7.750000   output external delay
                                              7.750000   data required time
---------------------------------------------------------------------------------------------
                                              7.750000   data required time
                                             -2.408517   data arrival time
---------------------------------------------------------------------------------------------
                                              5.341483   slack (MET)


Startpoint: received[0] (input port clocked by __VIRTUAL_CLK__)
Endpoint: bm_00_00[1] (output port clocked by __VIRTUAL_CLK__)
Path Group: __VIRTUAL_CLK__
Path Type: max

Fanout         Cap        Slew       Delay        Time   Description
---------------------------------------------------------------------------------------------
                      0.000000    0.000000    0.000000   clock __VIRTUAL_CLK__ (rise edge)
                                  0.000000    0.000000   clock network delay (ideal)
                                  2.000000    2.000000 ^ input external delay
     6    0.034047    0.158376    0.109501    2.109501 ^ received[0] (in)
                                                         received[0] (net)
                      0.158379    0.000000    2.109501 ^ _00_/A (sky130_fd_sc_hd__and2_2)
     2    0.038603    0.201817    0.293645    2.403146 ^ _00_/X (sky130_fd_sc_hd__and2_2)
                                                         bm_00_00[1] (net)
                      0.201817    0.000689    2.403835 ^ bm_00_00[1] (out)
                                              2.403835   data arrival time

                      0.000000   10.000000   10.000000   clock __VIRTUAL_CLK__ (rise edge)
                                  0.000000   10.000000   clock network delay (ideal)
                                 -0.250000    9.750000   clock uncertainty
                                  0.000000    9.750000   clock reconvergence pessimism
                                 -2.000000    7.750000   output external delay
                                              7.750000   data required time
---------------------------------------------------------------------------------------------
                                              7.750000   data required time
                                             -2.403835   data arrival time
---------------------------------------------------------------------------------------------
                                              5.346165   slack (MET)



