
===========================================================================
report_checks -path_delay max (Setup)
============================================================================
======================= nom_ss_100C_1v60 Corner ===================================

Startpoint: start (input port clocked by clk)
Endpoint: clr_me (output port clocked by clk)
Path Group: clk
Path Type: max

Fanout         Cap        Slew       Delay        Time   Description
---------------------------------------------------------------------------------------------
                                  0.000000    0.000000   clock clk (rise edge)
                                  0.000000    0.000000   clock network delay (propagated)
                                 20.000000   20.000000 v input external delay
     1    0.002523    0.017409    0.008363   20.008364 v start (in)
                                                         start (net)
                      0.017409    0.000000   20.008364 v input2/A (sky130_fd_sc_hd__clkbuf_1)
     2    0.006350    0.086519    0.167660   20.176023 v input2/X (sky130_fd_sc_hd__clkbuf_1)
                                                         net2 (net)
                      0.086519    0.000176   20.176199 v _29_/A2 (sky130_fd_sc_hd__a211oi_1)
     1    0.002367    0.284336    0.376986   20.553185 ^ _29_/Y (sky130_fd_sc_hd__a211oi_1)
                                                         net3 (net)
                      0.284336    0.000069   20.553253 ^ output3/A (sky130_fd_sc_hd__buf_2)
     1    0.034405    0.273746    0.439698   20.992952 ^ output3/X (sky130_fd_sc_hd__buf_2)
                                                         clr_me (net)
                      0.273746    0.000748   20.993700 ^ clr_me (out)
                                             20.993700   data arrival time

                                100.000000  100.000000   clock clk (rise edge)
                                  0.000000  100.000000   clock network delay (propagated)
                                 -0.250000   99.750000   clock uncertainty
                                  0.000000   99.750000   clock reconvergence pessimism
                                -20.000000   79.750000   output external delay
                                             79.750000   data required time
---------------------------------------------------------------------------------------------
                                             79.750000   data required time
                                            -20.993700   data arrival time
---------------------------------------------------------------------------------------------
                                             58.756298   slack (MET)


Startpoint: _30_ (rising edge-triggered flip-flop clocked by clk)
Endpoint: frame_done (output port clocked by clk)
Path Group: clk
Path Type: max

Fanout         Cap        Slew       Delay        Time   Description
---------------------------------------------------------------------------------------------
                                  0.000000    0.000000   clock clk (rise edge)
                                  0.000000    0.000000   clock source latency
     1    0.010613    0.085337    0.055520    0.055520 ^ clk (in)
                                                         clk (net)
                      0.085339    0.000000    0.055520 ^ clkbuf_0_clk/A (sky130_fd_sc_hd__clkbuf_16)
     2    0.019103    0.066310    0.227244    0.282765 ^ clkbuf_0_clk/X (sky130_fd_sc_hd__clkbuf_16)
                                                         clknet_0_clk (net)
                      0.066310    0.000313    0.283078 ^ clkbuf_1_0__f_clk/A (sky130_fd_sc_hd__clkbuf_16)
     3    0.008483    0.052469    0.203031    0.486109 ^ clkbuf_1_0__f_clk/X (sky130_fd_sc_hd__clkbuf_16)
                                                         clknet_1_0__leaf_clk (net)
                      0.052469    0.000186    0.486294 ^ _30_/CLK (sky130_fd_sc_hd__dfrtp_1)
     5    0.015859    0.183753    0.844083    1.330377 v _30_/Q (sky130_fd_sc_hd__dfrtp_1)
                                                         state[0] (net)
                      0.183753    0.000284    1.330661 v _28_/A_N (sky130_fd_sc_hd__and2b_1)
     2    0.016223    0.245350    0.559643    1.890304 ^ _28_/X (sky130_fd_sc_hd__and2b_1)
                                                         net4 (net)
                      0.245350    0.000652    1.890956 ^ output4/A (sky130_fd_sc_hd__buf_2)
     1    0.033894    0.269748    0.421946    2.312902 ^ output4/X (sky130_fd_sc_hd__buf_2)
                                                         frame_done (net)
                      0.269748    0.000610    2.313512 ^ frame_done (out)
                                              2.313512   data arrival time

                                100.000000  100.000000   clock clk (rise edge)
                                  0.000000  100.000000   clock network delay (propagated)
                                 -0.250000   99.750000   clock uncertainty
                                  0.000000   99.750000   clock reconvergence pessimism
                                -20.000000   79.750000   output external delay
                                             79.750000   data required time
---------------------------------------------------------------------------------------------
                                             79.750000   data required time
                                             -2.313512   data arrival time
---------------------------------------------------------------------------------------------
                                             77.436485   slack (MET)


Startpoint: start (input port clocked by clk)
Endpoint: _30_ (rising edge-triggered flip-flop clocked by clk)
Path Group: clk
Path Type: max

Fanout         Cap        Slew       Delay        Time   Description
---------------------------------------------------------------------------------------------
                                  0.000000    0.000000   clock clk (rise edge)
                                  0.000000    0.000000   clock network delay (propagated)
                                 20.000000   20.000000 ^ input external delay
     1    0.002652    0.031274    0.015010   20.015011 ^ start (in)
                                                         start (net)
                      0.031274    0.000000   20.015011 ^ input2/A (sky130_fd_sc_hd__clkbuf_1)
     2    0.006587    0.139394    0.182556   20.197567 ^ input2/X (sky130_fd_sc_hd__clkbuf_1)
                                                         net2 (net)
                      0.139394    0.000171   20.197737 ^ _25_/C_N (sky130_fd_sc_hd__or3b_1)
     1    0.003817    0.148662    0.834588   21.032326 v _25_/X (sky130_fd_sc_hd__or3b_1)
                                                         _12_ (net)
                      0.148662    0.000126   21.032452 v _26_/B1 (sky130_fd_sc_hd__o21ai_1)
     1    0.002889    0.165459    0.158941   21.191393 ^ _26_/Y (sky130_fd_sc_hd__o21ai_1)
                                                         next_state[0] (net)
                      0.165459    0.000085   21.191477 ^ _30_/D (sky130_fd_sc_hd__dfrtp_1)
                                             21.191477   data arrival time

                                100.000000  100.000000   clock clk (rise edge)
                                  0.000000  100.000000   clock source latency
     1    0.010613    0.085337    0.055522  100.055519 ^ clk (in)
                                                         clk (net)
                      0.085339    0.000000  100.055519 ^ clkbuf_0_clk/A (sky130_fd_sc_hd__clkbuf_16)
     2    0.019103    0.066310    0.227246  100.282768 ^ clkbuf_0_clk/X (sky130_fd_sc_hd__clkbuf_16)
                                                         clknet_0_clk (net)
                      0.066310    0.000313  100.283073 ^ clkbuf_1_0__f_clk/A (sky130_fd_sc_hd__clkbuf_16)
     3    0.008483    0.052469    0.203030  100.486107 ^ clkbuf_1_0__f_clk/X (sky130_fd_sc_hd__clkbuf_16)
                                                         clknet_1_0__leaf_clk (net)
                      0.052469    0.000185  100.486290 ^ _30_/CLK (sky130_fd_sc_hd__dfrtp_1)
                                 -0.250000  100.236298   clock uncertainty
                                  0.000000  100.236298   clock reconvergence pessimism
                                 -0.160176  100.076118   library setup time
                                            100.076118   data required time
---------------------------------------------------------------------------------------------
                                            100.076118   data required time
                                            -21.191477   data arrival time
---------------------------------------------------------------------------------------------
                                             78.884644   slack (MET)


Startpoint: rst_n (input port clocked by clk)
Endpoint: _30_ (recovery check against rising-edge clock clk)
Path Group: asynchronous
Path Type: max

Fanout         Cap        Slew       Delay        Time   Description
---------------------------------------------------------------------------------------------
                                  0.000000    0.000000   clock clk (rise edge)
                                  0.000000    0.000000   clock network delay (propagated)
                                 20.000000   20.000000 ^ input external delay
     1    0.003191    0.034845    0.017856   20.017857 ^ rst_n (in)
                                                         rst_n (net)
                      0.034845    0.000000   20.017857 ^ input1/A (sky130_fd_sc_hd__clkbuf_2)
     6    0.029505    0.256330    0.309594   20.327450 ^ input1/X (sky130_fd_sc_hd__clkbuf_2)
                                                         net1 (net)
                      0.256428    0.001808   20.329258 ^ _30_/RESET_B (sky130_fd_sc_hd__dfrtp_1)
                                             20.329258   data arrival time

                                100.000000  100.000000   clock clk (rise edge)
                                  0.000000  100.000000   clock source latency
     1    0.010613    0.085337    0.055522  100.055519 ^ clk (in)
                                                         clk (net)
                      0.085339    0.000000  100.055519 ^ clkbuf_0_clk/A (sky130_fd_sc_hd__clkbuf_16)
     2    0.019103    0.066310    0.227246  100.282768 ^ clkbuf_0_clk/X (sky130_fd_sc_hd__clkbuf_16)
                                                         clknet_0_clk (net)
                      0.066310    0.000313  100.283073 ^ clkbuf_1_0__f_clk/A (sky130_fd_sc_hd__clkbuf_16)
     3    0.008483    0.052469    0.203030  100.486107 ^ clkbuf_1_0__f_clk/X (sky130_fd_sc_hd__clkbuf_16)
                                                         clknet_1_0__leaf_clk (net)
                      0.052469    0.000185  100.486290 ^ _30_/CLK (sky130_fd_sc_hd__dfrtp_1)
                                 -0.250000  100.236298   clock uncertainty
                                  0.000000  100.236298   clock reconvergence pessimism
                                  0.387603  100.623894   library recovery time
                                            100.623894   data required time
---------------------------------------------------------------------------------------------
                                            100.623894   data required time
                                            -20.329258   data arrival time
---------------------------------------------------------------------------------------------
                                             80.294632   slack (MET)


Startpoint: rst_n (input port clocked by clk)
Endpoint: _31_ (recovery check against rising-edge clock clk)
Path Group: asynchronous
Path Type: max

Fanout         Cap        Slew       Delay        Time   Description
---------------------------------------------------------------------------------------------
                                  0.000000    0.000000   clock clk (rise edge)
                                  0.000000    0.000000   clock network delay (propagated)
                                 20.000000   20.000000 ^ input external delay
     1    0.003191    0.034845    0.017856   20.017857 ^ rst_n (in)
                                                         rst_n (net)
                      0.034845    0.000000   20.017857 ^ input1/A (sky130_fd_sc_hd__clkbuf_2)
     6    0.029505    0.256330    0.309594   20.327450 ^ input1/X (sky130_fd_sc_hd__clkbuf_2)
                                                         net1 (net)
                      0.256429    0.001847   20.329298 ^ _31_/RESET_B (sky130_fd_sc_hd__dfrtp_1)
                                             20.329298   data arrival time

                                100.000000  100.000000   clock clk (rise edge)
                                  0.000000  100.000000   clock source latency
     1    0.010613    0.085337    0.055522  100.055519 ^ clk (in)
                                                         clk (net)
                      0.085339    0.000000  100.055519 ^ clkbuf_0_clk/A (sky130_fd_sc_hd__clkbuf_16)
     2    0.019103    0.066310    0.227246  100.282768 ^ clkbuf_0_clk/X (sky130_fd_sc_hd__clkbuf_16)
                                                         clknet_0_clk (net)
                      0.066310    0.000313  100.283073 ^ clkbuf_1_0__f_clk/A (sky130_fd_sc_hd__clkbuf_16)
     3    0.008483    0.052469    0.203030  100.486107 ^ clkbuf_1_0__f_clk/X (sky130_fd_sc_hd__clkbuf_16)
                                                         clknet_1_0__leaf_clk (net)
                      0.052469    0.000213  100.486320 ^ _31_/CLK (sky130_fd_sc_hd__dfrtp_1)
                                 -0.250000  100.236320   clock uncertainty
                                  0.000000  100.236320   clock reconvergence pessimism
                                  0.387603  100.623924   library recovery time
                                            100.623924   data required time
---------------------------------------------------------------------------------------------
                                            100.623924   data required time
                                            -20.329298   data arrival time
---------------------------------------------------------------------------------------------
                                             80.294632   slack (MET)


Startpoint: rst_n (input port clocked by clk)
Endpoint: _35_ (recovery check against rising-edge clock clk)
Path Group: asynchronous
Path Type: max

Fanout         Cap        Slew       Delay        Time   Description
---------------------------------------------------------------------------------------------
                                  0.000000    0.000000   clock clk (rise edge)
                                  0.000000    0.000000   clock network delay (propagated)
                                 20.000000   20.000000 ^ input external delay
     1    0.003191    0.034845    0.017856   20.017857 ^ rst_n (in)
                                                         rst_n (net)
                      0.034845    0.000000   20.017857 ^ input1/A (sky130_fd_sc_hd__clkbuf_2)
     6    0.029505    0.256330    0.309594   20.327450 ^ input1/X (sky130_fd_sc_hd__clkbuf_2)
                                                         net1 (net)
                      0.256426    0.001746   20.329197 ^ _35_/RESET_B (sky130_fd_sc_hd__dfrtp_1)
                                             20.329197   data arrival time

                                100.000000  100.000000   clock clk (rise edge)
                                  0.000000  100.000000   clock source latency
     1    0.010613    0.085337    0.055522  100.055519 ^ clk (in)
                                                         clk (net)
                      0.085339    0.000000  100.055519 ^ clkbuf_0_clk/A (sky130_fd_sc_hd__clkbuf_16)
     2    0.019103    0.066310    0.227246  100.282768 ^ clkbuf_0_clk/X (sky130_fd_sc_hd__clkbuf_16)
                                                         clknet_0_clk (net)
                      0.066310    0.000313  100.283073 ^ clkbuf_1_0__f_clk/A (sky130_fd_sc_hd__clkbuf_16)
     3    0.008483    0.052469    0.203030  100.486107 ^ clkbuf_1_0__f_clk/X (sky130_fd_sc_hd__clkbuf_16)
                                                         clknet_1_0__leaf_clk (net)
                      0.052469    0.000192  100.486298 ^ _35_/CLK (sky130_fd_sc_hd__dfrtp_1)
                                 -0.250000  100.236305   clock uncertainty
                                  0.000000  100.236305   clock reconvergence pessimism
                                  0.387604  100.623901   library recovery time
                                            100.623901   data required time
---------------------------------------------------------------------------------------------
                                            100.623901   data required time
                                            -20.329197   data arrival time
---------------------------------------------------------------------------------------------
                                             80.294708   slack (MET)


Startpoint: rst_n (input port clocked by clk)
Endpoint: _32_ (recovery check against rising-edge clock clk)
Path Group: asynchronous
Path Type: max

Fanout         Cap        Slew       Delay        Time   Description
---------------------------------------------------------------------------------------------
                                  0.000000    0.000000   clock clk (rise edge)
                                  0.000000    0.000000   clock network delay (propagated)
                                 20.000000   20.000000 ^ input external delay
     1    0.003191    0.034845    0.017856   20.017857 ^ rst_n (in)
                                                         rst_n (net)
                      0.034845    0.000000   20.017857 ^ input1/A (sky130_fd_sc_hd__clkbuf_2)
     6    0.029505    0.256330    0.309594   20.327450 ^ input1/X (sky130_fd_sc_hd__clkbuf_2)
                                                         net1 (net)
                      0.256426    0.001727   20.329178 ^ _32_/RESET_B (sky130_fd_sc_hd__dfrtp_1)
                                             20.329178   data arrival time

                                100.000000  100.000000   clock clk (rise edge)
                                  0.000000  100.000000   clock source latency
     1    0.010613    0.085337    0.055522  100.055519 ^ clk (in)
                                                         clk (net)
                      0.085339    0.000000  100.055519 ^ clkbuf_0_clk/A (sky130_fd_sc_hd__clkbuf_16)
     2    0.019103    0.066310    0.227246  100.282768 ^ clkbuf_0_clk/X (sky130_fd_sc_hd__clkbuf_16)
                                                         clknet_0_clk (net)
                      0.066310    0.000377  100.283142 ^ clkbuf_1_1__f_clk/A (sky130_fd_sc_hd__clkbuf_16)
     3    0.011677    0.057047    0.208068  100.491211 ^ clkbuf_1_1__f_clk/X (sky130_fd_sc_hd__clkbuf_16)
                                                         clknet_1_1__leaf_clk (net)
                      0.057047    0.000320  100.491531 ^ _32_/CLK (sky130_fd_sc_hd__dfrtp_1)
                                 -0.250000  100.241531   clock uncertainty
                                  0.000000  100.241531   clock reconvergence pessimism
                                  0.389149  100.630684   library recovery time
                                            100.630684   data required time
---------------------------------------------------------------------------------------------
                                            100.630684   data required time
                                            -20.329178   data arrival time
---------------------------------------------------------------------------------------------
                                             80.301506   slack (MET)


Startpoint: rst_n (input port clocked by clk)
Endpoint: _33_ (recovery check against rising-edge clock clk)
Path Group: asynchronous
Path Type: max

Fanout         Cap        Slew       Delay        Time   Description
---------------------------------------------------------------------------------------------
                                  0.000000    0.000000   clock clk (rise edge)
                                  0.000000    0.000000   clock network delay (propagated)
                                 20.000000   20.000000 ^ input external delay
     1    0.003191    0.034845    0.017856   20.017857 ^ rst_n (in)
                                                         rst_n (net)
                      0.034845    0.000000   20.017857 ^ input1/A (sky130_fd_sc_hd__clkbuf_2)
     6    0.029505    0.256330    0.309594   20.327450 ^ input1/X (sky130_fd_sc_hd__clkbuf_2)
                                                         net1 (net)
                      0.256419    0.001320   20.328770 ^ _33_/RESET_B (sky130_fd_sc_hd__dfrtp_1)
                                             20.328770   data arrival time

                                100.000000  100.000000   clock clk (rise edge)
                                  0.000000  100.000000   clock source latency
     1    0.010613    0.085337    0.055522  100.055519 ^ clk (in)
                                                         clk (net)
                      0.085339    0.000000  100.055519 ^ clkbuf_0_clk/A (sky130_fd_sc_hd__clkbuf_16)
     2    0.019103    0.066310    0.227246  100.282768 ^ clkbuf_0_clk/X (sky130_fd_sc_hd__clkbuf_16)
                                                         clknet_0_clk (net)
                      0.066310    0.000377  100.283142 ^ clkbuf_1_1__f_clk/A (sky130_fd_sc_hd__clkbuf_16)
     3    0.011677    0.057047    0.208068  100.491211 ^ clkbuf_1_1__f_clk/X (sky130_fd_sc_hd__clkbuf_16)
                                                         clknet_1_1__leaf_clk (net)
                      0.057047    0.000156  100.491364 ^ _33_/CLK (sky130_fd_sc_hd__dfrtp_1)
                                 -0.250000  100.241371   clock uncertainty
                                  0.000000  100.241371   clock reconvergence pessimism
                                  0.389152  100.630516   library recovery time
                                            100.630516   data required time
---------------------------------------------------------------------------------------------
                                            100.630516   data required time
                                            -20.328770   data arrival time
---------------------------------------------------------------------------------------------
                                             80.301750   slack (MET)


Startpoint: rst_n (input port clocked by clk)
Endpoint: _34_ (recovery check against rising-edge clock clk)
Path Group: asynchronous
Path Type: max

Fanout         Cap        Slew       Delay        Time   Description
---------------------------------------------------------------------------------------------
                                  0.000000    0.000000   clock clk (rise edge)
                                  0.000000    0.000000   clock network delay (propagated)
                                 20.000000   20.000000 ^ input external delay
     1    0.003191    0.034845    0.017856   20.017857 ^ rst_n (in)
                                                         rst_n (net)
                      0.034845    0.000000   20.017857 ^ input1/A (sky130_fd_sc_hd__clkbuf_2)
     6    0.029505    0.256330    0.309594   20.327450 ^ input1/X (sky130_fd_sc_hd__clkbuf_2)
                                                         net1 (net)
                      0.256423    0.001547   20.328999 ^ _34_/RESET_B (sky130_fd_sc_hd__dfrtp_1)
                                             20.328999   data arrival time

                                100.000000  100.000000   clock clk (rise edge)
                                  0.000000  100.000000   clock source latency
     1    0.010613    0.085337    0.055522  100.055519 ^ clk (in)
                                                         clk (net)
                      0.085339    0.000000  100.055519 ^ clkbuf_0_clk/A (sky130_fd_sc_hd__clkbuf_16)
     2    0.019103    0.066310    0.227246  100.282768 ^ clkbuf_0_clk/X (sky130_fd_sc_hd__clkbuf_16)
                                                         clknet_0_clk (net)
                      0.066310    0.000377  100.283142 ^ clkbuf_1_1__f_clk/A (sky130_fd_sc_hd__clkbuf_16)
     3    0.011677    0.057047    0.208068  100.491211 ^ clkbuf_1_1__f_clk/X (sky130_fd_sc_hd__clkbuf_16)
                                                         clknet_1_1__leaf_clk (net)
                      0.057047    0.000348  100.491554 ^ _34_/CLK (sky130_fd_sc_hd__dfrtp_1)
                                 -0.250000  100.241562   clock uncertainty
                                  0.000000  100.241562   clock reconvergence pessimism
                                  0.389150  100.630707   library recovery time
                                            100.630707   data required time
---------------------------------------------------------------------------------------------
                                            100.630707   data required time
                                            -20.328999   data arrival time
---------------------------------------------------------------------------------------------
                                             80.301712   slack (MET)


Startpoint: _35_ (rising edge-triggered flip-flop clocked by clk)
Endpoint: _35_ (rising edge-triggered flip-flop clocked by clk)
Path Group: clk
Path Type: max

Fanout         Cap        Slew       Delay        Time   Description
---------------------------------------------------------------------------------------------
                                  0.000000    0.000000   clock clk (rise edge)
                                  0.000000    0.000000   clock source latency
     1    0.010613    0.085337    0.055520    0.055520 ^ clk (in)
                                                         clk (net)
                      0.085339    0.000000    0.055520 ^ clkbuf_0_clk/A (sky130_fd_sc_hd__clkbuf_16)
     2    0.019103    0.066310    0.227244    0.282765 ^ clkbuf_0_clk/X (sky130_fd_sc_hd__clkbuf_16)
                                                         clknet_0_clk (net)
                      0.066310    0.000313    0.283078 ^ clkbuf_1_0__f_clk/A (sky130_fd_sc_hd__clkbuf_16)
     3    0.008483    0.052469    0.203031    0.486109 ^ clkbuf_1_0__f_clk/X (sky130_fd_sc_hd__clkbuf_16)
                                                         clknet_1_0__leaf_clk (net)
                      0.052469    0.000192    0.486300 ^ _35_/CLK (sky130_fd_sc_hd__dfrtp_1)
     2    0.004274    0.089199    0.741144    1.227444 v _35_/Q (sky130_fd_sc_hd__dfrtp_1)
                                                         sym_cnt[3] (net)
                      0.089199    0.000065    1.227509 v hold1/A (sky130_fd_sc_hd__dlygate4sd3_1)
     1    0.002903    0.106377    1.133921    2.361430 v hold1/X (sky130_fd_sc_hd__dlygate4sd3_1)
                                                         net5 (net)
                      0.106377    0.000090    2.361521 v _23_/A (sky130_fd_sc_hd__and3_1)
     1    0.003227    0.074325    0.311663    2.673183 v _23_/X (sky130_fd_sc_hd__and3_1)
                                                         _03_ (net)
                      0.074325    0.000101    2.673284 v _35_/D (sky130_fd_sc_hd__dfrtp_1)
                                              2.673284   data arrival time

                                100.000000  100.000000   clock clk (rise edge)
                                  0.000000  100.000000   clock source latency
     1    0.010613    0.085337    0.055522  100.055519 ^ clk (in)
                                                         clk (net)
                      0.085339    0.000000  100.055519 ^ clkbuf_0_clk/A (sky130_fd_sc_hd__clkbuf_16)
     2    0.019103    0.066310    0.227246  100.282768 ^ clkbuf_0_clk/X (sky130_fd_sc_hd__clkbuf_16)
                                                         clknet_0_clk (net)
                      0.066310    0.000313  100.283073 ^ clkbuf_1_0__f_clk/A (sky130_fd_sc_hd__clkbuf_16)
     3    0.008483    0.052469    0.203030  100.486107 ^ clkbuf_1_0__f_clk/X (sky130_fd_sc_hd__clkbuf_16)
                                                         clknet_1_0__leaf_clk (net)
                      0.052469    0.000192  100.486298 ^ _35_/CLK (sky130_fd_sc_hd__dfrtp_1)
                                 -0.250000  100.236305   clock uncertainty
                                  0.000000  100.236305   clock reconvergence pessimism
                                 -0.283041   99.953262   library setup time
                                             99.953262   data required time
---------------------------------------------------------------------------------------------
                                             99.953262   data required time
                                             -2.673284   data arrival time
---------------------------------------------------------------------------------------------
                                             97.279984   slack (MET)


Startpoint: _32_ (rising edge-triggered flip-flop clocked by clk)
Endpoint: _32_ (rising edge-triggered flip-flop clocked by clk)
Path Group: clk
Path Type: max

Fanout         Cap        Slew       Delay        Time   Description
---------------------------------------------------------------------------------------------
                                  0.000000    0.000000   clock clk (rise edge)
                                  0.000000    0.000000   clock source latency
     1    0.010613    0.085337    0.055520    0.055520 ^ clk (in)
                                                         clk (net)
                      0.085339    0.000000    0.055520 ^ clkbuf_0_clk/A (sky130_fd_sc_hd__clkbuf_16)
     2    0.019103    0.066310    0.227244    0.282765 ^ clkbuf_0_clk/X (sky130_fd_sc_hd__clkbuf_16)
                                                         clknet_0_clk (net)
                      0.066310    0.000376    0.283141 ^ clkbuf_1_1__f_clk/A (sky130_fd_sc_hd__clkbuf_16)
     3    0.011677    0.057047    0.208071    0.491211 ^ clkbuf_1_1__f_clk/X (sky130_fd_sc_hd__clkbuf_16)
                                                         clknet_1_1__leaf_clk (net)
                      0.057047    0.000322    0.491534 ^ _32_/CLK (sky130_fd_sc_hd__dfrtp_1)
     6    0.015946    0.184366    0.846927    1.338460 v _32_/Q (sky130_fd_sc_hd__dfrtp_1)
                                                         sym_cnt[0] (net)
                      0.184366    0.000324    1.338784 v hold2/A (sky130_fd_sc_hd__dlygate4sd3_1)
     1    0.004676    0.127510    1.208757    2.547541 v hold2/X (sky130_fd_sc_hd__dlygate4sd3_1)
                                                         net6 (net)
                      0.127510    0.000167    2.547708 v _16_/A (sky130_fd_sc_hd__nor2_1)
     1    0.003012    0.138142    0.192675    2.740383 ^ _16_/Y (sky130_fd_sc_hd__nor2_1)
                                                         _00_ (net)
                      0.138142    0.000095    2.740478 ^ _32_/D (sky130_fd_sc_hd__dfrtp_1)
                                              2.740478   data arrival time

                                100.000000  100.000000   clock clk (rise edge)
                                  0.000000  100.000000   clock source latency
     1    0.010613    0.085337    0.055522  100.055519 ^ clk (in)
                                                         clk (net)
                      0.085339    0.000000  100.055519 ^ clkbuf_0_clk/A (sky130_fd_sc_hd__clkbuf_16)
     2    0.019103    0.066310    0.227246  100.282768 ^ clkbuf_0_clk/X (sky130_fd_sc_hd__clkbuf_16)
                                                         clknet_0_clk (net)
                      0.066310    0.000377  100.283142 ^ clkbuf_1_1__f_clk/A (sky130_fd_sc_hd__clkbuf_16)
     3    0.011677    0.057047    0.208068  100.491211 ^ clkbuf_1_1__f_clk/X (sky130_fd_sc_hd__clkbuf_16)
                                                         clknet_1_1__leaf_clk (net)
                      0.057047    0.000320  100.491531 ^ _32_/CLK (sky130_fd_sc_hd__dfrtp_1)
                                 -0.250000  100.241531   clock uncertainty
                                  0.000000  100.241531   clock reconvergence pessimism
                                 -0.152479  100.089050   library setup time
                                            100.089050   data required time
---------------------------------------------------------------------------------------------
                                            100.089050   data required time
                                             -2.740478   data arrival time
---------------------------------------------------------------------------------------------
                                             97.348572   slack (MET)


Startpoint: _33_ (rising edge-triggered flip-flop clocked by clk)
Endpoint: _33_ (rising edge-triggered flip-flop clocked by clk)
Path Group: clk
Path Type: max

Fanout         Cap        Slew       Delay        Time   Description
---------------------------------------------------------------------------------------------
                                  0.000000    0.000000   clock clk (rise edge)
                                  0.000000    0.000000   clock source latency
     1    0.010613    0.085337    0.055520    0.055520 ^ clk (in)
                                                         clk (net)
                      0.085339    0.000000    0.055520 ^ clkbuf_0_clk/A (sky130_fd_sc_hd__clkbuf_16)
     2    0.019103    0.066310    0.227244    0.282765 ^ clkbuf_0_clk/X (sky130_fd_sc_hd__clkbuf_16)
                                                         clknet_0_clk (net)
                      0.066310    0.000376    0.283141 ^ clkbuf_1_1__f_clk/A (sky130_fd_sc_hd__clkbuf_16)
     3    0.011677    0.057047    0.208071    0.491211 ^ clkbuf_1_1__f_clk/X (sky130_fd_sc_hd__clkbuf_16)
                                                         clknet_1_1__leaf_clk (net)
                      0.057047    0.000157    0.491369 ^ _33_/CLK (sky130_fd_sc_hd__dfrtp_1)
     5    0.013538    0.165043    0.829444    1.320812 v _33_/Q (sky130_fd_sc_hd__dfrtp_1)
                                                         sym_cnt[1] (net)
                      0.165043    0.000324    1.321136 v _17_/A (sky130_fd_sc_hd__or2_1)
     1    0.003865    0.106889    0.547570    1.868707 v _17_/X (sky130_fd_sc_hd__or2_1)
                                                         _07_ (net)
                      0.106889    0.000140    1.868846 v _19_/B (sky130_fd_sc_hd__and3_1)
     1    0.003109    0.072950    0.350740    2.219586 v _19_/X (sky130_fd_sc_hd__and3_1)
                                                         _01_ (net)
                      0.072950    0.000095    2.219682 v _33_/D (sky130_fd_sc_hd__dfrtp_1)
                                              2.219682   data arrival time

                                100.000000  100.000000   clock clk (rise edge)
                                  0.000000  100.000000   clock source latency
     1    0.010613    0.085337    0.055522  100.055519 ^ clk (in)
                                                         clk (net)
                      0.085339    0.000000  100.055519 ^ clkbuf_0_clk/A (sky130_fd_sc_hd__clkbuf_16)
     2    0.019103    0.066310    0.227246  100.282768 ^ clkbuf_0_clk/X (sky130_fd_sc_hd__clkbuf_16)
                                                         clknet_0_clk (net)
                      0.066310    0.000377  100.283142 ^ clkbuf_1_1__f_clk/A (sky130_fd_sc_hd__clkbuf_16)
     3    0.011677    0.057047    0.208068  100.491211 ^ clkbuf_1_1__f_clk/X (sky130_fd_sc_hd__clkbuf_16)
                                                         clknet_1_1__leaf_clk (net)
                      0.057047    0.000156  100.491364 ^ _33_/CLK (sky130_fd_sc_hd__dfrtp_1)
                                 -0.250000  100.241371   clock uncertainty
                                  0.000000  100.241371   clock reconvergence pessimism
                                 -0.281247   99.960121   library setup time
                                             99.960121   data required time
---------------------------------------------------------------------------------------------
                                             99.960121   data required time
                                             -2.219682   data arrival time
---------------------------------------------------------------------------------------------
                                             97.740440   slack (MET)


Startpoint: _32_ (rising edge-triggered flip-flop clocked by clk)
Endpoint: _31_ (rising edge-triggered flip-flop clocked by clk)
Path Group: clk
Path Type: max

Fanout         Cap        Slew       Delay        Time   Description
---------------------------------------------------------------------------------------------
                                  0.000000    0.000000   clock clk (rise edge)
                                  0.000000    0.000000   clock source latency
     1    0.010613    0.085337    0.055520    0.055520 ^ clk (in)
                                                         clk (net)
                      0.085339    0.000000    0.055520 ^ clkbuf_0_clk/A (sky130_fd_sc_hd__clkbuf_16)
     2    0.019103    0.066310    0.227244    0.282765 ^ clkbuf_0_clk/X (sky130_fd_sc_hd__clkbuf_16)
                                                         clknet_0_clk (net)
                      0.066310    0.000376    0.283141 ^ clkbuf_1_1__f_clk/A (sky130_fd_sc_hd__clkbuf_16)
     3    0.011677    0.057047    0.208071    0.491211 ^ clkbuf_1_1__f_clk/X (sky130_fd_sc_hd__clkbuf_16)
                                                         clknet_1_1__leaf_clk (net)
                      0.057047    0.000322    0.491534 ^ _32_/CLK (sky130_fd_sc_hd__dfrtp_1)
     6    0.015946    0.184366    0.846927    1.338460 v _32_/Q (sky130_fd_sc_hd__dfrtp_1)
                                                         sym_cnt[0] (net)
                      0.184366    0.000182    1.338642 v _24_/D (sky130_fd_sc_hd__and4b_1)
     2    0.008747    0.123931    0.516783    1.855425 v _24_/X (sky130_fd_sc_hd__and4b_1)
                                                         _11_ (net)
                      0.123931    0.000254    1.855679 v _27_/B (sky130_fd_sc_hd__and2_1)
     1    0.003107    0.070437    0.342371    2.198050 v _27_/X (sky130_fd_sc_hd__and2_1)
                                                         next_state[1] (net)
                      0.070437    0.000096    2.198146 v _31_/D (sky130_fd_sc_hd__dfrtp_1)
                                              2.198146   data arrival time

                                100.000000  100.000000   clock clk (rise edge)
                                  0.000000  100.000000   clock source latency
     1    0.010613    0.085337    0.055522  100.055519 ^ clk (in)
                                                         clk (net)
                      0.085339    0.000000  100.055519 ^ clkbuf_0_clk/A (sky130_fd_sc_hd__clkbuf_16)
     2    0.019103    0.066310    0.227246  100.282768 ^ clkbuf_0_clk/X (sky130_fd_sc_hd__clkbuf_16)
                                                         clknet_0_clk (net)
                      0.066310    0.000313  100.283073 ^ clkbuf_1_0__f_clk/A (sky130_fd_sc_hd__clkbuf_16)
     3    0.008483    0.052469    0.203030  100.486107 ^ clkbuf_1_0__f_clk/X (sky130_fd_sc_hd__clkbuf_16)
                                                         clknet_1_0__leaf_clk (net)
                      0.052469    0.000213  100.486320 ^ _31_/CLK (sky130_fd_sc_hd__dfrtp_1)
                                 -0.250000  100.236320   clock uncertainty
                                  0.000000  100.236320   clock reconvergence pessimism
                                 -0.281419   99.954903   library setup time
                                             99.954903   data required time
---------------------------------------------------------------------------------------------
                                             99.954903   data required time
                                             -2.198146   data arrival time
---------------------------------------------------------------------------------------------
                                             97.756760   slack (MET)


Startpoint: _30_ (rising edge-triggered flip-flop clocked by clk)
Endpoint: _34_ (rising edge-triggered flip-flop clocked by clk)
Path Group: clk
Path Type: max

Fanout         Cap        Slew       Delay        Time   Description
---------------------------------------------------------------------------------------------
                                  0.000000    0.000000   clock clk (rise edge)
                                  0.000000    0.000000   clock source latency
     1    0.010613    0.085337    0.055520    0.055520 ^ clk (in)
                                                         clk (net)
                      0.085339    0.000000    0.055520 ^ clkbuf_0_clk/A (sky130_fd_sc_hd__clkbuf_16)
     2    0.019103    0.066310    0.227244    0.282765 ^ clkbuf_0_clk/X (sky130_fd_sc_hd__clkbuf_16)
                                                         clknet_0_clk (net)
                      0.066310    0.000313    0.283078 ^ clkbuf_1_0__f_clk/A (sky130_fd_sc_hd__clkbuf_16)
     3    0.008483    0.052469    0.203031    0.486109 ^ clkbuf_1_0__f_clk/X (sky130_fd_sc_hd__clkbuf_16)
                                                         clknet_1_0__leaf_clk (net)
                      0.052469    0.000186    0.486294 ^ _30_/CLK (sky130_fd_sc_hd__dfrtp_1)
     5    0.015859    0.183753    0.844083    1.330377 v _30_/Q (sky130_fd_sc_hd__dfrtp_1)
                                                         state[0] (net)
                      0.183753    0.000471    1.330848 v _14_/B (sky130_fd_sc_hd__and2b_1)
     5    0.016683    0.175405    0.483447    1.814295 v _14_/X (sky130_fd_sc_hd__and2b_1)
                                                         _05_ (net)
                      0.175405    0.000478    1.814773 v _22_/A (sky130_fd_sc_hd__and3_1)
     1    0.002462    0.068130    0.336032    2.150805 v _22_/X (sky130_fd_sc_hd__and3_1)
                                                         _02_ (net)
                      0.068130    0.000074    2.150879 v _34_/D (sky130_fd_sc_hd__dfrtp_1)
                                              2.150879   data arrival time

                                100.000000  100.000000   clock clk (rise edge)
                                  0.000000  100.000000   clock source latency
     1    0.010613    0.085337    0.055522  100.055519 ^ clk (in)
                                                         clk (net)
                      0.085339    0.000000  100.055519 ^ clkbuf_0_clk/A (sky130_fd_sc_hd__clkbuf_16)
     2    0.019103    0.066310    0.227246  100.282768 ^ clkbuf_0_clk/X (sky130_fd_sc_hd__clkbuf_16)
                                                         clknet_0_clk (net)
                      0.066310    0.000377  100.283142 ^ clkbuf_1_1__f_clk/A (sky130_fd_sc_hd__clkbuf_16)
     3    0.011677    0.057047    0.208068  100.491211 ^ clkbuf_1_1__f_clk/X (sky130_fd_sc_hd__clkbuf_16)
                                                         clknet_1_1__leaf_clk (net)
                      0.057047    0.000348  100.491554 ^ _34_/CLK (sky130_fd_sc_hd__dfrtp_1)
                                 -0.250000  100.241562   clock uncertainty
                                  0.000000  100.241562   clock reconvergence pessimism
                                 -0.279236   99.962326   library setup time
                                             99.962326   data required time
---------------------------------------------------------------------------------------------
                                             99.962326   data required time
                                             -2.150879   data arrival time
---------------------------------------------------------------------------------------------
                                             97.811447   slack (MET)



