
===========================================================================
report_checks -unconstrained
===========================================================================
======================= nom_ff_n40C_1v95 Corner ===================================

Startpoint: prev_11[3] (input port clocked by __VIRTUAL_CLK__)
Endpoint: winner_state[0] (output port clocked by __VIRTUAL_CLK__)
Path Group: __VIRTUAL_CLK__
Path Type: max

Fanout         Cap        Slew       Delay        Time   Description
---------------------------------------------------------------------------------------------
                      0.000000    0.000000    0.000000   clock __VIRTUAL_CLK__ (rise edge)
                                  0.000000    0.000000   clock network delay (ideal)
                                  2.000000    2.000000 v input external delay
     1    0.003028    0.005053    0.002483    2.002483 v prev_11[3] (in)
                                                         prev_11[3] (net)
                      0.005054    0.000000    2.002483 v input16/A (sky130_fd_sc_hd__buf_1)
     4    0.015284    0.063446    0.084368    2.086851 v input16/X (sky130_fd_sc_hd__buf_1)
                                                         net16 (net)
                      0.063449    0.000505    2.087355 v _60_/B (sky130_fd_sc_hd__or2_1)
     2    0.006364    0.043891    0.144327    2.231683 v _60_/X (sky130_fd_sc_hd__or2_1)
                                                         _21_ (net)
                      0.043891    0.000099    2.231781 v _63_/A2 (sky130_fd_sc_hd__a211o_1)
     1    0.003049    0.034256    0.181783    2.413564 v _63_/X (sky130_fd_sc_hd__a211o_1)
                                                         _24_ (net)
                      0.034256    0.000065    2.413629 v _64_/C1 (sky130_fd_sc_hd__o221a_1)
     4    0.018783    0.077227    0.109415    2.523044 v _64_/X (sky130_fd_sc_hd__o221a_1)
                                                         _25_ (net)
                      0.077232    0.000684    2.523728 v _72_/S (sky130_fd_sc_hd__mux2_1)
     2    0.005724    0.048981    0.207115    2.730844 v _72_/X (sky130_fd_sc_hd__mux2_1)
                                                         _33_ (net)
                      0.048981    0.000141    2.730985 v _76_/A3 (sky130_fd_sc_hd__a311o_1)
     1    0.003441    0.042095    0.221680    2.952665 v _76_/X (sky130_fd_sc_hd__a311o_1)
                                                         _37_ (net)
                      0.042095    0.000100    2.952765 v _78_/A2 (sky130_fd_sc_hd__o21ai_1)
     2    0.010549    0.163499    0.149706    3.102470 ^ _78_/Y (sky130_fd_sc_hd__o21ai_1)
                                                         net18 (net)
                      0.163500    0.000346    3.102816 ^ _79_/S (sky130_fd_sc_hd__mux2_1)
     1    0.004425    0.044306    0.200796    3.303612 v _79_/X (sky130_fd_sc_hd__mux2_1)
                                                         net17 (net)
                      0.044306    0.000148    3.303760 v output17/A (sky130_fd_sc_hd__buf_2)
     1    0.033873    0.062178    0.122477    3.426237 v output17/X (sky130_fd_sc_hd__buf_2)
                                                         winner_state[0] (net)
                      0.062183    0.000609    3.426847 v winner_state[0] (out)
                                              3.426847   data arrival time

                      0.000000   10.000000   10.000000   clock __VIRTUAL_CLK__ (rise edge)
                                  0.000000   10.000000   clock network delay (ideal)
                                 -0.250000    9.750000   clock uncertainty
                                  0.000000    9.750000   clock reconvergence pessimism
                                 -2.000000    7.750000   output external delay
                                              7.750000   data required time
---------------------------------------------------------------------------------------------
                                              7.750000   data required time
                                             -3.426847   data arrival time
---------------------------------------------------------------------------------------------
                                              4.323153   slack (MET)




===========================================================================
report_checks --slack_max -0.01
============================================================================
======================= nom_ff_n40C_1v95 Corner ===================================

No paths found.


===========================================================================
 report_check_types -max_slew -max_cap -max_fanout -violators
============================================================================
======================= nom_ff_n40C_1v95 Corner ===================================



===========================================================================
report_parasitic_annotation -report_unannotated
============================================================================
Found 0 unannotated drivers.
Found 0 partially unannotated drivers.

===========================================================================
max slew violation count 0
max fanout violation count 0
max cap violation count 0
============================================================================

===========================================================================
check_setup -verbose -unconstrained_endpoints -multiple_clock -no_clock -no_input_delay -loops -generated_clocks
===========================================================================
