
===========================================================================
 report_power
============================================================================
======================= nom_tt_025C_1v80 Corner ===================================

Group                    Internal    Switching      Leakage        Total
                            Power        Power        Power        Power (Watts)
------------------------------------------------------------------------
Sequential           0.000000e+00 0.000000e+00 0.000000e+00 0.000000e+00   0.0%
Combinational        6.073302e-08 1.399189e-07 6.977105e-11 2.007217e-07   2.3%
Clock                5.372862e-06 3.040262e-06 2.240610e-09 8.415365e-06  97.7%
Macro                0.000000e+00 0.000000e+00 0.000000e+00 0.000000e+00   0.0%
Pad                  0.000000e+00 0.000000e+00 0.000000e+00 0.000000e+00   0.0%
------------------------------------------------------------------------
Total                5.433595e-06 3.180181e-06 2.310382e-09 8.616085e-06 100.0%
                            63.1%        36.9%         0.0%
Writing metric power__internal__total: 5.433594651549356e-6
Writing metric power__switching__total: 3.1801810109755024e-6
Writing metric power__leakage__total: 2.310382107850728e-9
Writing metric power__total: 8.61608532432001e-6

