
===========================================================================
report_checks -path_delay max (Setup)
============================================================================
======================= nom_ff_n40C_1v95 Corner ===================================

Startpoint: received[0] (input port clocked by __VIRTUAL_CLK__)
Endpoint: bm_00_10[0] (output port clocked by __VIRTUAL_CLK__)
Path Group: __VIRTUAL_CLK__
Path Type: max

Fanout         Cap        Slew       Delay        Time   Description
---------------------------------------------------------------------------------------------
                      0.000000    0.000000    0.000000   clock __VIRTUAL_CLK__ (rise edge)
                                  0.000000    0.000000   clock network delay (ideal)
                                  2.000000    2.000000 ^ input external delay
     6    0.028032    0.099854    0.067382    2.067382 ^ received[0] (in)
                                                         received[0] (net)
                      0.099854    0.000000    2.067382 ^ _02_/A (sky130_fd_sc_hd__xor2_2)
     4    0.039076    0.367281    0.289202    2.356584 ^ _02_/X (sky130_fd_sc_hd__xor2_2)
                                                         bm_00_00[0] (net)
                      0.367281    0.000000    2.356584 ^ _06_/A (sky130_fd_sc_hd__buf_2)
     1    0.033442    0.129274    0.176614    2.533197 ^ _06_/X (sky130_fd_sc_hd__buf_2)
                                                         bm_00_10[0] (net)
                      0.129274    0.000000    2.533197 ^ bm_00_10[0] (out)
                                              2.533197   data arrival time

                      0.000000   10.000000   10.000000   clock __VIRTUAL_CLK__ (rise edge)
                                  0.000000   10.000000   clock network delay (ideal)
                                 -0.250000    9.750000   clock uncertainty
                                  0.000000    9.750000   clock reconvergence pessimism
                                 -2.000000    7.750000   output external delay
                                              7.750000   data required time
---------------------------------------------------------------------------------------------
                                              7.750000   data required time
                                             -2.533197   data arrival time
---------------------------------------------------------------------------------------------
                                              5.216803   slack (MET)


Startpoint: received[0] (input port clocked by __VIRTUAL_CLK__)
Endpoint: bm_01_00[0] (output port clocked by __VIRTUAL_CLK__)
Path Group: __VIRTUAL_CLK__
Path Type: max

Fanout         Cap        Slew       Delay        Time   Description
---------------------------------------------------------------------------------------------
                      0.000000    0.000000    0.000000   clock __VIRTUAL_CLK__ (rise edge)
                                  0.000000    0.000000   clock network delay (ideal)
                                  2.000000    2.000000 ^ input external delay
     6    0.028032    0.099854    0.067382    2.067382 ^ received[0] (in)
                                                         received[0] (net)
                      0.099854    0.000000    2.067382 ^ _02_/A (sky130_fd_sc_hd__xor2_2)
     4    0.039076    0.367281    0.289202    2.356584 ^ _02_/X (sky130_fd_sc_hd__xor2_2)
                                                         bm_00_00[0] (net)
                      0.367281    0.000000    2.356584 ^ _07_/A (sky130_fd_sc_hd__buf_2)
     1    0.033442    0.129274    0.176614    2.533197 ^ _07_/X (sky130_fd_sc_hd__buf_2)
                                                         bm_01_00[0] (net)
                      0.129274    0.000000    2.533197 ^ bm_01_00[0] (out)
                                              2.533197   data arrival time

                      0.000000   10.000000   10.000000   clock __VIRTUAL_CLK__ (rise edge)
                                  0.000000   10.000000   clock network delay (ideal)
                                 -0.250000    9.750000   clock uncertainty
                                  0.000000    9.750000   clock reconvergence pessimism
                                 -2.000000    7.750000   output external delay
                                              7.750000   data required time
---------------------------------------------------------------------------------------------
                                              7.750000   data required time
                                             -2.533197   data arrival time
---------------------------------------------------------------------------------------------
                                              5.216803   slack (MET)


Startpoint: received[0] (input port clocked by __VIRTUAL_CLK__)
Endpoint: bm_01_10[0] (output port clocked by __VIRTUAL_CLK__)
Path Group: __VIRTUAL_CLK__
Path Type: max

Fanout         Cap        Slew       Delay        Time   Description
---------------------------------------------------------------------------------------------
                      0.000000    0.000000    0.000000   clock __VIRTUAL_CLK__ (rise edge)
                                  0.000000    0.000000   clock network delay (ideal)
                                  2.000000    2.000000 ^ input external delay
     6    0.028032    0.099854    0.067382    2.067382 ^ received[0] (in)
                                                         received[0] (net)
                      0.099854    0.000000    2.067382 ^ _02_/A (sky130_fd_sc_hd__xor2_2)
     4    0.039076    0.367281    0.289202    2.356584 ^ _02_/X (sky130_fd_sc_hd__xor2_2)
                                                         bm_00_00[0] (net)
                      0.367281    0.000000    2.356584 ^ _09_/A (sky130_fd_sc_hd__buf_2)
     1    0.033442    0.129274    0.176614    2.533197 ^ _09_/X (sky130_fd_sc_hd__buf_2)
                                                         bm_01_10[0] (net)
                      0.129274    0.000000    2.533197 ^ bm_01_10[0] (out)
                                              2.533197   data arrival time

                      0.000000   10.000000   10.000000   clock __VIRTUAL_CLK__ (rise edge)
                                  0.000000   10.000000   clock network delay (ideal)
                                 -0.250000    9.750000   clock uncertainty
                                  0.000000    9.750000   clock reconvergence pessimism
                                 -2.000000    7.750000   output external delay
                                              7.750000   data required time
---------------------------------------------------------------------------------------------
                                              7.750000   data required time
                                             -2.533197   data arrival time
---------------------------------------------------------------------------------------------
                                              5.216803   slack (MET)


Startpoint: received[0] (input port clocked by __VIRTUAL_CLK__)
Endpoint: bm_10_11[0] (output port clocked by __VIRTUAL_CLK__)
Path Group: __VIRTUAL_CLK__
Path Type: max

Fanout         Cap        Slew       Delay        Time   Description
---------------------------------------------------------------------------------------------
                      0.000000    0.000000    0.000000   clock __VIRTUAL_CLK__ (rise edge)
                                  0.000000    0.000000   clock network delay (ideal)
                                  2.000000    2.000000 v input external delay
     6    0.025755    0.040678    0.027356    2.027356 v received[0] (in)
                                                         received[0] (net)
                      0.040678    0.000000    2.027356 v _03_/A (sky130_fd_sc_hd__xnor2_2)
     4    0.039076    0.388025    0.317612    2.344968 ^ _03_/Y (sky130_fd_sc_hd__xnor2_2)
                                                         bm_10_01[0] (net)
                      0.388025    0.000000    2.344968 ^ _11_/A (sky130_fd_sc_hd__buf_2)
     1    0.033442    0.129467    0.177063    2.522031 ^ _11_/X (sky130_fd_sc_hd__buf_2)
                                                         bm_10_11[0] (net)
                      0.129467    0.000000    2.522031 ^ bm_10_11[0] (out)
                                              2.522031   data arrival time

                      0.000000   10.000000   10.000000   clock __VIRTUAL_CLK__ (rise edge)
                                  0.000000   10.000000   clock network delay (ideal)
                                 -0.250000    9.750000   clock uncertainty
                                  0.000000    9.750000   clock reconvergence pessimism
                                 -2.000000    7.750000   output external delay
                                              7.750000   data required time
---------------------------------------------------------------------------------------------
                                              7.750000   data required time
                                             -2.522031   data arrival time
---------------------------------------------------------------------------------------------
                                              5.227969   slack (MET)


Startpoint: received[0] (input port clocked by __VIRTUAL_CLK__)
Endpoint: bm_11_01[0] (output port clocked by __VIRTUAL_CLK__)
Path Group: __VIRTUAL_CLK__
Path Type: max

Fanout         Cap        Slew       Delay        Time   Description
---------------------------------------------------------------------------------------------
                      0.000000    0.000000    0.000000   clock __VIRTUAL_CLK__ (rise edge)
                                  0.000000    0.000000   clock network delay (ideal)
                                  2.000000    2.000000 v input external delay
     6    0.025755    0.040678    0.027356    2.027356 v received[0] (in)
                                                         received[0] (net)
                      0.040678    0.000000    2.027356 v _03_/A (sky130_fd_sc_hd__xnor2_2)
     4    0.039076    0.388025    0.317612    2.344968 ^ _03_/Y (sky130_fd_sc_hd__xnor2_2)
                                                         bm_10_01[0] (net)
                      0.388025    0.000000    2.344968 ^ _12_/A (sky130_fd_sc_hd__buf_2)
     1    0.033442    0.129467    0.177063    2.522031 ^ _12_/X (sky130_fd_sc_hd__buf_2)
                                                         bm_11_01[0] (net)
                      0.129467    0.000000    2.522031 ^ bm_11_01[0] (out)
                                              2.522031   data arrival time

                      0.000000   10.000000   10.000000   clock __VIRTUAL_CLK__ (rise edge)
                                  0.000000   10.000000   clock network delay (ideal)
                                 -0.250000    9.750000   clock uncertainty
                                  0.000000    9.750000   clock reconvergence pessimism
                                 -2.000000    7.750000   output external delay
                                              7.750000   data required time
---------------------------------------------------------------------------------------------
                                              7.750000   data required time
                                             -2.522031   data arrival time
---------------------------------------------------------------------------------------------
                                              5.227969   slack (MET)


Startpoint: received[0] (input port clocked by __VIRTUAL_CLK__)
Endpoint: bm_11_11[0] (output port clocked by __VIRTUAL_CLK__)
Path Group: __VIRTUAL_CLK__
Path Type: max

Fanout         Cap        Slew       Delay        Time   Description
---------------------------------------------------------------------------------------------
                      0.000000    0.000000    0.000000   clock __VIRTUAL_CLK__ (rise edge)
                                  0.000000    0.000000   clock network delay (ideal)
                                  2.000000    2.000000 v input external delay
     6    0.025755    0.040678    0.027356    2.027356 v received[0] (in)
                                                         received[0] (net)
                      0.040678    0.000000    2.027356 v _03_/A (sky130_fd_sc_hd__xnor2_2)
     4    0.039076    0.388025    0.317612    2.344968 ^ _03_/Y (sky130_fd_sc_hd__xnor2_2)
                                                         bm_10_01[0] (net)
                      0.388025    0.000000    2.344968 ^ _14_/A (sky130_fd_sc_hd__buf_2)
     1    0.033442    0.129467    0.177063    2.522031 ^ _14_/X (sky130_fd_sc_hd__buf_2)
                                                         bm_11_11[0] (net)
                      0.129467    0.000000    2.522031 ^ bm_11_11[0] (out)
                                              2.522031   data arrival time

                      0.000000   10.000000   10.000000   clock __VIRTUAL_CLK__ (rise edge)
                                  0.000000   10.000000   clock network delay (ideal)
                                 -0.250000    9.750000   clock uncertainty
                                  0.000000    9.750000   clock reconvergence pessimism
                                 -2.000000    7.750000   output external delay
                                              7.750000   data required time
---------------------------------------------------------------------------------------------
                                              7.750000   data required time
                                             -2.522031   data arrival time
---------------------------------------------------------------------------------------------
                                              5.227969   slack (MET)


Startpoint: received[0] (input port clocked by __VIRTUAL_CLK__)
Endpoint: bm_01_00[1] (output port clocked by __VIRTUAL_CLK__)
Path Group: __VIRTUAL_CLK__
Path Type: max

Fanout         Cap        Slew       Delay        Time   Description
---------------------------------------------------------------------------------------------
                      0.000000    0.000000    0.000000   clock __VIRTUAL_CLK__ (rise edge)
                                  0.000000    0.000000   clock network delay (ideal)
                                  2.000000    2.000000 v input external delay
     6    0.025755    0.040678    0.027356    2.027356 v received[0] (in)
                                                         received[0] (net)
                      0.040678    0.000000    2.027356 v _01_/A (sky130_fd_sc_hd__nor2_2)
     2    0.035320    0.284311    0.238317    2.265673 ^ _01_/Y (sky130_fd_sc_hd__nor2_2)
                                                         bm_00_10[1] (net)
                      0.284311    0.000000    2.265673 ^ _08_/A (sky130_fd_sc_hd__buf_2)
     1    0.033442    0.128502    0.174815    2.440488 ^ _08_/X (sky130_fd_sc_hd__buf_2)
                                                         bm_01_00[1] (net)
                      0.128502    0.000000    2.440488 ^ bm_01_00[1] (out)
                                              2.440488   data arrival time

                      0.000000   10.000000   10.000000   clock __VIRTUAL_CLK__ (rise edge)
                                  0.000000   10.000000   clock network delay (ideal)
                                 -0.250000    9.750000   clock uncertainty
                                  0.000000    9.750000   clock reconvergence pessimism
                                 -2.000000    7.750000   output external delay
                                              7.750000   data required time
---------------------------------------------------------------------------------------------
                                              7.750000   data required time
                                             -2.440488   data arrival time
---------------------------------------------------------------------------------------------
                                              5.309512   slack (MET)


Startpoint: received[0] (input port clocked by __VIRTUAL_CLK__)
Endpoint: bm_01_10[1] (output port clocked by __VIRTUAL_CLK__)
Path Group: __VIRTUAL_CLK__
Path Type: max

Fanout         Cap        Slew       Delay        Time   Description
---------------------------------------------------------------------------------------------
                      0.000000    0.000000    0.000000   clock __VIRTUAL_CLK__ (rise edge)
                                  0.000000    0.000000   clock network delay (ideal)
                                  2.000000    2.000000 ^ input external delay
     6    0.028032    0.099854    0.067382    2.067382 ^ received[0] (in)
                                                         received[0] (net)
                      0.099854    0.000000    2.067382 ^ _00_/A (sky130_fd_sc_hd__and2_2)
     2    0.035320    0.141730    0.180308    2.247690 ^ _00_/X (sky130_fd_sc_hd__and2_2)
                                                         bm_00_00[1] (net)
                      0.141730    0.000000    2.247690 ^ _10_/A (sky130_fd_sc_hd__buf_2)
     1    0.033442    0.127571    0.160251    2.407941 ^ _10_/X (sky130_fd_sc_hd__buf_2)
                                                         bm_01_10[1] (net)
                      0.127571    0.000000    2.407941 ^ bm_01_10[1] (out)
                                              2.407941   data arrival time

                      0.000000   10.000000   10.000000   clock __VIRTUAL_CLK__ (rise edge)
                                  0.000000   10.000000   clock network delay (ideal)
                                 -0.250000    9.750000   clock uncertainty
                                  0.000000    9.750000   clock reconvergence pessimism
                                 -2.000000    7.750000   output external delay
                                              7.750000   data required time
---------------------------------------------------------------------------------------------
                                              7.750000   data required time
                                             -2.407941   data arrival time
---------------------------------------------------------------------------------------------
                                              5.342060   slack (MET)


Startpoint: received[0] (input port clocked by __VIRTUAL_CLK__)
Endpoint: bm_11_11[1] (output port clocked by __VIRTUAL_CLK__)
Path Group: __VIRTUAL_CLK__
Path Type: max

Fanout         Cap        Slew       Delay        Time   Description
---------------------------------------------------------------------------------------------
                      0.000000    0.000000    0.000000   clock __VIRTUAL_CLK__ (rise edge)
                                  0.000000    0.000000   clock network delay (ideal)
                                  2.000000    2.000000 ^ input external delay
     6    0.028032    0.099854    0.067382    2.067382 ^ received[0] (in)
                                                         received[0] (net)
                      0.099854    0.000000    2.067382 ^ _05_/B (sky130_fd_sc_hd__and2b_2)
     2    0.035320    0.137905    0.179635    2.247016 ^ _05_/X (sky130_fd_sc_hd__and2b_2)
                                                         bm_10_01[1] (net)
                      0.137905    0.000000    2.247016 ^ _15_/A (sky130_fd_sc_hd__buf_2)
     1    0.033442    0.127546    0.159855    2.406872 ^ _15_/X (sky130_fd_sc_hd__buf_2)
                                                         bm_11_11[1] (net)
                      0.127546    0.000000    2.406872 ^ bm_11_11[1] (out)
                                              2.406872   data arrival time

                      0.000000   10.000000   10.000000   clock __VIRTUAL_CLK__ (rise edge)
                                  0.000000   10.000000   clock network delay (ideal)
                                 -0.250000    9.750000   clock uncertainty
                                  0.000000    9.750000   clock reconvergence pessimism
                                 -2.000000    7.750000   output external delay
                                              7.750000   data required time
---------------------------------------------------------------------------------------------
                                              7.750000   data required time
                                             -2.406872   data arrival time
---------------------------------------------------------------------------------------------
                                              5.343128   slack (MET)


Startpoint: received[1] (input port clocked by __VIRTUAL_CLK__)
Endpoint: bm_11_01[1] (output port clocked by __VIRTUAL_CLK__)
Path Group: __VIRTUAL_CLK__
Path Type: max

Fanout         Cap        Slew       Delay        Time   Description
---------------------------------------------------------------------------------------------
                      0.000000    0.000000    0.000000   clock __VIRTUAL_CLK__ (rise edge)
                                  0.000000    0.000000   clock network delay (ideal)
                                  2.000000    2.000000 ^ input external delay
     6    0.026716    0.095469    0.064325    2.064325 ^ received[1] (in)
                                                         received[1] (net)
                      0.095469    0.000000    2.064325 ^ _04_/B (sky130_fd_sc_hd__and2b_2)
     2    0.035320    0.137901    0.178751    2.243076 ^ _04_/X (sky130_fd_sc_hd__and2b_2)
                                                         bm_10_11[1] (net)
                      0.137901    0.000000    2.243076 ^ _13_/A (sky130_fd_sc_hd__buf_2)
     1    0.033442    0.127546    0.159855    2.402931 ^ _13_/X (sky130_fd_sc_hd__buf_2)
                                                         bm_11_01[1] (net)
                      0.127546    0.000000    2.402931 ^ bm_11_01[1] (out)
                                              2.402931   data arrival time

                      0.000000   10.000000   10.000000   clock __VIRTUAL_CLK__ (rise edge)
                                  0.000000   10.000000   clock network delay (ideal)
                                 -0.250000    9.750000   clock uncertainty
                                  0.000000    9.750000   clock reconvergence pessimism
                                 -2.000000    7.750000   output external delay
                                              7.750000   data required time
---------------------------------------------------------------------------------------------
                                              7.750000   data required time
                                             -2.402931   data arrival time
---------------------------------------------------------------------------------------------
                                              5.347069   slack (MET)


Startpoint: received[0] (input port clocked by __VIRTUAL_CLK__)
Endpoint: bm_00_00[0] (output port clocked by __VIRTUAL_CLK__)
Path Group: __VIRTUAL_CLK__
Path Type: max

Fanout         Cap        Slew       Delay        Time   Description
---------------------------------------------------------------------------------------------
                      0.000000    0.000000    0.000000   clock __VIRTUAL_CLK__ (rise edge)
                                  0.000000    0.000000   clock network delay (ideal)
                                  2.000000    2.000000 ^ input external delay
     6    0.028032    0.099854    0.067382    2.067382 ^ received[0] (in)
                                                         received[0] (net)
                      0.099854    0.000000    2.067382 ^ _02_/A (sky130_fd_sc_hd__xor2_2)
     4    0.039076    0.367281    0.289202    2.356584 ^ _02_/X (sky130_fd_sc_hd__xor2_2)
                                                         bm_00_00[0] (net)
                      0.367281    0.000000    2.356584 ^ bm_00_00[0] (out)
                                              2.356584   data arrival time

                      0.000000   10.000000   10.000000   clock __VIRTUAL_CLK__ (rise edge)
                                  0.000000   10.000000   clock network delay (ideal)
                                 -0.250000    9.750000   clock uncertainty
                                  0.000000    9.750000   clock reconvergence pessimism
                                 -2.000000    7.750000   output external delay
                                              7.750000   data required time
---------------------------------------------------------------------------------------------
                                              7.750000   data required time
                                             -2.356584   data arrival time
---------------------------------------------------------------------------------------------
                                              5.393416   slack (MET)


Startpoint: received[0] (input port clocked by __VIRTUAL_CLK__)
Endpoint: bm_10_01[0] (output port clocked by __VIRTUAL_CLK__)
Path Group: __VIRTUAL_CLK__
Path Type: max

Fanout         Cap        Slew       Delay        Time   Description
---------------------------------------------------------------------------------------------
                      0.000000    0.000000    0.000000   clock __VIRTUAL_CLK__ (rise edge)
                                  0.000000    0.000000   clock network delay (ideal)
                                  2.000000    2.000000 v input external delay
     6    0.025755    0.040678    0.027356    2.027356 v received[0] (in)
                                                         received[0] (net)
                      0.040678    0.000000    2.027356 v _03_/A (sky130_fd_sc_hd__xnor2_2)
     4    0.039076    0.388025    0.317612    2.344968 ^ _03_/Y (sky130_fd_sc_hd__xnor2_2)
                                                         bm_10_01[0] (net)
                      0.388025    0.000000    2.344968 ^ bm_10_01[0] (out)
                                              2.344968   data arrival time

                      0.000000   10.000000   10.000000   clock __VIRTUAL_CLK__ (rise edge)
                                  0.000000   10.000000   clock network delay (ideal)
                                 -0.250000    9.750000   clock uncertainty
                                  0.000000    9.750000   clock reconvergence pessimism
                                 -2.000000    7.750000   output external delay
                                              7.750000   data required time
---------------------------------------------------------------------------------------------
                                              7.750000   data required time
                                             -2.344968   data arrival time
---------------------------------------------------------------------------------------------
                                              5.405032   slack (MET)


Startpoint: received[0] (input port clocked by __VIRTUAL_CLK__)
Endpoint: bm_00_10[1] (output port clocked by __VIRTUAL_CLK__)
Path Group: __VIRTUAL_CLK__
Path Type: max

Fanout         Cap        Slew       Delay        Time   Description
---------------------------------------------------------------------------------------------
                      0.000000    0.000000    0.000000   clock __VIRTUAL_CLK__ (rise edge)
                                  0.000000    0.000000   clock network delay (ideal)
                                  2.000000    2.000000 v input external delay
     6    0.025755    0.040678    0.027356    2.027356 v received[0] (in)
                                                         received[0] (net)
                      0.040678    0.000000    2.027356 v _01_/A (sky130_fd_sc_hd__nor2_2)
     2    0.035320    0.284311    0.238317    2.265673 ^ _01_/Y (sky130_fd_sc_hd__nor2_2)
                                                         bm_00_10[1] (net)
                      0.284311    0.000000    2.265673 ^ bm_00_10[1] (out)
                                              2.265673   data arrival time

                      0.000000   10.000000   10.000000   clock __VIRTUAL_CLK__ (rise edge)
                                  0.000000   10.000000   clock network delay (ideal)
                                 -0.250000    9.750000   clock uncertainty
                                  0.000000    9.750000   clock reconvergence pessimism
                                 -2.000000    7.750000   output external delay
                                              7.750000   data required time
---------------------------------------------------------------------------------------------
                                              7.750000   data required time
                                             -2.265673   data arrival time
---------------------------------------------------------------------------------------------
                                              5.484327   slack (MET)


Startpoint: received[0] (input port clocked by __VIRTUAL_CLK__)
Endpoint: bm_10_11[1] (output port clocked by __VIRTUAL_CLK__)
Path Group: __VIRTUAL_CLK__
Path Type: max

Fanout         Cap        Slew       Delay        Time   Description
---------------------------------------------------------------------------------------------
                      0.000000    0.000000    0.000000   clock __VIRTUAL_CLK__ (rise edge)
                                  0.000000    0.000000   clock network delay (ideal)
                                  2.000000    2.000000 ^ input external delay
     6    0.028032    0.099854    0.067382    2.067382 ^ received[0] (in)
                                                         received[0] (net)
                      0.099854    0.000000    2.067382 ^ _04_/A_N (sky130_fd_sc_hd__and2b_2)
     2    0.035161    0.075669    0.193354    2.260735 v _04_/X (sky130_fd_sc_hd__and2b_2)
                                                         bm_10_11[1] (net)
                      0.075669    0.000000    2.260735 v bm_10_11[1] (out)
                                              2.260735   data arrival time

                      0.000000   10.000000   10.000000   clock __VIRTUAL_CLK__ (rise edge)
                                  0.000000   10.000000   clock network delay (ideal)
                                 -0.250000    9.750000   clock uncertainty
                                  0.000000    9.750000   clock reconvergence pessimism
                                 -2.000000    7.750000   output external delay
                                              7.750000   data required time
---------------------------------------------------------------------------------------------
                                              7.750000   data required time
                                             -2.260735   data arrival time
---------------------------------------------------------------------------------------------
                                              5.489265   slack (MET)


Startpoint: received[1] (input port clocked by __VIRTUAL_CLK__)
Endpoint: bm_10_01[1] (output port clocked by __VIRTUAL_CLK__)
Path Group: __VIRTUAL_CLK__
Path Type: max

Fanout         Cap        Slew       Delay        Time   Description
---------------------------------------------------------------------------------------------
                      0.000000    0.000000    0.000000   clock __VIRTUAL_CLK__ (rise edge)
                                  0.000000    0.000000   clock network delay (ideal)
                                  2.000000    2.000000 ^ input external delay
     6    0.026716    0.095469    0.064325    2.064325 ^ received[1] (in)
                                                         received[1] (net)
                      0.095469    0.000000    2.064325 ^ _05_/A_N (sky130_fd_sc_hd__and2b_2)
     2    0.035161    0.075679    0.192833    2.257158 v _05_/X (sky130_fd_sc_hd__and2b_2)
                                                         bm_10_01[1] (net)
                      0.075679    0.000000    2.257158 v bm_10_01[1] (out)
                                              2.257158   data arrival time

                      0.000000   10.000000   10.000000   clock __VIRTUAL_CLK__ (rise edge)
                                  0.000000   10.000000   clock network delay (ideal)
                                 -0.250000    9.750000   clock uncertainty
                                  0.000000    9.750000   clock reconvergence pessimism
                                 -2.000000    7.750000   output external delay
                                              7.750000   data required time
---------------------------------------------------------------------------------------------
                                              7.750000   data required time
                                             -2.257158   data arrival time
---------------------------------------------------------------------------------------------
                                              5.492842   slack (MET)


Startpoint: received[0] (input port clocked by __VIRTUAL_CLK__)
Endpoint: bm_00_00[1] (output port clocked by __VIRTUAL_CLK__)
Path Group: __VIRTUAL_CLK__
Path Type: max

Fanout         Cap        Slew       Delay        Time   Description
---------------------------------------------------------------------------------------------
                      0.000000    0.000000    0.000000   clock __VIRTUAL_CLK__ (rise edge)
                                  0.000000    0.000000   clock network delay (ideal)
                                  2.000000    2.000000 ^ input external delay
     6    0.028032    0.099854    0.067382    2.067382 ^ received[0] (in)
                                                         received[0] (net)
                      0.099854    0.000000    2.067382 ^ _00_/A (sky130_fd_sc_hd__and2_2)
     2    0.035320    0.141730    0.180308    2.247690 ^ _00_/X (sky130_fd_sc_hd__and2_2)
                                                         bm_00_00[1] (net)
                      0.141730    0.000000    2.247690 ^ bm_00_00[1] (out)
                                              2.247690   data arrival time

                      0.000000   10.000000   10.000000   clock __VIRTUAL_CLK__ (rise edge)
                                  0.000000   10.000000   clock network delay (ideal)
                                 -0.250000    9.750000   clock uncertainty
                                  0.000000    9.750000   clock reconvergence pessimism
                                 -2.000000    7.750000   output external delay
                                              7.750000   data required time
---------------------------------------------------------------------------------------------
                                              7.750000   data required time
                                             -2.247690   data arrival time
---------------------------------------------------------------------------------------------
                                              5.502310   slack (MET)



