
===========================================================================
report_checks -path_delay max (Setup)
============================================================================
======================= nom_ff_n40C_1v95 Corner ===================================

Startpoint: received[0] (input port clocked by clk)
Endpoint: SMU_Top (rising edge-triggered flip-flop clocked by clk)
Path Group: clk
Path Type: max

Fanout         Cap        Slew       Delay        Time   Description
---------------------------------------------------------------------------------------------
                      0.150000    0.000000    0.000000   clock clk (rise edge)
                                  0.000000    0.000000   clock network delay (ideal)
                                 20.000000   20.000000 ^ input external delay
     1    0.002900    0.014797    0.007473   20.007473 ^ received[0] (in)
                                                         received[0] (net)
                      0.014797    0.000000   20.007473 ^ BMU/received[0] (Branch_Metrics)
     1    0.004000    0.055849    1.465578   21.473051 ^ BMU/bm_10_11[0] (Branch_Metrics)
                                                         bm_10_11[0] (net)
                      0.055849    0.000000   21.473051 ^ PMU_Top/bm_10_11[0] (Path_Metric_Unit)
     1    0.003400    0.051654    3.811623   25.284674 ^ PMU_Top/servivor_select_11 (Path_Metric_Unit)
                                                         servivor_select_11 (net)
                      0.051654    0.000000   25.284674 ^ SMU_Top/survivor_select_11 (Survivor_Memory_Unit)
                                             25.284674   data arrival time

                      0.150000  100.000000  100.000000   clock clk (rise edge)
                                  0.000000  100.000000   clock network delay (ideal)
                                 -0.250000   99.750000   clock uncertainty
                                  0.000000   99.750000   clock reconvergence pessimism
                                             99.750000 ^ SMU_Top/clk (Survivor_Memory_Unit)
                                 -1.929030   97.820969   library setup time
                                             97.820969   data required time
---------------------------------------------------------------------------------------------
                                             97.820969   data required time
                                            -25.284674   data arrival time
---------------------------------------------------------------------------------------------
                                             72.536301   slack (MET)


Startpoint: received[1] (input port clocked by clk)
Endpoint: SMU_Top (rising edge-triggered flip-flop clocked by clk)
Path Group: clk
Path Type: max

Fanout         Cap        Slew       Delay        Time   Description
---------------------------------------------------------------------------------------------
                      0.150000    0.000000    0.000000   clock clk (rise edge)
                                  0.000000    0.000000   clock network delay (ideal)
                                 20.000000   20.000000 ^ input external delay
     1    0.002900    0.014797    0.007473   20.007473 ^ received[1] (in)
                                                         received[1] (net)
                      0.014797    0.000000   20.007473 ^ BMU/received[1] (Branch_Metrics)
     1    0.007400    0.085979    1.431635   21.439110 ^ BMU/bm_00_00[0] (Branch_Metrics)
                                                         bm_00_00[0] (net)
                      0.085979    0.000000   21.439110 ^ PMU_Top/bm_00_00[0] (Path_Metric_Unit)
     1    0.003500    0.052350    3.765354   25.204464 ^ PMU_Top/servivor_select_00 (Path_Metric_Unit)
                                                         servivor_select_00 (net)
                      0.052350    0.000000   25.204464 ^ SMU_Top/survivor_select_00 (Survivor_Memory_Unit)
                                             25.204464   data arrival time

                      0.150000  100.000000  100.000000   clock clk (rise edge)
                                  0.000000  100.000000   clock network delay (ideal)
                                 -0.250000   99.750000   clock uncertainty
                                  0.000000   99.750000   clock reconvergence pessimism
                                             99.750000 ^ SMU_Top/clk (Survivor_Memory_Unit)
                                 -1.984410   97.765587   library setup time
                                             97.765587   data required time
---------------------------------------------------------------------------------------------
                                             97.765587   data required time
                                            -25.204464   data arrival time
---------------------------------------------------------------------------------------------
                                             72.561127   slack (MET)


Startpoint: received[1] (input port clocked by clk)
Endpoint: SMU_Top (rising edge-triggered flip-flop clocked by clk)
Path Group: clk
Path Type: max

Fanout         Cap        Slew       Delay        Time   Description
---------------------------------------------------------------------------------------------
                      0.150000    0.000000    0.000000   clock clk (rise edge)
                                  0.000000    0.000000   clock network delay (ideal)
                                 20.000000   20.000000 ^ input external delay
     1    0.002900    0.014797    0.007473   20.007473 ^ received[1] (in)
                                                         received[1] (net)
                      0.014797    0.000000   20.007473 ^ BMU/received[1] (Branch_Metrics)
     1    0.003900    0.055139    1.508298   21.515772 ^ BMU/bm_00_10[0] (Branch_Metrics)
                                                         bm_00_10[0] (net)
                      0.055139    0.000000   21.515772 ^ PMU_Top/bm_00_10[0] (Path_Metric_Unit)
     1    0.003600    0.048394    3.519158   25.034929 v PMU_Top/servivor_select_10 (Path_Metric_Unit)
                                                         servivor_select_10 (net)
                      0.048394    0.000000   25.034929 v SMU_Top/survivor_select_10 (Survivor_Memory_Unit)
                                             25.034929   data arrival time

                      0.150000  100.000000  100.000000   clock clk (rise edge)
                                  0.000000  100.000000   clock network delay (ideal)
                                 -0.250000   99.750000   clock uncertainty
                                  0.000000   99.750000   clock reconvergence pessimism
                                             99.750000 ^ SMU_Top/clk (Survivor_Memory_Unit)
                                 -1.923550   97.826447   library setup time
                                             97.826447   data required time
---------------------------------------------------------------------------------------------
                                             97.826447   data required time
                                            -25.034929   data arrival time
---------------------------------------------------------------------------------------------
                                             72.791519   slack (MET)


Startpoint: received[1] (input port clocked by clk)
Endpoint: SMU_Top (rising edge-triggered flip-flop clocked by clk)
Path Group: clk
Path Type: max

Fanout         Cap        Slew       Delay        Time   Description
---------------------------------------------------------------------------------------------
                      0.150000    0.000000    0.000000   clock clk (rise edge)
                                  0.000000    0.000000   clock network delay (ideal)
                                 20.000000   20.000000 ^ input external delay
     1    0.002900    0.014797    0.007473   20.007473 ^ received[1] (in)
                                                         received[1] (net)
                      0.014797    0.000000   20.007473 ^ BMU/received[1] (Branch_Metrics)
     1    0.004200    0.051071    1.124347   21.131821 v BMU/bm_10_01[1] (Branch_Metrics)
                                                         bm_10_01[1] (net)
                      0.051071    0.000000   21.131821 v PMU_Top/bm_10_01[1] (Path_Metric_Unit)
     1    0.003400    0.055461    4.258272   25.390093 ^ PMU_Top/servivor_select_01 (Path_Metric_Unit)
                                                         servivor_select_01 (net)
                      0.055461    0.000000   25.390093 ^ SMU_Top/survivor_select_01 (Survivor_Memory_Unit)
                                             25.390093   data arrival time

                      0.150000  100.000000  100.000000   clock clk (rise edge)
                                  0.000000  100.000000   clock network delay (ideal)
                                 -0.250000   99.750000   clock uncertainty
                                  0.000000   99.750000   clock reconvergence pessimism
                                             99.750000 ^ SMU_Top/clk (Survivor_Memory_Unit)
                                 -0.840410   98.909592   library setup time
                                             98.909592   data required time
---------------------------------------------------------------------------------------------
                                             98.909592   data required time
                                            -25.390093   data arrival time
---------------------------------------------------------------------------------------------
                                             73.519493   slack (MET)


Startpoint: received[1] (input port clocked by clk)
Endpoint: PMU_Top (rising edge-triggered flip-flop clocked by clk)
Path Group: clk
Path Type: max

Fanout         Cap        Slew       Delay        Time   Description
---------------------------------------------------------------------------------------------
                      0.150000    0.000000    0.000000   clock clk (rise edge)
                                  0.000000    0.000000   clock network delay (ideal)
                                 20.000000   20.000000 ^ input external delay
     1    0.002900    0.014797    0.007473   20.007473 ^ received[1] (in)
                                                         received[1] (net)
                      0.014797    0.000000   20.007473 ^ BMU/received[1] (Branch_Metrics)
     1    0.004200    0.051071    1.124347   21.131821 v BMU/bm_10_01[1] (Branch_Metrics)
                                                         bm_10_01[1] (net)
                      0.051071    0.000000   21.131821 v PMU_Top/bm_10_01[1] (Path_Metric_Unit)
                                             21.131821   data arrival time

                      0.150000  100.000000  100.000000   clock clk (rise edge)
                                  0.000000  100.000000   clock network delay (ideal)
                                 -0.250000   99.750000   clock uncertainty
                                  0.000000   99.750000   clock reconvergence pessimism
                                             99.750000 ^ PMU_Top/clk (Path_Metric_Unit)
                                 -3.921220   95.828773   library setup time
                                             95.828773   data required time
---------------------------------------------------------------------------------------------
                                             95.828773   data required time
                                            -21.131821   data arrival time
---------------------------------------------------------------------------------------------
                                             74.696960   slack (MET)


Startpoint: received[0] (input port clocked by clk)
Endpoint: PMU_Top (rising edge-triggered flip-flop clocked by clk)
Path Group: clk
Path Type: max

Fanout         Cap        Slew       Delay        Time   Description
---------------------------------------------------------------------------------------------
                      0.150000    0.000000    0.000000   clock clk (rise edge)
                                  0.000000    0.000000   clock network delay (ideal)
                                 20.000000   20.000000 v input external delay
     1    0.002900    0.005063    0.002336   20.002337 v received[0] (in)
                                                         received[0] (net)
                      0.005063    0.000000   20.002337 v BMU/received[0] (Branch_Metrics)
     1    0.003900    0.055149    1.278432   21.280767 ^ BMU/bm_11_01[1] (Branch_Metrics)
                                                         bm_11_01[1] (net)
                      0.055149    0.000000   21.280767 ^ PMU_Top/bm_11_01[1] (Path_Metric_Unit)
                                             21.280767   data arrival time

                      0.150000  100.000000  100.000000   clock clk (rise edge)
                                  0.000000  100.000000   clock network delay (ideal)
                                 -0.250000   99.750000   clock uncertainty
                                  0.000000   99.750000   clock reconvergence pessimism
                                             99.750000 ^ PMU_Top/clk (Path_Metric_Unit)
                                 -3.737510   96.012489   library setup time
                                             96.012489   data required time
---------------------------------------------------------------------------------------------
                                             96.012489   data required time
                                            -21.280767   data arrival time
---------------------------------------------------------------------------------------------
                                             74.731720   slack (MET)


Startpoint: received[0] (input port clocked by clk)
Endpoint: PMU_Top (rising edge-triggered flip-flop clocked by clk)
Path Group: clk
Path Type: max

Fanout         Cap        Slew       Delay        Time   Description
---------------------------------------------------------------------------------------------
                      0.150000    0.000000    0.000000   clock clk (rise edge)
                                  0.000000    0.000000   clock network delay (ideal)
                                 20.000000   20.000000 ^ input external delay
     1    0.002900    0.014797    0.007473   20.007473 ^ received[0] (in)
                                                         received[0] (net)
                      0.014797    0.000000   20.007473 ^ BMU/received[0] (Branch_Metrics)
     1    0.003200    0.050158    1.464739   21.472214 ^ BMU/bm_11_01[0] (Branch_Metrics)
                                                         bm_11_01[0] (net)
                      0.050158    0.000000   21.472214 ^ PMU_Top/bm_11_01[0] (Path_Metric_Unit)
                                             21.472214   data arrival time

                      0.150000  100.000000  100.000000   clock clk (rise edge)
                                  0.000000  100.000000   clock network delay (ideal)
                                 -0.250000   99.750000   clock uncertainty
                                  0.000000   99.750000   clock reconvergence pessimism
                                             99.750000 ^ PMU_Top/clk (Path_Metric_Unit)
                                 -3.532640   96.217361   library setup time
                                             96.217361   data required time
---------------------------------------------------------------------------------------------
                                             96.217361   data required time
                                            -21.472214   data arrival time
---------------------------------------------------------------------------------------------
                                             74.745148   slack (MET)


Startpoint: received[0] (input port clocked by clk)
Endpoint: PMU_Top (rising edge-triggered flip-flop clocked by clk)
Path Group: clk
Path Type: max

Fanout         Cap        Slew       Delay        Time   Description
---------------------------------------------------------------------------------------------
                      0.150000    0.000000    0.000000   clock clk (rise edge)
                                  0.000000    0.000000   clock network delay (ideal)
                                 20.000000   20.000000 ^ input external delay
     1    0.002900    0.014797    0.007473   20.007473 ^ received[0] (in)
                                                         received[0] (net)
                      0.014797    0.000000   20.007473 ^ BMU/received[0] (Branch_Metrics)
     1    0.003300    0.058246    1.365207   21.372681 ^ BMU/bm_10_01[0] (Branch_Metrics)
                                                         bm_10_01[0] (net)
                      0.058246    0.000000   21.372681 ^ PMU_Top/bm_10_01[0] (Path_Metric_Unit)
                                             21.372681   data arrival time

                      0.150000  100.000000  100.000000   clock clk (rise edge)
                                  0.000000  100.000000   clock network delay (ideal)
                                 -0.250000   99.750000   clock uncertainty
                                  0.000000   99.750000   clock reconvergence pessimism
                                             99.750000 ^ PMU_Top/clk (Path_Metric_Unit)
                                 -3.488440   96.261559   library setup time
                                             96.261559   data required time
---------------------------------------------------------------------------------------------
                                             96.261559   data required time
                                            -21.372681   data arrival time
---------------------------------------------------------------------------------------------
                                             74.888885   slack (MET)


Startpoint: received[1] (input port clocked by clk)
Endpoint: PMU_Top (rising edge-triggered flip-flop clocked by clk)
Path Group: clk
Path Type: max

Fanout         Cap        Slew       Delay        Time   Description
---------------------------------------------------------------------------------------------
                      0.150000    0.000000    0.000000   clock clk (rise edge)
                                  0.000000    0.000000   clock network delay (ideal)
                                 20.000000   20.000000 ^ input external delay
     1    0.002900    0.014797    0.007473   20.007473 ^ received[1] (in)
                                                         received[1] (net)
                      0.014797    0.000000   20.007473 ^ BMU/received[1] (Branch_Metrics)
     1    0.006300    0.060166    1.321009   21.328484 v BMU/bm_11_11[1] (Branch_Metrics)
                                                         bm_11_11[1] (net)
                      0.060166    0.000000   21.328484 v PMU_Top/bm_11_11[1] (Path_Metric_Unit)
                                             21.328484   data arrival time

                      0.150000  100.000000  100.000000   clock clk (rise edge)
                                  0.000000  100.000000   clock network delay (ideal)
                                 -0.250000   99.750000   clock uncertainty
                                  0.000000   99.750000   clock reconvergence pessimism
                                             99.750000 ^ PMU_Top/clk (Path_Metric_Unit)
                                 -3.470000   96.279999   library setup time
                                             96.279999   data required time
---------------------------------------------------------------------------------------------
                                             96.279999   data required time
                                            -21.328484   data arrival time
---------------------------------------------------------------------------------------------
                                             74.951515   slack (MET)


Startpoint: received[0] (input port clocked by clk)
Endpoint: PMU_Top (rising edge-triggered flip-flop clocked by clk)
Path Group: clk
Path Type: max

Fanout         Cap        Slew       Delay        Time   Description
---------------------------------------------------------------------------------------------
                      0.150000    0.000000    0.000000   clock clk (rise edge)
                                  0.000000    0.000000   clock network delay (ideal)
                                 20.000000   20.000000 ^ input external delay
     1    0.002900    0.014797    0.007473   20.007473 ^ received[0] (in)
                                                         received[0] (net)
                      0.014797    0.000000   20.007473 ^ BMU/received[0] (Branch_Metrics)
     1    0.004000    0.050181    1.238989   21.246464 v BMU/bm_10_11[0] (Branch_Metrics)
                                                         bm_10_11[0] (net)
                      0.050181    0.000000   21.246464 v PMU_Top/bm_10_11[0] (Path_Metric_Unit)
                                             21.246464   data arrival time

                      0.150000  100.000000  100.000000   clock clk (rise edge)
                                  0.000000  100.000000   clock network delay (ideal)
                                 -0.250000   99.750000   clock uncertainty
                                  0.000000   99.750000   clock reconvergence pessimism
                                             99.750000 ^ PMU_Top/clk (Path_Metric_Unit)
                                 -3.420080   96.329926   library setup time
                                             96.329926   data required time
---------------------------------------------------------------------------------------------
                                             96.329926   data required time
                                            -21.246464   data arrival time
---------------------------------------------------------------------------------------------
                                             75.083458   slack (MET)


Startpoint: received[1] (input port clocked by clk)
Endpoint: PMU_Top (rising edge-triggered flip-flop clocked by clk)
Path Group: clk
Path Type: max

Fanout         Cap        Slew       Delay        Time   Description
---------------------------------------------------------------------------------------------
                      0.150000    0.000000    0.000000   clock clk (rise edge)
                                  0.000000    0.000000   clock network delay (ideal)
                                 20.000000   20.000000 ^ input external delay
     1    0.002900    0.014797    0.007473   20.007473 ^ received[1] (in)
                                                         received[1] (net)
                      0.014797    0.000000   20.007473 ^ BMU/received[1] (Branch_Metrics)
     1    0.003900    0.055139    1.508298   21.515772 ^ BMU/bm_00_10[0] (Branch_Metrics)
                                                         bm_00_10[0] (net)
                      0.055139    0.000000   21.515772 ^ PMU_Top/bm_00_10[0] (Path_Metric_Unit)
                                             21.515772   data arrival time

                      0.150000  100.000000  100.000000   clock clk (rise edge)
                                  0.000000  100.000000   clock network delay (ideal)
                                 -0.250000   99.750000   clock uncertainty
                                  0.000000   99.750000   clock reconvergence pessimism
                                             99.750000 ^ PMU_Top/clk (Path_Metric_Unit)
                                 -3.124540   96.625458   library setup time
                                             96.625458   data required time
---------------------------------------------------------------------------------------------
                                             96.625458   data required time
                                            -21.515772   data arrival time
---------------------------------------------------------------------------------------------
                                             75.109688   slack (MET)


Startpoint: received[1] (input port clocked by clk)
Endpoint: PMU_Top (rising edge-triggered flip-flop clocked by clk)
Path Group: clk
Path Type: max

Fanout         Cap        Slew       Delay        Time   Description
---------------------------------------------------------------------------------------------
                      0.150000    0.000000    0.000000   clock clk (rise edge)
                                  0.000000    0.000000   clock network delay (ideal)
                                 20.000000   20.000000 v input external delay
     1    0.002900    0.005063    0.002336   20.002337 v received[1] (in)
                                                         received[1] (net)
                      0.005063    0.000000   20.002337 v BMU/received[1] (Branch_Metrics)
     1    0.003300    0.046974    1.237225   21.239561 v BMU/bm_01_10[1] (Branch_Metrics)
                                                         bm_01_10[1] (net)
                      0.046974    0.000000   21.239561 v PMU_Top/bm_01_10[1] (Path_Metric_Unit)
                                             21.239561   data arrival time

                      0.150000  100.000000  100.000000   clock clk (rise edge)
                                  0.000000  100.000000   clock network delay (ideal)
                                 -0.250000   99.750000   clock uncertainty
                                  0.000000   99.750000   clock reconvergence pessimism
                                             99.750000 ^ PMU_Top/clk (Path_Metric_Unit)
                                 -3.396360   96.353638   library setup time
                                             96.353638   data required time
---------------------------------------------------------------------------------------------
                                             96.353638   data required time
                                            -21.239561   data arrival time
---------------------------------------------------------------------------------------------
                                             75.114075   slack (MET)


Startpoint: received[1] (input port clocked by clk)
Endpoint: PMU_Top (rising edge-triggered flip-flop clocked by clk)
Path Group: clk
Path Type: max

Fanout         Cap        Slew       Delay        Time   Description
---------------------------------------------------------------------------------------------
                      0.150000    0.000000    0.000000   clock clk (rise edge)
                                  0.000000    0.000000   clock network delay (ideal)
                                 20.000000   20.000000 ^ input external delay
     1    0.002900    0.014797    0.007473   20.007473 ^ received[1] (in)
                                                         received[1] (net)
                      0.014797    0.000000   20.007473 ^ BMU/received[1] (Branch_Metrics)
     1    0.004200    0.057260    1.515167   21.522640 ^ BMU/bm_01_10[0] (Branch_Metrics)
                                                         bm_01_10[0] (net)
                      0.057260    0.000000   21.522640 ^ PMU_Top/bm_01_10[0] (Path_Metric_Unit)
                                             21.522640   data arrival time

                      0.150000  100.000000  100.000000   clock clk (rise edge)
                                  0.000000  100.000000   clock network delay (ideal)
                                 -0.250000   99.750000   clock uncertainty
                                  0.000000   99.750000   clock reconvergence pessimism
                                             99.750000 ^ PMU_Top/clk (Path_Metric_Unit)
                                 -3.107280   96.642715   library setup time
                                             96.642715   data required time
---------------------------------------------------------------------------------------------
                                             96.642715   data required time
                                            -21.522640   data arrival time
---------------------------------------------------------------------------------------------
                                             75.120079   slack (MET)


Startpoint: received[0] (input port clocked by clk)
Endpoint: PMU_Top (rising edge-triggered flip-flop clocked by clk)
Path Group: clk
Path Type: max

Fanout         Cap        Slew       Delay        Time   Description
---------------------------------------------------------------------------------------------
                      0.150000    0.000000    0.000000   clock clk (rise edge)
                                  0.000000    0.000000   clock network delay (ideal)
                                 20.000000   20.000000 ^ input external delay
     1    0.002900    0.014797    0.007473   20.007473 ^ received[0] (in)
                                                         received[0] (net)
                      0.014797    0.000000   20.007473 ^ BMU/received[0] (Branch_Metrics)
     1    0.007400    0.064707    1.160918   21.168392 v BMU/bm_00_00[0] (Branch_Metrics)
                                                         bm_00_00[0] (net)
                      0.064707    0.000000   21.168392 v PMU_Top/bm_00_00[0] (Path_Metric_Unit)
                                             21.168392   data arrival time

                      0.150000  100.000000  100.000000   clock clk (rise edge)
                                  0.000000  100.000000   clock network delay (ideal)
                                 -0.250000   99.750000   clock uncertainty
                                  0.000000   99.750000   clock reconvergence pessimism
                                             99.750000 ^ PMU_Top/clk (Path_Metric_Unit)
                                 -3.400660   96.349342   library setup time
                                             96.349342   data required time
---------------------------------------------------------------------------------------------
                                             96.349342   data required time
                                            -21.168392   data arrival time
---------------------------------------------------------------------------------------------
                                             75.180954   slack (MET)


Startpoint: received[0] (input port clocked by clk)
Endpoint: PMU_Top (rising edge-triggered flip-flop clocked by clk)
Path Group: clk
Path Type: max

Fanout         Cap        Slew       Delay        Time   Description
---------------------------------------------------------------------------------------------
                      0.150000    0.000000    0.000000   clock clk (rise edge)
                                  0.000000    0.000000   clock network delay (ideal)
                                 20.000000   20.000000 ^ input external delay
     1    0.002900    0.014797    0.007473   20.007473 ^ received[0] (in)
                                                         received[0] (net)
                      0.014797    0.000000   20.007473 ^ BMU/received[0] (Branch_Metrics)
     1    0.003300    0.046943    1.121872   21.129347 v BMU/bm_10_11[1] (Branch_Metrics)
                                                         bm_10_11[1] (net)
                      0.046943    0.000000   21.129347 v PMU_Top/bm_10_11[1] (Path_Metric_Unit)
                                             21.129347   data arrival time

                      0.150000  100.000000  100.000000   clock clk (rise edge)
                                  0.000000  100.000000   clock network delay (ideal)
                                 -0.250000   99.750000   clock uncertainty
                                  0.000000   99.750000   clock reconvergence pessimism
                                             99.750000 ^ PMU_Top/clk (Path_Metric_Unit)
                                 -3.400220   96.349785   library setup time
                                             96.349785   data required time
---------------------------------------------------------------------------------------------
                                             96.349785   data required time
                                            -21.129347   data arrival time
---------------------------------------------------------------------------------------------
                                             75.220436   slack (MET)


Startpoint: received[0] (input port clocked by clk)
Endpoint: PMU_Top (rising edge-triggered flip-flop clocked by clk)
Path Group: clk
Path Type: max

Fanout         Cap        Slew       Delay        Time   Description
---------------------------------------------------------------------------------------------
                      0.150000    0.000000    0.000000   clock clk (rise edge)
                                  0.000000    0.000000   clock network delay (ideal)
                                 20.000000   20.000000 v input external delay
     1    0.002900    0.005063    0.002336   20.002337 v received[0] (in)
                                                         received[0] (net)
                      0.005063    0.000000   20.002337 v BMU/received[0] (Branch_Metrics)
     1    0.003600    0.053026    1.134925   21.137262 ^ BMU/bm_01_00[1] (Branch_Metrics)
                                                         bm_01_00[1] (net)
                      0.053026    0.000000   21.137262 ^ PMU_Top/bm_01_00[1] (Path_Metric_Unit)
                                             21.137262   data arrival time

                      0.150000  100.000000  100.000000   clock clk (rise edge)
                                  0.000000  100.000000   clock network delay (ideal)
                                 -0.250000   99.750000   clock uncertainty
                                  0.000000   99.750000   clock reconvergence pessimism
                                             99.750000 ^ PMU_Top/clk (Path_Metric_Unit)
                                 -3.365950   96.384048   library setup time
                                             96.384048   data required time
---------------------------------------------------------------------------------------------
                                             96.384048   data required time
                                            -21.137262   data arrival time
---------------------------------------------------------------------------------------------
                                             75.246788   slack (MET)


Startpoint: received[1] (input port clocked by clk)
Endpoint: PMU_Top (rising edge-triggered flip-flop clocked by clk)
Path Group: clk
Path Type: max

Fanout         Cap        Slew       Delay        Time   Description
---------------------------------------------------------------------------------------------
                      0.150000    0.000000    0.000000   clock clk (rise edge)
                                  0.000000    0.000000   clock network delay (ideal)
                                 20.000000   20.000000 v input external delay
     1    0.002900    0.005063    0.002336   20.002337 v received[1] (in)
                                                         received[1] (net)
                      0.005063    0.000000   20.002337 v BMU/received[1] (Branch_Metrics)
     1    0.006700    0.061750    1.113291   21.115627 v BMU/bm_00_00[1] (Branch_Metrics)
                                                         bm_00_00[1] (net)
                      0.061750    0.000000   21.115627 v PMU_Top/bm_00_00[1] (Path_Metric_Unit)
                                             21.115627   data arrival time

                      0.150000  100.000000  100.000000   clock clk (rise edge)
                                  0.000000  100.000000   clock network delay (ideal)
                                 -0.250000   99.750000   clock uncertainty
                                  0.000000   99.750000   clock reconvergence pessimism
                                             99.750000 ^ PMU_Top/clk (Path_Metric_Unit)
                                 -3.386150   96.363853   library setup time
                                             96.363853   data required time
---------------------------------------------------------------------------------------------
                                             96.363853   data required time
                                            -21.115627   data arrival time
---------------------------------------------------------------------------------------------
                                             75.248222   slack (MET)


Startpoint: received[0] (input port clocked by clk)
Endpoint: PMU_Top (rising edge-triggered flip-flop clocked by clk)
Path Group: clk
Path Type: max

Fanout         Cap        Slew       Delay        Time   Description
---------------------------------------------------------------------------------------------
                      0.150000    0.000000    0.000000   clock clk (rise edge)
                                  0.000000    0.000000   clock network delay (ideal)
                                 20.000000   20.000000 v input external delay
     1    0.002900    0.005063    0.002336   20.002337 v received[0] (in)
                                                         received[0] (net)
                      0.005063    0.000000   20.002337 v BMU/received[0] (Branch_Metrics)
     1    0.003400    0.052302    1.009616   21.011951 ^ BMU/bm_00_10[1] (Branch_Metrics)
                                                         bm_00_10[1] (net)
                      0.052302    0.000000   21.011951 ^ PMU_Top/bm_00_10[1] (Path_Metric_Unit)
                                             21.011951   data arrival time

                      0.150000  100.000000  100.000000   clock clk (rise edge)
                                  0.000000  100.000000   clock network delay (ideal)
                                 -0.250000   99.750000   clock uncertainty
                                  0.000000   99.750000   clock reconvergence pessimism
                                             99.750000 ^ PMU_Top/clk (Path_Metric_Unit)
                                 -3.487380   96.262619   library setup time
                                             96.262619   data required time
---------------------------------------------------------------------------------------------
                                             96.262619   data required time
                                            -21.011951   data arrival time
---------------------------------------------------------------------------------------------
                                             75.250671   slack (MET)


Startpoint: received[0] (input port clocked by clk)
Endpoint: PMU_Top (rising edge-triggered flip-flop clocked by clk)
Path Group: clk
Path Type: max

Fanout         Cap        Slew       Delay        Time   Description
---------------------------------------------------------------------------------------------
                      0.150000    0.000000    0.000000   clock clk (rise edge)
                                  0.000000    0.000000   clock network delay (ideal)
                                 20.000000   20.000000 ^ input external delay
     1    0.002900    0.014797    0.007473   20.007473 ^ received[0] (in)
                                                         received[0] (net)
                      0.014797    0.000000   20.007473 ^ BMU/received[0] (Branch_Metrics)
     1    0.004500    0.052470    1.252154   21.259628 v BMU/bm_11_11[0] (Branch_Metrics)
                                                         bm_11_11[0] (net)
                      0.052470    0.000000   21.259628 v PMU_Top/bm_11_11[0] (Path_Metric_Unit)
                                             21.259628   data arrival time

                      0.150000  100.000000  100.000000   clock clk (rise edge)
                                  0.000000  100.000000   clock network delay (ideal)
                                 -0.250000   99.750000   clock uncertainty
                                  0.000000   99.750000   clock reconvergence pessimism
                                             99.750000 ^ PMU_Top/clk (Path_Metric_Unit)
                                 -3.145920   96.604080   library setup time
                                             96.604080   data required time
---------------------------------------------------------------------------------------------
                                             96.604080   data required time
                                            -21.259628   data arrival time
---------------------------------------------------------------------------------------------
                                             75.344444   slack (MET)


Startpoint: received[0] (input port clocked by clk)
Endpoint: PMU_Top (rising edge-triggered flip-flop clocked by clk)
Path Group: clk
Path Type: max

Fanout         Cap        Slew       Delay        Time   Description
---------------------------------------------------------------------------------------------
                      0.150000    0.000000    0.000000   clock clk (rise edge)
                                  0.000000    0.000000   clock network delay (ideal)
                                 20.000000   20.000000 ^ input external delay
     1    0.002900    0.014797    0.007473   20.007473 ^ received[0] (in)
                                                         received[0] (net)
                      0.014797    0.000000   20.007473 ^ BMU/received[0] (Branch_Metrics)
     1    0.003200    0.046516    1.276469   21.283943 v BMU/bm_01_00[0] (Branch_Metrics)
                                                         bm_01_00[0] (net)
                      0.046516    0.000000   21.283943 v PMU_Top/bm_01_00[0] (Path_Metric_Unit)
                                             21.283943   data arrival time

                      0.150000  100.000000  100.000000   clock clk (rise edge)
                                  0.000000  100.000000   clock network delay (ideal)
                                 -0.250000   99.750000   clock uncertainty
                                  0.000000   99.750000   clock reconvergence pessimism
                                             99.750000 ^ PMU_Top/clk (Path_Metric_Unit)
                                 -3.075470   96.674530   library setup time
                                             96.674530   data required time
---------------------------------------------------------------------------------------------
                                             96.674530   data required time
                                            -21.283943   data arrival time
---------------------------------------------------------------------------------------------
                                             75.390587   slack (MET)


Startpoint: CTRL (rising edge-triggered flip-flop clocked by clk)
Endpoint: frame_done (output port clocked by clk)
Path Group: clk
Path Type: max

Fanout         Cap        Slew       Delay        Time   Description
---------------------------------------------------------------------------------------------
                      0.150000    0.000000    0.000000   clock clk (rise edge)
                                  0.000000    0.000000   clock network delay (ideal)
                      0.150000    0.000000    0.000000 ^ CTRL/clk (Controller)
     1    0.033942    0.274055    2.525028    2.525028 ^ CTRL/frame_done (Controller)
                                                         frame_done (net)
                      0.274055    0.000000    2.525028 ^ frame_done (out)
                                              2.525028   data arrival time

                      0.150000  100.000000  100.000000   clock clk (rise edge)
                                  0.000000  100.000000   clock network delay (ideal)
                                 -0.250000   99.750000   clock uncertainty
                                  0.000000   99.750000   clock reconvergence pessimism
                                -20.000000   79.750000   output external delay
                                             79.750000   data required time
---------------------------------------------------------------------------------------------
                                             79.750000   data required time
                                             -2.525028   data arrival time
---------------------------------------------------------------------------------------------
                                             77.224968   slack (MET)


Startpoint: SMU_Top (rising edge-triggered flip-flop clocked by clk)
Endpoint: decoded_out[6] (output port clocked by clk)
Path Group: clk
Path Type: max

Fanout         Cap        Slew       Delay        Time   Description
---------------------------------------------------------------------------------------------
                      0.150000    0.000000    0.000000   clock clk (rise edge)
                                  0.000000    0.000000   clock network delay (ideal)
                      0.150000    0.000000    0.000000 ^ SMU_Top/clk (Survivor_Memory_Unit)
     1    0.034242    0.168361    1.836556    1.836556 v SMU_Top/decoded_out[6] (Survivor_Memory_Unit)
                                                         decoded_out[6] (net)
                      0.168361    0.000000    1.836556 v decoded_out[6] (out)
                                              1.836556   data arrival time

                      0.150000  100.000000  100.000000   clock clk (rise edge)
                                  0.000000  100.000000   clock network delay (ideal)
                                 -0.250000   99.750000   clock uncertainty
                                  0.000000   99.750000   clock reconvergence pessimism
                                -20.000000   79.750000   output external delay
                                             79.750000   data required time
---------------------------------------------------------------------------------------------
                                             79.750000   data required time
                                             -1.836556   data arrival time
---------------------------------------------------------------------------------------------
                                             77.913445   slack (MET)


Startpoint: SMU_Top (rising edge-triggered flip-flop clocked by clk)
Endpoint: decoded_out[5] (output port clocked by clk)
Path Group: clk
Path Type: max

Fanout         Cap        Slew       Delay        Time   Description
---------------------------------------------------------------------------------------------
                      0.150000    0.000000    0.000000   clock clk (rise edge)
                                  0.000000    0.000000   clock network delay (ideal)
                      0.150000    0.000000    0.000000 ^ SMU_Top/clk (Survivor_Memory_Unit)
     1    0.034142    0.168007    1.829808    1.829808 v SMU_Top/decoded_out[5] (Survivor_Memory_Unit)
                                                         decoded_out[5] (net)
                      0.168007    0.000000    1.829808 v decoded_out[5] (out)
                                              1.829808   data arrival time

                      0.150000  100.000000  100.000000   clock clk (rise edge)
                                  0.000000  100.000000   clock network delay (ideal)
                                 -0.250000   99.750000   clock uncertainty
                                  0.000000   99.750000   clock reconvergence pessimism
                                -20.000000   79.750000   output external delay
                                             79.750000   data required time
---------------------------------------------------------------------------------------------
                                             79.750000   data required time
                                             -1.829808   data arrival time
---------------------------------------------------------------------------------------------
                                             77.920189   slack (MET)


Startpoint: SMU_Top (rising edge-triggered flip-flop clocked by clk)
Endpoint: decoded_out[2] (output port clocked by clk)
Path Group: clk
Path Type: max

Fanout         Cap        Slew       Delay        Time   Description
---------------------------------------------------------------------------------------------
                      0.150000    0.000000    0.000000   clock clk (rise edge)
                                  0.000000    0.000000   clock network delay (ideal)
                      0.150000    0.000000    0.000000 ^ SMU_Top/clk (Survivor_Memory_Unit)
     1    0.034042    0.167622    1.826859    1.826859 v SMU_Top/decoded_out[2] (Survivor_Memory_Unit)
                                                         decoded_out[2] (net)
                      0.167622    0.000000    1.826859 v decoded_out[2] (out)
                                              1.826859   data arrival time

                      0.150000  100.000000  100.000000   clock clk (rise edge)
                                  0.000000  100.000000   clock network delay (ideal)
                                 -0.250000   99.750000   clock uncertainty
                                  0.000000   99.750000   clock reconvergence pessimism
                                -20.000000   79.750000   output external delay
                                             79.750000   data required time
---------------------------------------------------------------------------------------------
                                             79.750000   data required time
                                             -1.826859   data arrival time
---------------------------------------------------------------------------------------------
                                             77.923141   slack (MET)


Startpoint: SMU_Top (rising edge-triggered flip-flop clocked by clk)
Endpoint: decoded_out[7] (output port clocked by clk)
Path Group: clk
Path Type: max

Fanout         Cap        Slew       Delay        Time   Description
---------------------------------------------------------------------------------------------
                      0.150000    0.000000    0.000000   clock clk (rise edge)
                                  0.000000    0.000000   clock network delay (ideal)
                      0.150000    0.000000    0.000000 ^ SMU_Top/clk (Survivor_Memory_Unit)
     1    0.034542    0.169569    1.824071    1.824071 v SMU_Top/decoded_out[7] (Survivor_Memory_Unit)
                                                         decoded_out[7] (net)
                      0.169569    0.000000    1.824071 v decoded_out[7] (out)
                                              1.824071   data arrival time

                      0.150000  100.000000  100.000000   clock clk (rise edge)
                                  0.000000  100.000000   clock network delay (ideal)
                                 -0.250000   99.750000   clock uncertainty
                                  0.000000   99.750000   clock reconvergence pessimism
                                -20.000000   79.750000   output external delay
                                             79.750000   data required time
---------------------------------------------------------------------------------------------
                                             79.750000   data required time
                                             -1.824071   data arrival time
---------------------------------------------------------------------------------------------
                                             77.925926   slack (MET)


Startpoint: SMU_Top (rising edge-triggered flip-flop clocked by clk)
Endpoint: decoded_out[4] (output port clocked by clk)
Path Group: clk
Path Type: max

Fanout         Cap        Slew       Delay        Time   Description
---------------------------------------------------------------------------------------------
                      0.150000    0.000000    0.000000   clock clk (rise edge)
                                  0.000000    0.000000   clock network delay (ideal)
                      0.150000    0.000000    0.000000 ^ SMU_Top/clk (Survivor_Memory_Unit)
     1    0.034142    0.168040    1.821687    1.821687 v SMU_Top/decoded_out[4] (Survivor_Memory_Unit)
                                                         decoded_out[4] (net)
                      0.168040    0.000000    1.821687 v decoded_out[4] (out)
                                              1.821687   data arrival time

                      0.150000  100.000000  100.000000   clock clk (rise edge)
                                  0.000000  100.000000   clock network delay (ideal)
                                 -0.250000   99.750000   clock uncertainty
                                  0.000000   99.750000   clock reconvergence pessimism
                                -20.000000   79.750000   output external delay
                                             79.750000   data required time
---------------------------------------------------------------------------------------------
                                             79.750000   data required time
                                             -1.821687   data arrival time
---------------------------------------------------------------------------------------------
                                             77.928307   slack (MET)


Startpoint: SMU_Top (rising edge-triggered flip-flop clocked by clk)
Endpoint: decoded_out[3] (output port clocked by clk)
Path Group: clk
Path Type: max

Fanout         Cap        Slew       Delay        Time   Description
---------------------------------------------------------------------------------------------
                      0.150000    0.000000    0.000000   clock clk (rise edge)
                                  0.000000    0.000000   clock network delay (ideal)
                      0.150000    0.000000    0.000000 ^ SMU_Top/clk (Survivor_Memory_Unit)
     1    0.033942    0.167284    1.812714    1.812714 v SMU_Top/decoded_out[3] (Survivor_Memory_Unit)
                                                         decoded_out[3] (net)
                      0.167284    0.000000    1.812714 v decoded_out[3] (out)
                                              1.812714   data arrival time

                      0.150000  100.000000  100.000000   clock clk (rise edge)
                                  0.000000  100.000000   clock network delay (ideal)
                                 -0.250000   99.750000   clock uncertainty
                                  0.000000   99.750000   clock reconvergence pessimism
                                -20.000000   79.750000   output external delay
                                             79.750000   data required time
---------------------------------------------------------------------------------------------
                                             79.750000   data required time
                                             -1.812714   data arrival time
---------------------------------------------------------------------------------------------
                                             77.937279   slack (MET)


Startpoint: SMU_Top (rising edge-triggered flip-flop clocked by clk)
Endpoint: decoded_out[1] (output port clocked by clk)
Path Group: clk
Path Type: max

Fanout         Cap        Slew       Delay        Time   Description
---------------------------------------------------------------------------------------------
                      0.150000    0.000000    0.000000   clock clk (rise edge)
                                  0.000000    0.000000   clock network delay (ideal)
                      0.150000    0.000000    0.000000 ^ SMU_Top/clk (Survivor_Memory_Unit)
     1    0.034142    0.168064    1.810394    1.810394 v SMU_Top/decoded_out[1] (Survivor_Memory_Unit)
                                                         decoded_out[1] (net)
                      0.168064    0.000000    1.810394 v decoded_out[1] (out)
                                              1.810394   data arrival time

                      0.150000  100.000000  100.000000   clock clk (rise edge)
                                  0.000000  100.000000   clock network delay (ideal)
                                 -0.250000   99.750000   clock uncertainty
                                  0.000000   99.750000   clock reconvergence pessimism
                                -20.000000   79.750000   output external delay
                                             79.750000   data required time
---------------------------------------------------------------------------------------------
                                             79.750000   data required time
                                             -1.810394   data arrival time
---------------------------------------------------------------------------------------------
                                             77.939606   slack (MET)


Startpoint: SMU_Top (rising edge-triggered flip-flop clocked by clk)
Endpoint: decoded_out[0] (output port clocked by clk)
Path Group: clk
Path Type: max

Fanout         Cap        Slew       Delay        Time   Description
---------------------------------------------------------------------------------------------
                      0.150000    0.000000    0.000000   clock clk (rise edge)
                                  0.000000    0.000000   clock network delay (ideal)
                      0.150000    0.000000    0.000000 ^ SMU_Top/clk (Survivor_Memory_Unit)
     1    0.034342    0.168834    1.809634    1.809634 v SMU_Top/decoded_out[0] (Survivor_Memory_Unit)
                                                         decoded_out[0] (net)
                      0.168834    0.000000    1.809634 v decoded_out[0] (out)
                                              1.809634   data arrival time

                      0.150000  100.000000  100.000000   clock clk (rise edge)
                                  0.000000  100.000000   clock network delay (ideal)
                                 -0.250000   99.750000   clock uncertainty
                                  0.000000   99.750000   clock reconvergence pessimism
                                -20.000000   79.750000   output external delay
                                             79.750000   data required time
---------------------------------------------------------------------------------------------
                                             79.750000   data required time
                                             -1.809634   data arrival time
---------------------------------------------------------------------------------------------
                                             77.940369   slack (MET)


Startpoint: start (input port clocked by clk)
Endpoint: PMU_Top (rising edge-triggered flip-flop clocked by clk)
Path Group: clk
Path Type: max

Fanout         Cap        Slew       Delay        Time   Description
---------------------------------------------------------------------------------------------
                      0.150000    0.000000    0.000000   clock clk (rise edge)
                                  0.000000    0.000000   clock network delay (ideal)
                                 20.000000   20.000000 v input external delay
     1    0.002700    0.004759    0.002162   20.002163 v start (in)
                                                         start (net)
                      0.004759    0.000000   20.002163 v CTRL/start (Controller)
     1    0.004200    0.059231    1.023631   21.025793 ^ CTRL/clr_me (Controller)
                                                         clr_me (net)
                      0.059231    0.000000   21.025793 ^ PMU_Top/clr_me (Path_Metric_Unit)
                                             21.025793   data arrival time

                      0.150000  100.000000  100.000000   clock clk (rise edge)
                                  0.000000  100.000000   clock network delay (ideal)
                                 -0.250000   99.750000   clock uncertainty
                                  0.000000   99.750000   clock reconvergence pessimism
                                             99.750000 ^ PMU_Top/clk (Path_Metric_Unit)
                                 -0.687930   99.062065   library setup time
                                             99.062065   data required time
---------------------------------------------------------------------------------------------
                                             99.062065   data required time
                                            -21.025793   data arrival time
---------------------------------------------------------------------------------------------
                                             78.036278   slack (MET)


Startpoint: start (input port clocked by clk)
Endpoint: CTRL (rising edge-triggered flip-flop clocked by clk)
Path Group: clk
Path Type: max

Fanout         Cap        Slew       Delay        Time   Description
---------------------------------------------------------------------------------------------
                      0.150000    0.000000    0.000000   clock clk (rise edge)
                                  0.000000    0.000000   clock network delay (ideal)
                                 20.000000   20.000000 ^ input external delay
     1    0.002700    0.014061    0.006949   20.006950 ^ start (in)
                                                         start (net)
                      0.014061    0.000000   20.006950 ^ CTRL/start (Controller)
                                             20.006950   data arrival time

                      0.150000  100.000000  100.000000   clock clk (rise edge)
                                  0.000000  100.000000   clock network delay (ideal)
                                 -0.250000   99.750000   clock uncertainty
                                  0.000000   99.750000   clock reconvergence pessimism
                                             99.750000 ^ CTRL/clk (Controller)
                                 -0.871480   98.878517   library setup time
                                             98.878517   data required time
---------------------------------------------------------------------------------------------
                                             98.878517   data required time
                                            -20.006950   data arrival time
---------------------------------------------------------------------------------------------
                                             78.871567   slack (MET)


Startpoint: rst_n (input port clocked by clk)
Endpoint: SMU_Top (rising edge-triggered flip-flop clocked by clk)
Path Group: clk
Path Type: max

Fanout         Cap        Slew       Delay        Time   Description
---------------------------------------------------------------------------------------------
                      0.150000    0.000000    0.000000   clock clk (rise edge)
                                  0.000000    0.000000   clock network delay (ideal)
                                 20.000000   20.000000 ^ input external delay
     3    0.009700    0.038439    0.024304   20.024305 ^ rst_n (in)
                                                         rst_n (net)
                      0.038439    0.000000   20.024305 ^ SMU_Top/rst_n (Survivor_Memory_Unit)
                                             20.024305   data arrival time

                      0.150000  100.000000  100.000000   clock clk (rise edge)
                                  0.000000  100.000000   clock network delay (ideal)
                                 -0.250000   99.750000   clock uncertainty
                                  0.000000   99.750000   clock reconvergence pessimism
                                             99.750000 ^ SMU_Top/clk (Survivor_Memory_Unit)
                                 -0.255250   99.494751   library setup time
                                             99.494751   data required time
---------------------------------------------------------------------------------------------
                                             99.494751   data required time
                                            -20.024305   data arrival time
---------------------------------------------------------------------------------------------
                                             79.470451   slack (MET)


Startpoint: rst_n (input port clocked by clk)
Endpoint: PMU_Top (rising edge-triggered flip-flop clocked by clk)
Path Group: clk
Path Type: max

Fanout         Cap        Slew       Delay        Time   Description
---------------------------------------------------------------------------------------------
                      0.150000    0.000000    0.000000   clock clk (rise edge)
                                  0.000000    0.000000   clock network delay (ideal)
                                 20.000000   20.000000 ^ input external delay
     3    0.009700    0.038439    0.024304   20.024305 ^ rst_n (in)
                                                         rst_n (net)
                      0.038439    0.000000   20.024305 ^ PMU_Top/rst_n (Path_Metric_Unit)
                                             20.024305   data arrival time

                      0.150000  100.000000  100.000000   clock clk (rise edge)
                                  0.000000  100.000000   clock network delay (ideal)
                                 -0.250000   99.750000   clock uncertainty
                                  0.000000   99.750000   clock reconvergence pessimism
                                             99.750000 ^ PMU_Top/clk (Path_Metric_Unit)
                                 -0.147130   99.602867   library setup time
                                             99.602867   data required time
---------------------------------------------------------------------------------------------
                                             99.602867   data required time
                                            -20.024305   data arrival time
---------------------------------------------------------------------------------------------
                                             79.578568   slack (MET)


Startpoint: rst_n (input port clocked by clk)
Endpoint: CTRL (rising edge-triggered flip-flop clocked by clk)
Path Group: clk
Path Type: max

Fanout         Cap        Slew       Delay        Time   Description
---------------------------------------------------------------------------------------------
                      0.150000    0.000000    0.000000   clock clk (rise edge)
                                  0.000000    0.000000   clock network delay (ideal)
                                 20.000000   20.000000 ^ input external delay
     3    0.009700    0.038439    0.024304   20.024305 ^ rst_n (in)
                                                         rst_n (net)
                      0.038439    0.000000   20.024305 ^ CTRL/rst_n (Controller)
                                             20.024305   data arrival time

                      0.150000  100.000000  100.000000   clock clk (rise edge)
                                  0.000000  100.000000   clock network delay (ideal)
                                 -0.250000   99.750000   clock uncertainty
                                  0.000000   99.750000   clock reconvergence pessimism
                                             99.750000 ^ CTRL/clk (Controller)
                                  0.540950  100.290947   library setup time
                                            100.290947   data required time
---------------------------------------------------------------------------------------------
                                            100.290947   data required time
                                            -20.024305   data arrival time
---------------------------------------------------------------------------------------------
                                             80.266647   slack (MET)


Startpoint: PMU_Top (rising edge-triggered flip-flop clocked by clk)
Endpoint: SMU_Top (rising edge-triggered flip-flop clocked by clk)
Path Group: clk
Path Type: max

Fanout         Cap        Slew       Delay        Time   Description
---------------------------------------------------------------------------------------------
                      0.150000    0.000000    0.000000   clock clk (rise edge)
                                  0.000000    0.000000   clock network delay (ideal)
                      0.150000    0.000000    0.000000 ^ PMU_Top/clk (Path_Metric_Unit)
     1    0.004200    0.051090    1.916264    1.916264 v PMU_Top/current_metric_11[3] (Path_Metric_Unit)
                                                         pm_11[3] (net)
                      0.051090    0.000000    1.916264 v MPM/prev_11[3] (Maximum_Path_Memory)
     1    0.003500    0.047859    4.772269    6.688533 v MPM/winner_state[0] (Maximum_Path_Memory)
                                                         winner_state[0] (net)
                      0.047859    0.000000    6.688533 v SMU_Top/winner_state[0] (Survivor_Memory_Unit)
                                              6.688533   data arrival time

                      0.150000  100.000000  100.000000   clock clk (rise edge)
                                  0.000000  100.000000   clock network delay (ideal)
                                 -0.250000   99.750000   clock uncertainty
                                  0.000000   99.750000   clock reconvergence pessimism
                                             99.750000 ^ SMU_Top/clk (Survivor_Memory_Unit)
                                 -1.741690   98.008308   library setup time
                                             98.008308   data required time
---------------------------------------------------------------------------------------------
                                             98.008308   data required time
                                             -6.688533   data arrival time
---------------------------------------------------------------------------------------------
                                             91.319778   slack (MET)


Startpoint: PMU_Top (rising edge-triggered flip-flop clocked by clk)
Endpoint: SMU_Top (rising edge-triggered flip-flop clocked by clk)
Path Group: clk
Path Type: max

Fanout         Cap        Slew       Delay        Time   Description
---------------------------------------------------------------------------------------------
                      0.150000    0.000000    0.000000   clock clk (rise edge)
                                  0.000000    0.000000   clock network delay (ideal)
                      0.150000    0.000000    0.000000 ^ PMU_Top/clk (Path_Metric_Unit)
     1    0.004200    0.051090    1.916264    1.916264 v PMU_Top/current_metric_11[3] (Path_Metric_Unit)
                                                         pm_11[3] (net)
                      0.051090    0.000000    1.916264 v MPM/prev_11[3] (Maximum_Path_Memory)
     1    0.003500    0.056491    4.049098    5.965361 ^ MPM/winner_state[1] (Maximum_Path_Memory)
                                                         winner_state[1] (net)
                      0.056491    0.000000    5.965361 ^ SMU_Top/winner_state[1] (Survivor_Memory_Unit)
                                              5.965361   data arrival time

                      0.150000  100.000000  100.000000   clock clk (rise edge)
                                  0.000000  100.000000   clock network delay (ideal)
                                 -0.250000   99.750000   clock uncertainty
                                  0.000000   99.750000   clock reconvergence pessimism
                                             99.750000 ^ SMU_Top/clk (Survivor_Memory_Unit)
                                 -1.847940   97.902061   library setup time
                                             97.902061   data required time
---------------------------------------------------------------------------------------------
                                             97.902061   data required time
                                             -5.965361   data arrival time
---------------------------------------------------------------------------------------------
                                             91.936699   slack (MET)



